 tbb

 Timestamp is 579d96bc (Sun Jul 31 09:12:12 2016)

 Preferred load address is 0000000180000000

 Start         Length     Name                   Class
 0001:00000000 0000009cH .text$di                CODE
 0001:000000a0 0000f66aH .text$mn                CODE
 0001:0000f710 00000a30H .text$x                 CODE
 0001:00010140 0000005cH .text$yd                CODE
 0002:00000000 00000338H .idata$5                DATA
 0002:00000338 00000008H .CRT$XCA                DATA
 0002:00000340 00000030H .CRT$XCU                DATA
 0002:00000370 00000008H .CRT$XCZ                DATA
 0002:00000378 00000008H .CRT$XIA                DATA
 0002:00000380 00000008H .CRT$XIAA               DATA
 0002:00000388 00000008H .CRT$XIC                DATA
 0002:00000390 00000008H .CRT$XIZ                DATA
 0002:000003a0 00001af0H .rdata                  DATA
 0002:00001e90 00000064H .rdata$debug            DATA
 0002:00001ef8 000014ccH .rdata$r                DATA
 0002:000033c8 00000008H .rtc$IAA                DATA
 0002:000033d0 00000008H .rtc$IZZ                DATA
 0002:000033d8 00000008H .rtc$TAA                DATA
 0002:000033e0 00000008H .rtc$TZZ                DATA
 0002:000033f0 00002168H .xdata                  DATA
 0002:00005558 0000033cH .xdata$x                DATA
 0002:000058a0 00002d3cH .edata                  DATA
 0002:000085dc 0000003cH .idata$2                DATA
 0002:00008618 00000014H .idata$3                DATA
 0002:00008630 00000338H .idata$4                DATA
 0002:00008968 0000083cH .idata$6                DATA
 0003:00000000 000008b4H .data                   DATA
 0003:000008c0 00000785H .data$r                 DATA
 0003:00001050 000016e8H .bss                    DATA
 0004:00000000 00001944H .pdata                  DATA
 0005:00000000 000000a0H .rsrc$01                DATA
 0005:000000a0 000006a0H .rsrc$02                DATA

  Address         Publics by Value              Rva+Base               Lib:Object

 0000:00000000       __guard_fids_count         0000000000000000     <absolute>
 0000:00000000       __guard_flags              0000000000000000     <absolute>
 0000:00000000       ___safe_se_handler_count   0000000000000000     <absolute>
 0000:00000000       __guard_fids_table         0000000000000000     <absolute>
 0000:00000000       ___safe_se_handler_table   0000000000000000     <absolute>
 0000:00000000       __ImageBase                0000000180000000     <linker-defined>
 0001:000000a0       ??1scoped_lock@spin_mutex@tbb@@QEAA@XZ 00000001800010a0 f i concurrent_queue_v2.obj
 0001:000000b0       ??1push_finalizer@micro_queue@internal@tbb@@QEAA@XZ 00000001800010b0 f i concurrent_queue_v2.obj
 0001:000000c0       ??1pop_finalizer@micro_queue@internal@tbb@@QEAA@XZ 00000001800010c0 f i concurrent_queue_v2.obj
 0001:00000180       ?push@micro_queue@internal@tbb@@QEAAXPEBX_KAEAVconcurrent_queue_base@23@@Z 0000000180001180 f   concurrent_queue_v2.obj
 0001:000002e0       ?pop@micro_queue@internal@tbb@@QEAA_NPEAX_KAEAVconcurrent_queue_base@23@@Z 00000001800012e0 f   concurrent_queue_v2.obj
 0001:000003f0       ??0concurrent_queue_base@internal@tbb@@IEAA@_K@Z 00000001800013f0 f   concurrent_queue_v2.obj
 0001:000004b0       ??_Gconcurrent_queue_base@internal@tbb@@MEAAPEAXI@Z 00000001800014b0 f i concurrent_queue_v2.obj
 0001:000004b0       ??_Econcurrent_queue_base@internal@tbb@@MEAAPEAXI@Z 00000001800014b0 f i * CIL library *:* CIL module *
 0001:000004e0       ??1concurrent_queue_base@internal@tbb@@MEAA@XZ 00000001800014e0 f   concurrent_queue_v2.obj
 0001:00000560       ?internal_push@concurrent_queue_base@internal@tbb@@IEAAXPEBX@Z 0000000180001560 f   concurrent_queue_v2.obj
 0001:00000620       ?internal_pop@concurrent_queue_base@internal@tbb@@IEAAXPEAX@Z 0000000180001620 f   concurrent_queue_v2.obj
 0001:00000680       ?internal_pop_if_present@concurrent_queue_base@internal@tbb@@IEAA_NPEAX@Z 0000000180001680 f   concurrent_queue_v2.obj
 0001:00000730       ?internal_push_if_not_full@concurrent_queue_base@internal@tbb@@IEAA_NPEBX@Z 0000000180001730 f   concurrent_queue_v2.obj
 0001:000007f0       ?internal_size@concurrent_queue_base@internal@tbb@@IEBA_JXZ 00000001800017f0 f   concurrent_queue_v2.obj
 0001:00000810       ?internal_set_capacity@concurrent_queue_base@internal@tbb@@IEAAX_J_K@Z 0000000180001810 f   concurrent_queue_v2.obj
 0001:00000810       ?internal_set_capacity@concurrent_queue_base_v3@internal@tbb@@IEAAX_J_K@Z 0000000180001810 f   concurrent_queue.obj
 0001:00000830       ??0concurrent_queue_iterator_base@internal@tbb@@IEAA@AEBVconcurrent_queue_base@12@@Z 0000000180001830 f   concurrent_queue_v2.obj
 0001:00000910       ?assign@concurrent_queue_iterator_base@internal@tbb@@IEAAXAEBV123@@Z 0000000180001910 f   concurrent_queue_v2.obj
 0001:000009c0       ?advance@concurrent_queue_iterator_base@internal@tbb@@IEAAXXZ 00000001800019c0 f   concurrent_queue_v2.obj
 0001:00000a60       ??1concurrent_queue_iterator_base@internal@tbb@@IEAA@XZ 0000000180001a60 f   concurrent_queue_v2.obj
 0001:00000a80       ?independent_thread_number_changed@private_server@rml@internal@tbb@@UEAAXH@Z 0000000180001a80 f i private_server.obj
 0001:00000a80       ??3@YAXPEAX0@Z             0000000180001a80 f i concurrent_vector_v2.obj
 0001:00000a80       ?note_affinity@task@tbb@@UEAAXG@Z 0000000180001a80 f i task.obj
 0001:00000a80       ?inject_token@pipeline@tbb@@AEAAXAEAVtask@2@@Z 0000000180001a80 f i pipeline.obj
 0001:00000a80       ?finalize@filter@tbb@@UEAAXPEAX@Z 0000000180001a80 f i pipeline.obj
 0001:00000a90       ??_Elogic_error@std@@UEAAPEAXI@Z 0000000180001a90 f i * CIL library *:* CIL module *
 0001:00000a90       ??_Glogic_error@std@@UEAAPEAXI@Z 0000000180001a90 f i concurrent_vector_v2.obj
 0001:00000a90       ??_Erange_error@std@@UEAAPEAXI@Z 0000000180001a90 f i * CIL library *:* CIL module *
 0001:00000a90       ??_Eruntime_error@std@@UEAAPEAXI@Z 0000000180001a90 f i * CIL library *:* CIL module *
 0001:00000a90       ??_Gout_of_range@std@@UEAAPEAXI@Z 0000000180001a90 f i concurrent_vector.obj
 0001:00000a90       ??_Grange_error@std@@UEAAPEAXI@Z 0000000180001a90 f i concurrent_vector.obj
 0001:00000a90       ??_Eout_of_range@std@@UEAAPEAXI@Z 0000000180001a90 f i * CIL library *:* CIL module *
 0001:00000a90       ??_Gruntime_error@std@@UEAAPEAXI@Z 0000000180001a90 f i concurrent_vector.obj
 0001:00000a90       ??_Glength_error@std@@UEAAPEAXI@Z 0000000180001a90 f i concurrent_vector_v2.obj
 0001:00000a90       ??_Elength_error@std@@UEAAPEAXI@Z 0000000180001a90 f i * CIL library *:* CIL module *
 0001:00000ad0       ??1length_error@std@@UEAA@XZ 0000000180001ad0 f i concurrent_vector_v2.obj
 0001:00000ad0       ??1runtime_error@std@@UEAA@XZ 0000000180001ad0 f i concurrent_vector.obj
 0001:00000ad0       ??1tbb_exception@tbb@@UEAA@XZ 0000000180001ad0 f i task.obj
 0001:00000ad0       ??1range_error@std@@UEAA@XZ 0000000180001ad0 f i concurrent_vector.obj
 0001:00000ad0       ??1out_of_range@std@@UEAA@XZ 0000000180001ad0 f i concurrent_vector.obj
 0001:00000ae0       ??_G_System_error_category@std@@UEAAPEAXI@Z 0000000180001ae0 f i concurrent_vector_v2.obj
 0001:00000ae0       ??_Gerror_category@std@@UEAAPEAXI@Z 0000000180001ae0 f i concurrent_vector_v2.obj
 0001:00000ae0       ??_E_System_error_category@std@@UEAAPEAXI@Z 0000000180001ae0 f i * CIL library *:* CIL module *
 0001:00000ae0       ??_E_Generic_error_category@std@@UEAAPEAXI@Z 0000000180001ae0 f i * CIL library *:* CIL module *
 0001:00000ae0       ??_Eerror_category@std@@UEAAPEAXI@Z 0000000180001ae0 f i * CIL library *:* CIL module *
 0001:00000ae0       ??_E_Iostream_error_category@std@@UEAAPEAXI@Z 0000000180001ae0 f i * CIL library *:* CIL module *
 0001:00000ae0       ??_G_Iostream_error_category@std@@UEAAPEAXI@Z 0000000180001ae0 f i concurrent_vector_v2.obj
 0001:00000ae0       ??_G_Generic_error_category@std@@UEAAPEAXI@Z 0000000180001ae0 f i concurrent_vector_v2.obj
 0001:00000b10       ?default_error_condition@error_category@std@@UEBA?AVerror_condition@2@H@Z 0000000180001b10 f i concurrent_vector_v2.obj
 0001:00000b20       ?equivalent@error_category@std@@UEBA_NHAEBVerror_condition@2@@Z 0000000180001b20 f i concurrent_vector_v2.obj
 0001:00000b60       ?equivalent@error_category@std@@UEBA_NAEBVerror_code@2@H@Z 0000000180001b60 f i concurrent_vector_v2.obj
 0001:00000b80       ?name@_Generic_error_category@std@@UEBAPEBDXZ 0000000180001b80 f i concurrent_vector_v2.obj
 0001:00000b90       ?message@_Generic_error_category@std@@UEBA?AV?$basic_string@DU?$char_traits@D@std@@V?$allocator@D@2@@2@H@Z 0000000180001b90 f i concurrent_vector_v2.obj
 0001:00000c00       ?name@_Iostream_error_category@std@@UEBAPEBDXZ 0000000180001c00 f i concurrent_vector_v2.obj
 0001:00000c10       ?message@_Iostream_error_category@std@@UEBA?AV?$basic_string@DU?$char_traits@D@std@@V?$allocator@D@2@@2@H@Z 0000000180001c10 f i concurrent_vector_v2.obj
 0001:00000c60       ?name@_System_error_category@std@@UEBAPEBDXZ 0000000180001c60 f i concurrent_vector_v2.obj
 0001:00000c70       ?message@_System_error_category@std@@UEBA?AV?$basic_string@DU?$char_traits@D@std@@V?$allocator@D@2@@2@H@Z 0000000180001c70 f i concurrent_vector_v2.obj
 0001:00000ce0       ?default_error_condition@_System_error_category@std@@UEBA?AVerror_condition@2@H@Z 0000000180001ce0 f i concurrent_vector_v2.obj
 0001:00000d20       ?internal_grow_to_at_least@concurrent_vector_base@internal@tbb@@IEAAX_K0P6AXPEAX0@Z@Z 0000000180001d20 f   concurrent_vector_v2.obj
 0001:00000d60       ?extend_segment@helper@concurrent_vector_base@internal@tbb@@CAXAEAV234@@Z 0000000180001d60 f   concurrent_vector_v2.obj
 0001:00000e20       ?internal_capacity@concurrent_vector_base@internal@tbb@@IEBA_KXZ 0000000180001e20 f   concurrent_vector_v2.obj
 0001:00000e80       ?internal_reserve@concurrent_vector_base@internal@tbb@@IEAAX_K00@Z 0000000180001e80 f   concurrent_vector_v2.obj
 0001:00000fd0       ??0length_error@std@@QEAA@AEBV01@@Z 0000000180001fd0 f i concurrent_vector_v2.obj
 0001:00001000       ??0logic_error@std@@QEAA@AEBV01@@Z 0000000180002000 f i concurrent_vector_v2.obj
 0001:00001030       ?internal_copy@concurrent_vector_base@internal@tbb@@IEAAXAEBV123@_KP6AXPEAXPEBX1@Z@Z 0000000180002030 f   concurrent_vector_v2.obj
 0001:00001150       ?internal_assign@concurrent_vector_base@internal@tbb@@IEAAXAEBV123@_KP6AXPEAX1@ZP6AX2PEBX1@Z5@Z 0000000180002150 f   concurrent_vector_v2.obj
 0001:00001310       ?internal_push_back@concurrent_vector_base@internal@tbb@@IEAAPEAX_KAEA_K@Z 0000000180002310 f   concurrent_vector_v2.obj
 0001:00001450       ?internal_grow_by@concurrent_vector_base@internal@tbb@@IEAA_K_K0P6AXPEAX0@Z@Z 0000000180002450 f   concurrent_vector_v2.obj
 0001:00001480       ?internal_grow@concurrent_vector_base@internal@tbb@@IEAAX_K00P6AXPEAX0@Z@Z 0000000180002480 f   concurrent_vector_v2.obj
 0001:000015e0       ?internal_clear@concurrent_vector_base@internal@tbb@@IEAAXP6AXPEAX_K@Z_N@Z 00000001800025e0 f   concurrent_vector_v2.obj
 0001:00001730       ??1?$basic_string@DU?$char_traits@D@std@@V?$allocator@D@2@@std@@QEAA@XZ 0000000180002730 f i concurrent_vector_v2.obj
 0001:00001770       ?assign@?$basic_string@DU?$char_traits@D@std@@V?$allocator@D@2@@std@@QEAAAEAV12@AEBV12@_K1@Z 0000000180002770 f i concurrent_vector_v2.obj
 0001:00001850       ?assign@?$basic_string@DU?$char_traits@D@std@@V?$allocator@D@2@@std@@QEAAAEAV12@PEBD_K@Z 0000000180002850 f i concurrent_vector_v2.obj
 0001:00001920       ?erase@?$basic_string@DU?$char_traits@D@std@@V?$allocator@D@2@@std@@QEAAAEAV12@_K0@Z 0000000180002920 f i concurrent_vector_v2.obj
 0001:000019d0       ?_Grow@?$basic_string@DU?$char_traits@D@std@@V?$allocator@D@2@@std@@QEAA_N_K_N@Z 00000001800029d0 f i concurrent_vector_v2.obj
 0001:00001a40       ?_Copy@?$basic_string@DU?$char_traits@D@std@@V?$allocator@D@2@@std@@QEAAX_K0@Z 0000000180002a40 f i concurrent_vector_v2.obj
 0001:00001b50       ??$spin_wait_while_eq@PEAXPEAX@internal@tbb@@YAXAEDSEAXPEAX@Z 0000000180002b50 f i concurrent_vector_v2.obj
 0001:00001b50       ??$spin_wait_while_eq@PEAVscoped_lock@queuing_rw_mutex@tbb@@PEAX@internal@tbb@@YAXAEDSEAVscoped_lock@queuing_rw_mutex@1@PEAX@Z 0000000180002b50 f i queuing_rw_mutex.obj
 0001:00001ba0       ?internal_itt_releasing@spin_rw_mutex@tbb@@CAXPEAV12@@Z 0000000180002ba0 f   spin_rw_mutex_v2.obj
 0001:00001bb0       ?internal_acquire_writer@spin_rw_mutex@tbb@@CA_NPEAV12@@Z 0000000180002bb0 f   spin_rw_mutex_v2.obj
 0001:00001bb0       ?internal_acquire_writer@spin_rw_mutex_v3@tbb@@AEAA_NXZ 0000000180002bb0 f   spin_rw_mutex.obj
 0001:00001c50       ?internal_release_writer@spin_rw_mutex@tbb@@CAXPEAV12@@Z 0000000180002c50 f   spin_rw_mutex_v2.obj
 0001:00001c90       ?internal_acquire_reader@spin_rw_mutex@tbb@@CAXPEAV12@@Z 0000000180002c90 f   spin_rw_mutex_v2.obj
 0001:00001d10       ?internal_upgrade@spin_rw_mutex@tbb@@CA_NPEAV12@@Z 0000000180002d10 f   spin_rw_mutex_v2.obj
 0001:00001de0       ?internal_downgrade@spin_rw_mutex@tbb@@CAXPEAV12@@Z 0000000180002de0 f   spin_rw_mutex_v2.obj
 0001:00001e20       ?internal_release_reader@spin_rw_mutex@tbb@@CAXPEAV12@@Z 0000000180002e20 f   spin_rw_mutex_v2.obj
 0001:00001e20       ?internal_release_reader@spin_rw_mutex_v3@tbb@@AEAAXXZ 0000000180002e20 f   spin_rw_mutex.obj
 0001:00001e50       ?internal_try_acquire_writer@spin_rw_mutex@tbb@@CA_NPEAV12@@Z 0000000180002e50 f   spin_rw_mutex_v2.obj
 0001:00001e50       ?internal_try_acquire_writer@spin_rw_mutex_v3@tbb@@AEAA_NXZ 0000000180002e50 f   spin_rw_mutex.obj
 0001:00001e90       ?internal_try_acquire_reader@spin_rw_mutex@tbb@@CA_NPEAV12@@Z 0000000180002e90 f   spin_rw_mutex_v2.obj
 0001:00001ed0       ?open@tbb_factory@rml@internal@tbb@@QEAA?AW4status_type@factory@2@XZ 0000000180002ed0 f   rml_tbb.obj
 0001:00002010       ??1bad_alloc@std@@UEAA@XZ  0000000180003010 f i cache_aligned_allocator.obj
 0001:00002010       ??1bad_last_alloc@tbb@@UEAA@XZ 0000000180003010 f i concurrent_queue.obj
 0001:00002030       ??_Gbad_alloc@std@@UEAAPEAXI@Z 0000000180003030 f i cache_aligned_allocator.obj
 0001:00002030       ??_Gbad_last_alloc@tbb@@UEAAPEAXI@Z 0000000180003030 f i concurrent_queue.obj
 0001:00002030       ??_Ebad_last_alloc@tbb@@UEAAPEAXI@Z 0000000180003030 f i * CIL library *:* CIL module *
 0001:00002030       ??_Ebad_alloc@std@@UEAAPEAXI@Z 0000000180003030 f i * CIL library *:* CIL module *
 0001:00002070       ?initialize_cache_aligned_allocator@internal@tbb@@YAXXZ 0000000180003070 f   cache_aligned_allocator.obj
 0001:000021b0       ?NFS_GetLineSize@internal@tbb@@YA_KXZ 00000001800031b0 f   cache_aligned_allocator.obj
 0001:000021c0       ?NFS_Allocate@internal@tbb@@YAPEAX_K0PEAX@Z 00000001800031c0 f   cache_aligned_allocator.obj
 0001:00002270       ??0bad_alloc@std@@QEAA@AEBV01@@Z 0000000180003270 f i cache_aligned_allocator.obj
 0001:000022a0       ?NFS_Free@internal@tbb@@YAXPEAX@Z 00000001800032a0 f   cache_aligned_allocator.obj
 0001:000022c0       ?allocate_closure_v3@internal@tbb@@YAPEAX_K@Z 00000001800032c0 f   tbb_thread.obj
 0001:000022c0       ?allocate_via_handler_v3@internal@tbb@@YAPEAX_K@Z 00000001800032c0 f   cache_aligned_allocator.obj
 0001:00002320       ?free_closure_v3@internal@tbb@@YAXPEAX@Z 0000000180003320 f   tbb_thread.obj
 0001:00002320       ?deallocate_via_handler_v3@internal@tbb@@YAXPEAX@Z 0000000180003320 f   cache_aligned_allocator.obj
 0001:00002330       ?is_malloc_used_v3@internal@tbb@@YA_NXZ 0000000180003330 f   cache_aligned_allocator.obj
 0001:00002370       ?internal_grow_predicate@hash_map_segment_base@internal@tbb@@QEBA_NXZ 0000000180003370 f   concurrent_hash_map.obj
 0001:000023a0       ?what@bad_last_alloc@tbb@@UEBAPEBDXZ 00000001800033a0 f i concurrent_queue.obj
 0001:000023b0       ??1micro_queue_pop_finalizer@internal@tbb@@QEAA@XZ 00000001800033b0 f i concurrent_queue.obj
 0001:00002470       ?push@micro_queue@internal@tbb@@QEAAXPEBX_KAEAVconcurrent_queue_base_v3@23@@Z 0000000180003470 f   concurrent_queue.obj
 0001:00002630       ??0bad_last_alloc@tbb@@QEAA@AEBV01@@Z 0000000180003630 f i concurrent_queue.obj
 0001:00002660       ?pop@micro_queue@internal@tbb@@QEAA_NPEAX_KAEAVconcurrent_queue_base_v3@23@@Z 0000000180003660 f   concurrent_queue.obj
 0001:000027d0       ?assign@micro_queue@internal@tbb@@QEAAAEAU123@AEBU123@AEAVconcurrent_queue_base_v3@23@@Z 00000001800037d0 f   concurrent_queue.obj
 0001:000029f0       ?make_invalid@micro_queue@internal@tbb@@QEAAX_K@Z 00000001800039f0 f   concurrent_queue.obj
 0001:00002ab0       ??0concurrent_queue_base_v3@internal@tbb@@IEAA@_K@Z 0000000180003ab0 f   concurrent_queue.obj
 0001:00002bc0       ??_Econcurrent_queue_base_v3@internal@tbb@@MEAAPEAXI@Z 0000000180003bc0 f i * CIL library *:* CIL module *
 0001:00002bc0       ??_Gconcurrent_queue_base_v3@internal@tbb@@MEAAPEAXI@Z 0000000180003bc0 f i concurrent_queue.obj
 0001:00002bf0       ??1concurrent_queue_base_v3@internal@tbb@@MEAA@XZ 0000000180003bf0 f   concurrent_queue.obj
 0001:00002c80       ?internal_push@concurrent_queue_base_v3@internal@tbb@@IEAAXPEBX@Z 0000000180003c80 f   concurrent_queue.obj
 0001:00002e60       ?internal_pop@concurrent_queue_base_v3@internal@tbb@@IEAAXPEAX@Z 0000000180003e60 f   concurrent_queue.obj
 0001:00003010       ?internal_pop_if_present@concurrent_queue_base_v3@internal@tbb@@IEAA_NPEAX@Z 0000000180004010 f   concurrent_queue.obj
 0001:00003100       ?internal_push_if_not_full@concurrent_queue_base_v3@internal@tbb@@IEAA_NPEBX@Z 0000000180004100 f   concurrent_queue.obj
 0001:000031d0       ?internal_size@concurrent_queue_base_v3@internal@tbb@@IEBA_JXZ 00000001800041d0 f   concurrent_queue.obj
 0001:00003200       ?internal_empty@concurrent_queue_base_v3@internal@tbb@@IEBA_NXZ 0000000180004200 f   concurrent_queue.obj
 0001:00003240       ?internal_finish_clear@concurrent_queue_base_v3@internal@tbb@@IEAAXXZ 0000000180004240 f   concurrent_queue.obj
 0001:000032b0       ?internal_throw_exception@concurrent_queue_base_v3@internal@tbb@@IEBAXXZ 00000001800042b0 f   concurrent_queue.obj
 0001:00003300       ?assign@concurrent_queue_base_v3@internal@tbb@@IEAAXAEBV123@@Z 0000000180004300 f   concurrent_queue.obj
 0001:000033b0       ??0concurrent_queue_iterator_base_v3@internal@tbb@@IEAA@AEBVconcurrent_queue_base_v3@12@@Z 00000001800043b0 f   concurrent_queue.obj
 0001:000034a0       ?assign@concurrent_queue_iterator_base_v3@internal@tbb@@IEAAXAEBV123@@Z 00000001800044a0 f   concurrent_queue.obj
 0001:00003550       ?advance@concurrent_queue_iterator_base_v3@internal@tbb@@IEAAXXZ 0000000180004550 f   concurrent_queue.obj
 0001:00003610       ??1concurrent_queue_iterator_base_v3@internal@tbb@@IEAA@XZ 0000000180004610 f   concurrent_queue.obj
 0001:00003660       ??0runtime_error@std@@QEAA@AEBV01@@Z 0000000180004660 f i concurrent_vector.obj
 0001:00003690       ?itt_store_pointer_with_release_v3@internal@tbb@@YAXPEAX0@Z 0000000180004690 f i itt_notify.obj
 0001:00003690       ?publish_segment@helper@concurrent_vector_base_v3@internal@tbb@@SAXAEAUsegment_t@234@PEAX@Z 0000000180004690 f i concurrent_vector.obj
 0001:000036d0       ?enable_segment@helper@concurrent_vector_base_v3@internal@tbb@@SA_KAEAV234@_K1@Z 00000001800046d0 f i concurrent_vector.obj
 0001:00003920       ?extend_segment_table@helper@concurrent_vector_base_v3@internal@tbb@@SAXAEAV234@_K@Z 0000000180004920 f i concurrent_vector.obj
 0001:00003ab0       ?acquire_segment@helper@concurrent_vector_base_v3@internal@tbb@@SAAEAUsegment_t@234@AEAV234@_K1_N@Z 0000000180004ab0 f i concurrent_vector.obj
 0001:00003b80       ?get_segment_ptr@helper@concurrent_vector_base_v3@internal@tbb@@QEAAPEAX_K_N@Z 0000000180004b80 f i concurrent_vector.obj
 0001:00003c00       ??1helper@concurrent_vector_base_v3@internal@tbb@@QEAA@XZ 0000000180004c00 f i concurrent_vector.obj
 0001:00003ea0       ??1concurrent_vector_base_v3@internal@tbb@@IEAA@XZ 0000000180004ea0 f   concurrent_vector.obj
 0001:00003ee0       ?internal_capacity@concurrent_vector_base_v3@internal@tbb@@IEBA_KXZ 0000000180004ee0 f   concurrent_vector.obj
 0001:00003f20       ?internal_throw_exception@concurrent_vector_base_v3@internal@tbb@@IEBAX_K@Z 0000000180004f20 f   concurrent_vector.obj
 0001:00004000       ??0out_of_range@std@@QEAA@AEBV01@@Z 0000000180005000 f i concurrent_vector.obj
 0001:00004030       ??0range_error@std@@QEAA@AEBV01@@Z 0000000180005030 f i concurrent_vector.obj
 0001:00004060       ?internal_reserve@concurrent_vector_base_v3@internal@tbb@@IEAAX_K00@Z 0000000180005060 f   concurrent_vector.obj
 0001:00004190       ?internal_copy@concurrent_vector_base_v3@internal@tbb@@IEAAXAEBV123@_KP6AXPEAXPEBX1@Z@Z 0000000180005190 f   concurrent_vector.obj
 0001:000042b0       ?internal_assign@concurrent_vector_base_v3@internal@tbb@@IEAAXAEBV123@_KP6AXPEAX1@ZP6AX2PEBX1@Z5@Z 00000001800052b0 f   concurrent_vector.obj
 0001:00004550       ?internal_push_back@concurrent_vector_base_v3@internal@tbb@@IEAAPEAX_KAEA_K@Z 0000000180005550 f   concurrent_vector.obj
 0001:00004600       ?internal_grow_to_at_least@concurrent_vector_base_v3@internal@tbb@@IEAAX_K0P6AXPEAXPEBX0@Z2@Z 0000000180005600 f   concurrent_vector.obj
 0001:00004610       ?internal_grow_to_at_least_with_result@concurrent_vector_base_v3@internal@tbb@@IEAA_K_K0P6AXPEAXPEBX0@Z2@Z 0000000180005610 f   concurrent_vector.obj
 0001:000047a0       ?internal_grow_by@concurrent_vector_base_v3@internal@tbb@@IEAA_K_K0P6AXPEAXPEBX0@Z2@Z 00000001800057a0 f   concurrent_vector.obj
 0001:000047e0       ?internal_grow@concurrent_vector_base_v3@internal@tbb@@IEAAX_K00P6AXPEAXPEBX0@Z2@Z 00000001800057e0 f   concurrent_vector.obj
 0001:00004a50       ?internal_resize@concurrent_vector_base_v3@internal@tbb@@IEAAX_K00PEBXP6AXPEAX0@ZP6AX210@Z@Z 0000000180005a50 f   concurrent_vector.obj
 0001:00004b90       ?internal_clear@concurrent_vector_base_v3@internal@tbb@@IEAA_KP6AXPEAX_K@Z@Z 0000000180005b90 f   concurrent_vector.obj
 0001:00004c40       ?internal_compact@concurrent_vector_base_v3@internal@tbb@@IEAAPEAX_KPEAXP6AX10@ZP6AX1PEBX0@Z@Z 0000000180005c40 f   concurrent_vector.obj
 0001:00004fc0       ?internal_swap@concurrent_vector_base_v3@internal@tbb@@IEAAXAEAV123@@Z 0000000180005fc0 f   concurrent_vector.obj
 0001:000050d0       ??$apply@Usafe_init_body@helper@concurrent_vector_base_v3@internal@tbb@@@helper@concurrent_vector_base_v3@internal@tbb@@QEAA_KAEBUsafe_init_body@0123@@Z 00000001800060d0 f i concurrent_vector.obj
 0001:00005260       ??$apply@Udestroy_body@helper@concurrent_vector_base_v3@internal@tbb@@@helper@concurrent_vector_base_v3@internal@tbb@@QEAA_KAEBUdestroy_body@0123@@Z 0000000180006260 f i concurrent_vector.obj
 0001:00005370       ?dynamic_link@internal@tbb@@YA_NPEAXQEBUdynamic_link_descriptor@12@_K2@Z 0000000180006370 f   dynamic_link.obj
 0001:00005480       ?itt_load_pointer_with_acquire_v3@internal@tbb@@YAPEAXPEBX@Z 0000000180006480 f   itt_notify.obj
 0001:000054a0       ?itt_load_pointer_v3@internal@tbb@@YAPEAXPEBX@Z 00000001800064a0 f   itt_notify.obj
 0001:000054b0       ?itt_set_sync_name_v3@internal@tbb@@YAXPEAXPEB_W@Z 00000001800064b0 f   itt_notify.obj
 0001:000065a0       ?internal_acquire@scoped_lock@mutex@tbb@@AEAAXAEAV23@@Z 00000001800075a0 f   mutex.obj
 0001:000065f0       ?internal_release@scoped_lock@mutex@tbb@@AEAAXXZ 00000001800075f0 f   mutex.obj
 0001:00006630       ?internal_try_acquire@scoped_lock@mutex@tbb@@AEAA_NAEAV23@@Z 0000000180007630 f   mutex.obj
 0001:00006670       ?internal_construct@mutex@tbb@@AEAAXXZ 0000000180007670 f   mutex.obj
 0001:000066c0       ?internal_destroy@mutex@tbb@@AEAAXXZ 00000001800076c0 f   mutex.obj
 0001:000066c0       ?internal_destroy@recursive_mutex@tbb@@AEAAXXZ 00000001800076c0 f   recursive_mutex.obj
 0001:00006700       ??1task@tbb@@UEAA@XZ       0000000180007700 f i pipeline.obj
 0001:00006710       ??_Gtask@tbb@@UEAAPEAXI@Z  0000000180007710 f i pipeline.obj
 0001:00006710       ??_Epipeline_root_task@internal@tbb@@UEAAPEAXI@Z 0000000180007710 f i * CIL library *:* CIL module *
 0001:00006710       ??_Etask@tbb@@UEAAPEAXI@Z  0000000180007710 f i * CIL library *:* CIL module *
 0001:00006710       ??_Gempty_task@tbb@@UEAAPEAXI@Z 0000000180007710 f i task.obj
 0001:00006710       ??_Gpipeline_root_task@internal@tbb@@UEAAPEAXI@Z 0000000180007710 f i pipeline.obj
 0001:00006710       ??_Eempty_task@tbb@@UEAAPEAXI@Z 0000000180007710 f i * CIL library *:* CIL module *
 0001:00006740       ??2@YAPEAX_KAEBVallocate_additional_child_of_proxy@internal@tbb@@@Z 0000000180007740 f i pipeline.obj
 0001:00006780       ??_Gfilter@tbb@@UEAAPEAXI@Z 0000000180007780 f i pipeline.obj
 0001:00006780       ??_Efilter@tbb@@UEAAPEAXI@Z 0000000180007780 f i * CIL library *:* CIL module *
 0001:000067b0       ?return_item@input_buffer@internal@tbb@@QEAA_NAEAUtask_info@23@_N@Z 00000001800077b0 f i pipeline.obj
 0001:000068a0       ?put_item@input_buffer@internal@tbb@@QEAAXAEAUtask_info@23@@Z 00000001800078a0 f i pipeline.obj
 0001:000069a0       ?grow@input_buffer@internal@tbb@@AEAAXK@Z 00000001800079a0 f   pipeline.obj
 0001:00006aa0       ?spawn_stage_task@stage_task@internal@tbb@@QEAAXAEBUtask_info@23@@Z 0000000180007aa0 f i pipeline.obj
 0001:00006be0       ??_Gstage_task@internal@tbb@@UEAAPEAXI@Z 0000000180007be0 f i pipeline.obj
 0001:00006be0       ??_Estage_task@internal@tbb@@UEAAPEAXI@Z 0000000180007be0 f i * CIL library *:* CIL module *
 0001:00006c60       ?execute@stage_task@internal@tbb@@UEAAPEAVtask@3@XZ 0000000180007c60 f   pipeline.obj
 0001:00006fd0       ?execute@pipeline_root_task@internal@tbb@@EEAAPEAVtask@3@XZ 0000000180007fd0 f i pipeline.obj
 0001:00007270       ??1pipeline_cleaner@internal@tbb@@QEAA@XZ 0000000180008270 f i pipeline.obj
 0001:000072b0       ?clear_filters@pipeline@tbb@@AEAAXXZ 00000001800082b0 f   pipeline.obj
 0001:00007360       ??0pipeline@tbb@@QEAA@XZ   0000000180008360 f   pipeline.obj
 0001:00007390       ??_Epipeline@tbb@@UEAAPEAXI@Z 0000000180008390 f i * CIL library *:* CIL module *
 0001:00007390       ??_Gpipeline@tbb@@UEAAPEAXI@Z 0000000180008390 f i pipeline.obj
 0001:000073d0       ??1pipeline@tbb@@UEAA@XZ   00000001800083d0 f   pipeline.obj
 0001:000073e0       ?clear@pipeline@tbb@@QEAAXXZ 00000001800083e0 f   pipeline.obj
 0001:000074b0       ?add_filter@pipeline@tbb@@QEAAXAEAVfilter@2@@Z 00000001800084b0 f   pipeline.obj
 0001:00007670       ?run@pipeline@tbb@@QEAAX_KAEAVtask_group_context@2@@Z 0000000180008670 f   pipeline.obj
 0001:00007760       ?run@pipeline@tbb@@QEAAX_K@Z 0000000180008760 f   pipeline.obj
 0001:00007840       ??1filter@tbb@@UEAA@XZ     0000000180008840 f   pipeline.obj
 0001:00007920       ?process_item@thread_bound_filter@tbb@@QEAA?AW4result_type@12@XZ 0000000180008920 f   pipeline.obj
 0001:00007930       ?try_process_item@thread_bound_filter@tbb@@QEAA?AW4result_type@12@XZ 0000000180008930 f   pipeline.obj
 0001:00007940       ?internal_process_item@thread_bound_filter@tbb@@AEAA?AW4result_type@12@_N@Z 0000000180008940 f   pipeline.obj
 0001:00007b50       ??$note_done@Vstage_task@internal@tbb@@@input_buffer@internal@tbb@@QEAAXKAEAVstage_task@12@@Z 0000000180008b50 f i pipeline.obj
 0001:00007c60       ??$put_token@Vstage_task@internal@tbb@@@input_buffer@internal@tbb@@QEAA_NAEAVstage_task@12@@Z 0000000180008c60 f i pipeline.obj
 0001:00007d90       ?version@private_server@rml@internal@tbb@@UEBAIXZ 0000000180008d90 f i private_server.obj
 0001:00007d90       ?version@UnpaddedArenaPrefix@internal@tbb@@EEBAIXZ 0000000180008d90 f i task.obj
 0001:00007d90       ?execute@empty_task@tbb@@EEAAPEAVtask@2@XZ 0000000180008d90 f i task.obj
 0001:00007da0       ?request_close_connection@private_server@rml@internal@tbb@@UEAAXXZ 0000000180008da0 f i private_server.obj
 0001:00007e90       ?yield@private_server@rml@internal@tbb@@UEAAXXZ 0000000180008e90 f i private_server.obj
 0001:00007e90       ?thread_yield_v3@internal@tbb@@YAXXZ 0000000180008e90 f i tbb_thread.obj
 0001:00007ea0       ?default_concurrency@private_server@rml@internal@tbb@@UEBAIXZ 0000000180008ea0 f i private_server.obj
 0001:00007ed0       ?thread_routine@private_worker@rml@internal@tbb@@CAIPEAX@Z 0000000180008ed0 f   private_server.obj
 0001:00007f40       ?run@private_worker@rml@internal@tbb@@AEAAXXZ 0000000180008f40 f   private_server.obj
 0001:000080c0       ??0private_server@rml@internal@tbb@@QEAA@AEAVtbb_client@123@@Z 00000001800090c0 f   private_server.obj
 0001:00008220       ??_Eprivate_server@rml@internal@tbb@@EEAAPEAXI@Z 0000000180009220 f i * CIL library *:* CIL module *
 0001:00008220       ??_Gprivate_server@rml@internal@tbb@@EEAAPEAXI@Z 0000000180009220 f i private_server.obj
 0001:00008250       ??1private_server@rml@internal@tbb@@EEAA@XZ 0000000180009250 f   private_server.obj
 0001:000082f0       ?try_insert_in_asleep_list@private_server@rml@internal@tbb@@AEAA_NAEAVprivate_worker@234@@Z 00000001800092f0 f i private_server.obj
 0001:000083a0       ?wake_some@private_server@rml@internal@tbb@@AEAAXH@Z 00000001800093a0 f   private_server.obj
 0001:000084d0       ?adjust_job_count_estimate@private_server@rml@internal@tbb@@UEAAXH@Z 00000001800094d0 f   private_server.obj
 0001:000084f0       ?acquire@scoped_lock@queuing_mutex@tbb@@QEAAXAEAV23@@Z 00000001800094f0 f   queuing_mutex.obj
 0001:00008590       ?try_acquire@scoped_lock@queuing_mutex@tbb@@QEAA_NAEAV23@@Z 0000000180009590 f   queuing_mutex.obj
 0001:000085e0       ?release@scoped_lock@queuing_mutex@tbb@@QEAAXXZ 00000001800095e0 f   queuing_mutex.obj
 0001:00008670       ?internal_construct@queuing_mutex@tbb@@QEAAXXZ 0000000180009670 f   queuing_mutex.obj
 0001:000086a0       ?acquire@scoped_lock@queuing_rw_mutex@tbb@@QEAAXAEAV23@_N@Z 00000001800096a0 f   queuing_rw_mutex.obj
 0001:00008840       ?try_acquire@scoped_lock@queuing_rw_mutex@tbb@@QEAA_NAEAV23@_N@Z 0000000180009840 f   queuing_rw_mutex.obj
 0001:000088a0       ?release@scoped_lock@queuing_rw_mutex@tbb@@QEAAXXZ 00000001800098a0 f   queuing_rw_mutex.obj
 0001:00008c10       ?downgrade_to_reader@scoped_lock@queuing_rw_mutex@tbb@@QEAA_NXZ 0000000180009c10 f   queuing_rw_mutex.obj
 0001:00008ce0       ?upgrade_to_writer@scoped_lock@queuing_rw_mutex@tbb@@QEAA_NXZ 0000000180009ce0 f   queuing_rw_mutex.obj
 0001:000090a0       ?internal_construct@queuing_rw_mutex@tbb@@QEAAXXZ 000000018000a0a0 f   queuing_rw_mutex.obj
 0001:000090d0       ??$spin_wait_until_eq@EH@internal@tbb@@YAXAEDEH@Z 000000018000a0d0 f i queuing_rw_mutex.obj
 0001:00009120       ??$spin_wait_while_eq@PEAVscoped_lock@queuing_rw_mutex@tbb@@PEAV123@@internal@tbb@@YAXAEDSEAVscoped_lock@queuing_rw_mutex@1@PEAV231@@Z 000000018000a120 f i queuing_rw_mutex.obj
 0001:00009170       ?internal_acquire@scoped_lock@recursive_mutex@tbb@@AEAAXAEAV23@@Z 000000018000a170 f   recursive_mutex.obj
 0001:000091b0       ?internal_release@scoped_lock@recursive_mutex@tbb@@AEAAXXZ 000000018000a1b0 f   recursive_mutex.obj
 0001:000091e0       ?internal_try_acquire@scoped_lock@recursive_mutex@tbb@@AEAA_NAEAV23@@Z 000000018000a1e0 f   recursive_mutex.obj
 0001:00009210       ?internal_construct@recursive_mutex@tbb@@AEAAXXZ 000000018000a210 f   recursive_mutex.obj
 0001:00009260       ?internal_acquire@scoped_lock@spin_mutex@tbb@@AEAAXAEAV23@@Z 000000018000a260 f   spin_mutex.obj
 0001:00009300       ?internal_release@scoped_lock@spin_mutex@tbb@@AEAAXXZ 000000018000a300 f   spin_mutex.obj
 0001:00009330       ?internal_try_acquire@scoped_lock@spin_mutex@tbb@@AEAA_NAEAV23@@Z 000000018000a330 f   spin_mutex.obj
 0001:00009390       ?internal_construct@spin_mutex@tbb@@QEAAXXZ 000000018000a390 f   spin_mutex.obj
 0001:000093c0       ?internal_release_writer@spin_rw_mutex_v3@tbb@@AEAAXXZ 000000018000a3c0 f   spin_rw_mutex.obj
 0001:000093f0       ?internal_acquire_reader@spin_rw_mutex_v3@tbb@@AEAAXXZ 000000018000a3f0 f   spin_rw_mutex.obj
 0001:00009470       ?internal_upgrade@spin_rw_mutex_v3@tbb@@AEAA_NXZ 000000018000a470 f   spin_rw_mutex.obj
 0001:00009550       ?internal_downgrade@spin_rw_mutex_v3@tbb@@AEAAXXZ 000000018000a550 f   spin_rw_mutex.obj
 0001:00009580       ?internal_try_acquire_reader@spin_rw_mutex_v3@tbb@@AEAA_NXZ 000000018000a580 f   spin_rw_mutex.obj
 0001:000095c0       ?internal_construct@spin_rw_mutex_v3@tbb@@AEAAXXZ 000000018000a5c0 f   spin_rw_mutex.obj
 0001:000095f0       ??1exception_ptr@std@@QEAA@XZ 000000018000a5f0 f i task.obj
 0001:00009600       ?_Current_exception@exception_ptr@std@@SA?AV12@XZ 000000018000a600 f i task.obj
 0001:00009640       ?_Copy_exception@exception_ptr@std@@SA?AV12@PEAXPEBX@Z 000000018000a640 f i task.obj
 0001:000096b0       ?current_exception@std@@YA?AVexception_ptr@1@XZ 000000018000a6b0 f i task.obj
 0001:000096d0       ??0captured_exception@tbb@@QEAA@AEBV01@@Z 000000018000a6d0 f i task.obj
 0001:00009730       ??1captured_exception@tbb@@UEAA@XZ 000000018000a730 f i task.obj
 0001:00009770       ?throw_self@captured_exception@tbb@@UEAAXXZ 000000018000a770 f i task.obj
 0001:000097e0       ??_Gcaptured_exception@tbb@@UEAAPEAXI@Z 000000018000a7e0 f i task.obj
 0001:000097e0       ??_Ecaptured_exception@tbb@@UEAAPEAXI@Z 000000018000a7e0 f i * CIL library *:* CIL module *
 0001:00009840       ??0tbb_exception@tbb@@QEAA@AEBV01@@Z 000000018000a840 f i task.obj
 0001:00009870       ??_Etbb_exception@tbb@@UEAAPEAXI@Z 000000018000a870 f i * CIL library *:* CIL module *
 0001:00009870       ??_Gtbb_exception@tbb@@UEAAPEAXI@Z 000000018000a870 f i task.obj
 0001:000098b0       ?throw_self@tbb_exception_ptr@internal@tbb@@QEAAXXZ 000000018000a8b0 f i task.obj
 0001:00009900       ??0tbb_exception_ptr@internal@tbb@@QEAA@AEBVcaptured_exception@2@@Z 000000018000a900 f i task.obj
 0001:00009990       ??1scoped_lock@mutex@tbb@@QEAA@XZ 000000018000a990 f i task.obj
 0001:000099c0       ?push@mail_outbox@internal@tbb@@QEAAXAEAUtask_proxy@23@@Z 000000018000a9c0 f i task.obj
 0001:00009a40       ?max_job_count@UnpaddedArenaPrefix@internal@tbb@@EEBAIXZ 000000018000aa40 f i task.obj
 0001:00009a50       ?min_stack_size@UnpaddedArenaPrefix@internal@tbb@@EEBA_KXZ 000000018000aa50 f i task.obj
 0001:00009a50       ?what@captured_exception@tbb@@UEBAPEBDXZ 000000018000aa50 f i task.obj
 0001:00009a60       ?policy@UnpaddedArenaPrefix@internal@tbb@@EEBA?AW4policy_type@client@rml@@XZ 000000018000aa60 f i task.obj
 0001:00009a70       ?free_arena@Arena@internal@tbb@@AEAAXXZ 000000018000aa70 f i task.obj
 0001:00009b50       ?remove_ref@__TBB_InitOnce@internal@tbb@@SAXXZ 000000018000ab50 f i task.obj
 0001:00009bb0       ?obtain_arena@Governor@internal@tbb@@CAPEAVArena@23@H_K@Z 000000018000abb0 f i task.obj
 0001:00009c70       ?finish_with_arena@Governor@internal@tbb@@SAXXZ 000000018000ac70 f i task.obj
 0001:00009d10       ?local_scheduler@Governor@internal@tbb@@SAPEAVGenericScheduler@23@XZ 000000018000ad10 f i task.obj
 0001:00009e00       ITT_DoOneTimeInitialization 000000018000ae00 f   task.obj
 0001:00009ec0       ?DoOneTimeInitializations@internal@tbb@@YAXXZ 000000018000aec0 f   task.obj
 0001:0000a170       DllMain                    000000018000b170 f   task.obj
 0001:0000a200       ??1scheduler@internal@tbb@@UEAA@XZ 000000018000b200 f   task.obj
 0001:0000a210       ?notify_entry_observers@GenericScheduler@internal@tbb@@AEAAXXZ 000000018000b210 f i task.obj
 0001:0000a250       ?spawn@GenericScheduler@internal@tbb@@UEAAXAEAVtask@3@AEAPEAV43@@Z 000000018000b250 f i task.obj
 0001:0000a280       ?spawn_root_and_wait@GenericScheduler@internal@tbb@@UEAAXAEAVtask@3@AEAPEAV43@@Z 000000018000b280 f i task.obj
 0001:0000a2b0       ??0auto_empty_task@internal@tbb@@QEAA@PEAVGenericScheduler@12@PEAVtask_group_context@2@@Z 000000018000b2b0 f i task.obj
 0001:0000a390       ??1auto_empty_task@internal@tbb@@QEAA@XZ 000000018000b390 f i task.obj
 0001:0000a3b0       ?sign_off@Governor@internal@tbb@@SAXPEAVGenericScheduler@23@@Z 000000018000b3b0 f i task.obj
 0001:0000a430       ?init_scheduler@Governor@internal@tbb@@SAPEAVGenericScheduler@23@H_K_N@Z 000000018000b430 f   task.obj
 0001:0000a4b0       ?auto_terminate@Governor@internal@tbb@@CAXPEAX@Z 000000018000b4b0 f   task.obj
 0001:0000a540       ?allocate_task@GenericScheduler@internal@tbb@@QEAAAEAVtask@3@_KPEAV43@PEAVtask_group_context@3@@Z 000000018000b540 f i task.obj
 0001:0000a630       ?free_nonlocal_small_task@GenericScheduler@internal@tbb@@QEAAXAEAVtask@3@@Z 000000018000b630 f   task.obj
 0001:0000a700       ?allocate_arena@Arena@internal@tbb@@CAPEAV123@II_K@Z 000000018000b700 f   task.obj
 0001:0000a930       ?check_if_pool_is_empty@Arena@internal@tbb@@AEAA_NXZ 000000018000b930 f   task.obj
 0001:0000a9d0       ??0GenericScheduler@internal@tbb@@IEAA@PEAVArena@12@@Z 000000018000b9d0 f   task.obj
 0001:0000ac00       ??_E?$CustomScheduler@UDefaultSchedulerTraits@internal@tbb@@@internal@tbb@@UEAAPEAXI@Z 000000018000bc00 f i * CIL library *:* CIL module *
 0001:0000ac00       ??_G?$CustomScheduler@UIntelSchedulerTraits@internal@tbb@@@internal@tbb@@UEAAPEAXI@Z 000000018000bc00 f i task.obj
 0001:0000ac00       ??_E?$CustomScheduler@UIntelSchedulerTraits@internal@tbb@@@internal@tbb@@UEAAPEAXI@Z 000000018000bc00 f i * CIL library *:* CIL module *
 0001:0000ac00       ??_EGenericScheduler@internal@tbb@@UEAAPEAXI@Z 000000018000bc00 f i * CIL library *:* CIL module *
 0001:0000ac00       ??_G?$CustomScheduler@UDefaultSchedulerTraits@internal@tbb@@@internal@tbb@@UEAAPEAXI@Z 000000018000bc00 f i task.obj
 0001:0000ac00       ??_GGenericScheduler@internal@tbb@@UEAAPEAXI@Z 000000018000bc00 f i task.obj
 0001:0000ac30       ?propagate_cancellation@GenericScheduler@internal@tbb@@QEAAXXZ 000000018000bc30 f   task.obj
 0001:0000ad00       ?propagate_cancellation@GenericScheduler@internal@tbb@@QEAAXPEAVtask_group_context@3@@Z 000000018000bd00 f   task.obj
 0001:0000ae30       ?grow@GenericScheduler@internal@tbb@@AEAAX_K@Z 000000018000be30 f   task.obj
 0001:0000af40       ?free_scheduler@GenericScheduler@internal@tbb@@QEAAXXZ 000000018000bf40 f   task.obj
 0001:0000b100       ?acquire_task_pool@GenericScheduler@internal@tbb@@AEBAXXZ 000000018000c100 f i task.obj
 0001:0000b1c0       ?release_task_pool@GenericScheduler@internal@tbb@@AEBAXXZ 000000018000c1c0 f i task.obj
 0001:0000b210       ?lock_task_pool@GenericScheduler@internal@tbb@@AEBAPEAPEAVtask@3@PEAUArenaSlot@23@@Z 000000018000c210 f i task.obj
 0001:0000b2d0       ?prepare_for_spawning@GenericScheduler@internal@tbb@@AEAAPEAVtask@3@PEAV43@@Z 000000018000c2d0 f i task.obj
 0001:0000b410       ?local_spawn@GenericScheduler@internal@tbb@@QEAAXAEAVtask@3@AEAPEAV43@@Z 000000018000c410 f   task.obj
 0001:0000b830       ?local_spawn_root_and_wait@GenericScheduler@internal@tbb@@QEAAXAEAVtask@3@AEAPEAV43@@Z 000000018000c830 f   task.obj
 0001:0000b900       ?get_mailbox_task@GenericScheduler@internal@tbb@@AEAAPEAVtask@3@XZ 000000018000c900 f i task.obj
 0001:0000ba50       ?strip_proxy@GenericScheduler@internal@tbb@@AEAAPEAVtask@3@PEAUtask_proxy@23@@Z 000000018000ca50 f i task.obj
 0001:0000baf0       ?get_task@GenericScheduler@internal@tbb@@AEAAPEAVtask@3@XZ 000000018000caf0 f i task.obj
 0001:0000bce0       ?steal_task@GenericScheduler@internal@tbb@@AEAAPEAVtask@3@AEAUArenaSlot@23@@Z 000000018000cce0 f   task.obj
 0001:0000bdd0       ?do_enter_arena@GenericScheduler@internal@tbb@@AEAAXXZ 000000018000cdd0 f i task.obj
 0001:0000be50       ?try_enter_arena@GenericScheduler@internal@tbb@@AEAAXXZ 000000018000ce50 f   task.obj
 0001:0000bf60       ?leave_arena@GenericScheduler@internal@tbb@@AEAAXXZ 000000018000cf60 f   task.obj
 0001:0000bfd0       ?create_worker@GenericScheduler@internal@tbb@@CAPEAV123@AEAVArena@23@_K@Z 000000018000cfd0 f   task.obj
 0001:0000c0a0       ?create_master@GenericScheduler@internal@tbb@@CAPEAV123@PEAVArena@23@@Z 000000018000d0a0 f   task.obj
 0001:0000c290       ?cleanup_master@GenericScheduler@internal@tbb@@AEAAXXZ 000000018000d290 f   task.obj
 0001:0000c2f0       ?process@UnpaddedArenaPrefix@internal@tbb@@EEAAXAEAVjob@rml@@@Z 000000018000d2f0 f   task.obj
 0001:0000c310       ?cleanup@UnpaddedArenaPrefix@internal@tbb@@EEAAXAEAVjob@rml@@@Z 000000018000d310 f   task.obj
 0001:0000c350       ?open_connection_to_rml@UnpaddedArenaPrefix@internal@tbb@@IEAAXXZ 000000018000d350 f   task.obj
 0001:0000c410       ?acknowledge_close_connection@UnpaddedArenaPrefix@internal@tbb@@EEAAXXZ 000000018000d410 f   task.obj
 0001:0000c420       ?create_one_job@UnpaddedArenaPrefix@internal@tbb@@EEAAPEAVjob@rml@@XZ 000000018000d420 f   task.obj
 0001:0000c4a0       ?allocate@allocate_root_proxy@internal@tbb@@SAAEAVtask@3@_K@Z 000000018000d4a0 f   task.obj
 0001:0000c4d0       ?free@allocate_root_proxy@internal@tbb@@SAXAEAVtask@3@@Z 000000018000d4d0 f   task.obj
 0001:0000c540       ?allocate@allocate_root_with_context_proxy@internal@tbb@@QEBAAEAVtask@3@_K@Z 000000018000d540 f   task.obj
 0001:0000c600       ?free@allocate_child_proxy@internal@tbb@@QEBAXAEAVtask@3@@Z 000000018000d600 f   task.obj
 0001:0000c600       ?free@allocate_root_with_context_proxy@internal@tbb@@QEBAXAEAVtask@3@@Z 000000018000d600 f   task.obj
 0001:0000c670       ?allocate@allocate_continuation_proxy@internal@tbb@@QEBAAEAVtask@3@_K@Z 000000018000d670 f   task.obj
 0001:0000c6b0       ?free@allocate_continuation_proxy@internal@tbb@@QEBAXAEAVtask@3@@Z 000000018000d6b0 f   task.obj
 0001:0000c720       ?allocate@allocate_child_proxy@internal@tbb@@QEBAAEAVtask@3@_K@Z 000000018000d720 f   task.obj
 0001:0000c760       ?allocate@allocate_additional_child_of_proxy@internal@tbb@@QEBAAEAVtask@3@_K@Z 000000018000d760 f   task.obj
 0001:0000c7b0       ?free@allocate_additional_child_of_proxy@internal@tbb@@QEBAXAEAVtask@3@@Z 000000018000d7b0 f   task.obj
 0001:0000c860       ?get_initial_auto_partitioner_divisor@internal@tbb@@YA_KXZ 000000018000d860 f   task.obj
 0001:0000c880       ?resize@affinity_partitioner_base_v3@internal@tbb@@AEAAXI@Z 000000018000d880 f   task.obj
 0001:0000c920       ?copy_string@tbb@@YAXAEAPEADPEBD@Z 000000018000d920 f i task.obj
 0001:0000c9d0       ?set@captured_exception@tbb@@QEAAXPEBD0@Z 000000018000d9d0 f   task.obj
 0001:0000ca00       ?clear@captured_exception@tbb@@QEAAXXZ 000000018000da00 f   task.obj
 0001:0000ca40       ?move@captured_exception@tbb@@UEAAPEAV12@XZ 000000018000da40 f   task.obj
 0001:0000cae0       ?destroy@captured_exception@tbb@@UEAAXXZ 000000018000dae0 f   task.obj
 0001:0000cb40       ?allocate@captured_exception@tbb@@SAPEAV12@PEBD0@Z 000000018000db40 f   task.obj
 0001:0000cc10       ?name@captured_exception@tbb@@UEBAPEBDXZ 000000018000dc10 f   task.obj
 0001:0000cc20       ?allocate@tbb_exception_ptr@internal@tbb@@SAPEAV123@AEBVtbb_exception@3@@Z 000000018000dc20 f   task.obj
 0001:0000cc20       ?allocate@tbb_exception_ptr@internal@tbb@@SAPEAV123@XZ 000000018000dc20 f   task.obj
 0001:0000cc60       ?allocate@tbb_exception_ptr@internal@tbb@@SAPEAV123@AEAVcaptured_exception@3@@Z 000000018000dc60 f   task.obj
 0001:0000cc90       ??1task_group_context@tbb@@QEAA@XZ 000000018000dc90 f   task.obj
 0001:0000cd70       ?init@task_group_context@tbb@@IEAAXXZ 000000018000dd70 f   task.obj
 0001:0000cdd0       ?cancel_group_execution@task_group_context@tbb@@QEAA_NXZ 000000018000ddd0 f   task.obj
 0001:0000ce10       ?is_group_execution_cancelled@task_group_context@tbb@@QEBA_NXZ 000000018000de10 f   task.obj
 0001:0000ce20       ?reset@task_group_context@tbb@@QEAAXXZ 000000018000de20 f   task.obj
 0001:0000ce80       ?propagate_cancellation_from_ancestors@task_group_context@tbb@@QEAAXXZ 000000018000de80 f   task.obj
 0001:0000cec0       ?register_pending_exception@task_group_context@tbb@@QEAAXXZ 000000018000dec0 f   task.obj
 0001:0000cef0       ?internal_set_ref_count@task@tbb@@AEAAXH@Z 000000018000def0 f   task.obj
 0001:0000cf30       ?internal_decrement_ref_count@task@tbb@@AEAA_JXZ 000000018000df30 f   task.obj
 0001:0000cf80       ?self@task@tbb@@SAAEAV12@XZ 000000018000df80 f   task.obj
 0001:0000cfa0       ?is_owned_by_current_thread@task@tbb@@QEBA_NXZ 000000018000dfa0 f   task.obj
 0001:0000cfb0       ?destroy@task@tbb@@QEAAXAEAV12@@Z 000000018000dfb0 f   task.obj
 0001:0000d080       ?spawn_and_wait_for_all@task@tbb@@QEAAXAEAVtask_list@2@@Z 000000018000e080 f   task.obj
 0001:0000d100       ?initialize@task_scheduler_init@tbb@@QEAAXH@Z 000000018000e100 f   task.obj
 0001:0000d170       ?initialize@task_scheduler_init@tbb@@QEAAXH_K@Z 000000018000e170 f   task.obj
 0001:0000d1a0       ?terminate@task_scheduler_init@tbb@@QEAAXXZ 000000018000e1a0 f   task.obj
 0001:0000d210       ?default_num_threads@task_scheduler_init@tbb@@SAHXZ 000000018000e210 f   task.obj
 0001:0000d210       ?hardware_concurrency@tbb_thread_v3@internal@tbb@@SAIXZ 000000018000e210 f   tbb_thread.obj
 0001:0000d240       ?remove_ref_slow@observer_proxy@internal@tbb@@AEAAXXZ 000000018000e240 f   task.obj
 0001:0000d2d0       ?process_list@observer_proxy@internal@tbb@@SAPEAV123@PEAV123@_N1@Z 000000018000e2d0 f   task.obj
 0001:0000d530       ?observe@task_scheduler_observer_v3@internal@tbb@@QEAAX_N@Z 000000018000e530 f   task.obj
 0001:0000d670       ?wait_for_all@?$CustomScheduler@UDefaultSchedulerTraits@internal@tbb@@@internal@tbb@@EEAAXAEAVtask@3@PEAV43@@Z 000000018000e670 f i task.obj
 0001:0000d6a0       ?allocate_scheduler@?$CustomScheduler@UDefaultSchedulerTraits@internal@tbb@@@internal@tbb@@SAPEAVGenericScheduler@23@PEAVArena@23@@Z 000000018000e6a0 f i task.obj
 0001:0000d730       ?wait_for_all@?$CustomScheduler@UIntelSchedulerTraits@internal@tbb@@@internal@tbb@@EEAAXAEAVtask@3@PEAV43@@Z 000000018000e730 f i task.obj
 0001:0000d760       ?allocate_scheduler@?$CustomScheduler@UIntelSchedulerTraits@internal@tbb@@@internal@tbb@@SAPEAVGenericScheduler@23@PEAVArena@23@@Z 000000018000e760 f i task.obj
 0001:0000d7f0       ??1?$fast_reverse_vector@PEAVtask@tbb@@$0BA@@internal@tbb@@QEAA@XZ 000000018000e7f0 f i task.obj
 0001:0000d860       ??$make_exception_ptr@Vcaptured_exception@tbb@@@std@@YA?AVexception_ptr@0@Vcaptured_exception@tbb@@@Z 000000018000e860 f i task.obj
 0001:0000d8d0       ?local_wait_for_all@?$CustomScheduler@UDefaultSchedulerTraits@internal@tbb@@@internal@tbb@@AEAAXAEAVtask@3@PEAV43@@Z 000000018000e8d0 f i task.obj
 0001:0000de30       ?local_wait_for_all@?$CustomScheduler@UIntelSchedulerTraits@internal@tbb@@@internal@tbb@@AEAAXAEAVtask@3@PEAV43@@Z 000000018000ee30 f i task.obj
 0001:0000e2c0       ??$AllocateExceptionContainer@Vexception_ptr@std@@@internal@tbb@@YAPEAVtbb_exception_ptr@01@AEBVexception_ptr@std@@@Z 000000018000f2c0 f i task.obj
 0001:0000e350       ??$AllocateExceptionContainer@Vcaptured_exception@tbb@@@internal@tbb@@YAPEAVtbb_exception_ptr@01@AEBVcaptured_exception@1@@Z 000000018000f350 f i task.obj
 0001:0000e3e0       ?tally_completion_of_one_predecessor@?$CustomScheduler@UDefaultSchedulerTraits@internal@tbb@@@internal@tbb@@CA_NAEAVtask@3@@Z 000000018000f3e0 f i task.obj
 0001:0000e430       ?set_assertion_handler@tbb@@YAP6AXPEBDH00@ZP6AX0H00@Z@Z 000000018000f430 f   tbb_misc.obj
 0001:0000e440       ?assertion_failure@tbb@@YAXPEBDH00@Z 000000018000f440 f   tbb_misc.obj
 0001:0000e4f0       ?runtime_warning@internal@tbb@@YAXPEBDZZ 000000018000f4f0 f   tbb_misc.obj
 0001:0000e590       ?handle_perror@internal@tbb@@YAXHPEBD@Z 000000018000f590 f   tbb_misc.obj
 0001:0000e640       ?throw_bad_last_alloc_exception_v4@internal@tbb@@YAXXZ 000000018000f640 f   tbb_misc.obj
 0001:0000e690       ?PrintRMLVersionInfo@internal@tbb@@YAXPEAXPEBD@Z 000000018000f690 f   tbb_misc.obj
 0001:0000e6e0       TBB_runtime_interface_version 000000018000f6e0 f   tbb_misc.obj
 0001:0000e6f0       ?handle_win_error@internal@tbb@@YAXH@Z 000000018000f6f0 f   tbb_thread.obj
 0001:0000e7d0       ?join@tbb_thread_v3@internal@tbb@@QEAAXXZ 000000018000f7d0 f   tbb_thread.obj
 0001:0000e830       ?detach@tbb_thread_v3@internal@tbb@@QEAAXXZ 000000018000f830 f   tbb_thread.obj
 0001:0000e870       ?internal_start@tbb_thread_v3@internal@tbb@@AEAAXP6AIPEAX@Z0@Z 000000018000f870 f   tbb_thread.obj
 0001:0000e8d0       ?thread_get_id_v3@internal@tbb@@YA?AVid@tbb_thread_v3@12@XZ 000000018000f8d0 f   tbb_thread.obj
 0001:0000e8f0       ?move_v3@internal@tbb@@YAXAEAVtbb_thread_v3@12@0@Z 000000018000f8f0 f   tbb_thread.obj
 0001:0000e950       ?thread_sleep_v3@internal@tbb@@YAXAEBVinterval_t@tick_count@2@@Z 000000018000f950 f   tbb_thread.obj
 0001:0000ea50       __TBB_machine_fetchadd1    000000018000fa50     atomic_support.obj
 0001:0000ea58       __TBB_machine_fetchstore1  000000018000fa58     atomic_support.obj
 0001:0000ea60       __TBB_machine_cmpswp1      000000018000fa60     atomic_support.obj
 0001:0000ea68       __TBB_machine_fetchadd2    000000018000fa68     atomic_support.obj
 0001:0000ea78       __TBB_machine_fetchstore2  000000018000fa78     atomic_support.obj
 0001:0000ea80       __TBB_machine_cmpswp2      000000018000fa80     atomic_support.obj
 0001:0000ea90       __TBB_machine_pause        000000018000fa90     atomic_support.obj
 0001:0000ea98       ??_U@YAPEAX_K@Z            000000018000fa98 f   msvcprt:newaop_s.obj
 0001:0000eab0       __security_check_cookie    000000018000fab0 f   MSVCRT:amdsecgs.obj
 0001:0000ead0       _purecall                  000000018000fad0 f   MSVCRT:MSVCR120.dll
 0001:0000ead6       ??3@YAXPEAX@Z              000000018000fad6 f   MSVCRT:MSVCR120.dll
 0001:0000eadc       ??_Etype_info@@UEAAPEAXI@Z 000000018000fadc f i MSVCRT:ti_inst.obj
 0001:0000eb46       ??2@YAPEAX_K@Z             000000018000fb46 f   MSVCRT:MSVCR120.dll
 0001:0000eb4c       ?what@exception@std@@UEBAPEBDXZ 000000018000fb4c f   MSVCRT:MSVCR120.dll
 0001:0000eb52       ??0exception@std@@QEAA@AEBV01@@Z 000000018000fb52 f   MSVCRT:MSVCR120.dll
 0001:0000eb58       __atonexitinit             000000018000fb58 f   MSVCRT:atonexit.obj
 0001:0000eba8       _onexit                    000000018000fba8 f   MSVCRT:atonexit.obj
 0001:0000ec58       atexit                     000000018000fc58 f   MSVCRT:atonexit.obj
 0001:0000ec70       __raise_securityfailure    000000018000fc70 f   MSVCRT:gs_report.obj
 0001:0000ecbc       __report_gsfailure         000000018000fcbc f   MSVCRT:gs_report.obj
 0001:0000ed90       __report_rangecheckfailure 000000018000fd90 f   MSVCRT:gs_report.obj
 0001:0000eda4       __report_securityfailure   000000018000fda4 f   MSVCRT:gs_report.obj
 0001:0000ee40       __clean_type_info_names    000000018000fe40 f   MSVCRT:tncleanup.obj
 0001:0000eeac       _CRT_INIT                  000000018000feac f   MSVCRT:crtdll.obj
 0001:0000f0f8       _DllMainCRTStartup         00000001800100f8 f   MSVCRT:crtdll.obj
 0001:0000f270       ??_M@YAXPEAX_KHP6AX0@Z@Z   0000000180010270 f   MSVCRT:ehvecdtr.obj
 0001:0000f2d0       ?__ArrayUnwind@@YAXPEAX_KHP6AX0@Z@Z 00000001800102d0 f   MSVCRT:ehvecdtr.obj
 0001:0000f31a       _lock                      000000018001031a f   MSVCRT:MSVCR120.dll
 0001:0000f320       _unlock                    0000000180010320 f   MSVCRT:MSVCR120.dll
 0001:0000f326       __dllonexit                0000000180010326 f   MSVCRT:MSVCR120.dll
 0001:0000f32c       __C_specific_handler       000000018001032c f   MSVCRT:MSVCR120.dll
 0001:0000f332       __crt_debugger_hook        0000000180010332 f   MSVCRT:MSVCR120.dll
 0001:0000f338       __crtUnhandledException    0000000180010338 f   MSVCRT:MSVCR120.dll
 0001:0000f33e       __crtTerminateProcess      000000018001033e f   MSVCRT:MSVCR120.dll
 0001:0000f344       __crtCaptureCurrentContext 0000000180010344 f   MSVCRT:MSVCR120.dll
 0001:0000f34a       __crtCapturePreviousContext 000000018001034a f   MSVCRT:MSVCR120.dll
 0001:0000f350       __clean_type_info_names_internal 0000000180010350 f   MSVCRT:MSVCR120.dll
 0001:0000f356       __CppXcptFilter            0000000180010356 f   MSVCRT:MSVCR120.dll
 0001:0000f35c       _amsg_exit                 000000018001035c f   MSVCRT:MSVCR120.dll
 0001:0000f370       _FindPESection             0000000180010370 f   MSVCRT:pesect.obj
 0001:0000f3c0       _IsNonwritableInCurrentImage 00000001800103c0 f   MSVCRT:pesect.obj
 0001:0000f410       _ValidateImageBase         0000000180010410 f   MSVCRT:pesect.obj
 0001:0000f440       __security_init_cookie     0000000180010440 f   MSVCRT:gs_support.obj
 0001:0000f4ec       _RTC_Initialize            00000001800104ec f   MSVCRT:initsect.obj
 0001:0000f524       _RTC_Terminate             0000000180010524 f   MSVCRT:initsect.obj
 0001:0000f55c       _initterm                  000000018001055c f   MSVCRT:MSVCR120.dll
 0001:0000f562       _initterm_e                0000000180010562 f   MSVCRT:MSVCR120.dll
 0001:0000f568       ?terminate@@YAXXZ          0000000180010568 f   MSVCRT:MSVCR120.dll
 0001:0000f56e       ?_type_info_dtor_internal_method@type_info@@QEAAXXZ 000000018001056e f   MSVCRT:MSVCR120.dll
 0001:0000f56e       ??1type_info@@UEAA@XZ      000000018001056e f   MSVCRT:MSVCR120.dll
 0001:0000f574       IsProcessorFeaturePresent  0000000180010574 f   kernel32:KERNEL32.dll
 0001:0000f57a       _CxxThrowException         000000018001057a f   MSVCRT:MSVCR120.dll
 0001:0000f580       __CxxFrameHandler3         0000000180010580 f   MSVCRT:MSVCR120.dll
 0001:0000f588       __GSHandlerCheck           0000000180010588 f   MSVCRT:gshandler.obj
 0001:0000f5a8       __GSHandlerCheckCommon     00000001800105a8 f   MSVCRT:gshandler.obj
 0001:0000f60c       __GSHandlerCheck_EH        000000018001060c f   MSVCRT:gshandlereh.obj
 0001:0000f6b0       __chkstk                   00000001800106b0 f   MSVCRT:chkstk.obj
 0001:0000f6b0       _alloca_probe              00000001800106b0 f   MSVCRT:chkstk.obj
 0001:0000f6fe       memcpy                     00000001800106fe f   MSVCRT:MSVCR120.dll
 0001:0000f704       memset                     0000000180010704 f   MSVCRT:MSVCR120.dll
 0002:00000000       __imp_SwitchToThread       0000000180012000     kernel32:KERNEL32.dll
 0002:00000008       __imp_WaitForSingleObject  0000000180012008     kernel32:KERNEL32.dll
 0002:00000010       __imp_SetEvent             0000000180012010     kernel32:KERNEL32.dll
 0002:00000018       __imp_InitializeCriticalSection 0000000180012018     kernel32:KERNEL32.dll
 0002:00000020       __imp_LeaveCriticalSection 0000000180012020     kernel32:KERNEL32.dll
 0002:00000028       __imp_EnterCriticalSection 0000000180012028     kernel32:KERNEL32.dll
 0002:00000030       __imp_ResetEvent           0000000180012030     kernel32:KERNEL32.dll
 0002:00000038       __imp_CreateEventW         0000000180012038     kernel32:KERNEL32.dll
 0002:00000040       __imp_DeleteCriticalSection 0000000180012040     kernel32:KERNEL32.dll
 0002:00000048       __imp_CloseHandle          0000000180012048     kernel32:KERNEL32.dll
 0002:00000050       __imp_SetErrorMode         0000000180012050     kernel32:KERNEL32.dll
 0002:00000058       __imp_FreeLibrary          0000000180012058     kernel32:KERNEL32.dll
 0002:00000060       __imp_GetProcAddress       0000000180012060     kernel32:KERNEL32.dll
 0002:00000068       __imp_LoadLibraryA         0000000180012068     kernel32:KERNEL32.dll
 0002:00000070       __imp_GetModuleHandleA     0000000180012070     kernel32:KERNEL32.dll
 0002:00000078       __imp_GetEnvironmentVariableA 0000000180012078     kernel32:KERNEL32.dll
 0002:00000080       __imp_TryEnterCriticalSection 0000000180012080     kernel32:KERNEL32.dll
 0002:00000088       __imp_CreateEventA         0000000180012088     kernel32:KERNEL32.dll
 0002:00000090       __imp_TlsGetValue          0000000180012090     kernel32:KERNEL32.dll
 0002:00000098       __imp_TlsSetValue          0000000180012098     kernel32:KERNEL32.dll
 0002:000000a0       __imp_GetSystemInfo        00000001800120a0     kernel32:KERNEL32.dll
 0002:000000a8       __imp_TlsAlloc             00000001800120a8     kernel32:KERNEL32.dll
 0002:000000b0       __imp_TlsFree              00000001800120b0     kernel32:KERNEL32.dll
 0002:000000b8       __imp_QueryPerformanceCounter 00000001800120b8     kernel32:KERNEL32.dll
 0002:000000c0       __imp_FormatMessageA       00000001800120c0     kernel32:KERNEL32.dll
 0002:000000c8       __imp_Sleep                00000001800120c8     kernel32:KERNEL32.dll
 0002:000000d0       __imp_GetLastError         00000001800120d0     kernel32:KERNEL32.dll
 0002:000000d8       __imp_QueryPerformanceFrequency 00000001800120d8     kernel32:KERNEL32.dll
 0002:000000e0       __imp_GetCurrentThreadId   00000001800120e0     kernel32:KERNEL32.dll
 0002:000000e8       __imp_LocalFree            00000001800120e8     kernel32:KERNEL32.dll
 0002:000000f0       __imp_GetCurrentProcessId  00000001800120f0     kernel32:KERNEL32.dll
 0002:000000f8       __imp_IsProcessorFeaturePresent 00000001800120f8     kernel32:KERNEL32.dll
 0002:00000100       __imp_IsDebuggerPresent    0000000180012100     kernel32:KERNEL32.dll
 0002:00000108       __imp_DecodePointer        0000000180012108     kernel32:KERNEL32.dll
 0002:00000110       __imp_EncodePointer        0000000180012110     kernel32:KERNEL32.dll
 0002:00000118       __imp_GetSystemTimeAsFileTime 0000000180012118     kernel32:KERNEL32.dll
 0002:00000120       \177KERNEL32_NULL_THUNK_DATA 0000000180012120     kernel32:KERNEL32.dll
 0002:00000128       __imp_?_Syserror_map@std@@YAPEBDH@Z 0000000180012128     msvcprt:MSVCP120.dll
 0002:00000130       __imp_?_Xbad_alloc@std@@YAXXZ 0000000180012130     msvcprt:MSVCP120.dll
 0002:00000138       __imp_?_Xout_of_range@std@@YAXPEBD@Z 0000000180012138     msvcprt:MSVCP120.dll
 0002:00000140       __imp_?_Xlength_error@std@@YAXPEBD@Z 0000000180012140     msvcprt:MSVCP120.dll
 0002:00000148       __imp_?_Winerror_map@std@@YAPEBDH@Z 0000000180012148     msvcprt:MSVCP120.dll
 0002:00000150       \177MSVCP120_NULL_THUNK_DATA 0000000180012150     msvcprt:MSVCP120.dll
 0002:00000158       __imp_??0exception@std@@QEAA@AEBV01@@Z 0000000180012158     MSVCRT:MSVCR120.dll
 0002:00000160       __imp_memmove              0000000180012160     MSVCRT:MSVCR120.dll
 0002:00000168       __imp__wassert             0000000180012168     MSVCRT:MSVCR120.dll
 0002:00000170       __imp_??0exception@std@@QEAA@AEBQEBDH@Z 0000000180012170     MSVCRT:MSVCR120.dll
 0002:00000178       __imp_free                 0000000180012178     MSVCRT:MSVCR120.dll
 0002:00000180       __imp_??0exception@std@@QEAA@AEBQEBD@Z 0000000180012180     MSVCRT:MSVCR120.dll
 0002:00000188       __imp___iob_func           0000000180012188     MSVCRT:MSVCR120.dll
 0002:00000190       __imp__beginthreadex       0000000180012190     MSVCRT:MSVCR120.dll
 0002:00000198       __imp_fprintf              0000000180012198     MSVCRT:MSVCR120.dll
 0002:000001a0       __imp_exit                 00000001800121a0     MSVCRT:MSVCR120.dll
 0002:000001a8       __imp_?__ExceptionPtrCurrentException@@YAXPEAX@Z 00000001800121a8     MSVCRT:MSVCR120.dll
 0002:000001b0       __imp_??0exception@std@@QEAA@XZ 00000001800121b0     MSVCRT:MSVCR120.dll
 0002:000001b8       __imp_?__ExceptionPtrCopy@@YAXPEAXPEBX@Z 00000001800121b8     MSVCRT:MSVCR120.dll
 0002:000001c0       __imp_?__ExceptionPtrCopyException@@YAXPEAXPEBX1@Z 00000001800121c0     MSVCRT:MSVCR120.dll
 0002:000001c8       __imp_?__ExceptionPtrDestroy@@YAXPEAX@Z 00000001800121c8     MSVCRT:MSVCR120.dll
 0002:000001d0       __imp_strncpy              00000001800121d0     MSVCRT:MSVCR120.dll
 0002:000001d8       __imp_??_V@YAXPEAX@Z       00000001800121d8     MSVCRT:MSVCR120.dll
 0002:000001e0       __imp___RTtypeid           00000001800121e0     MSVCRT:MSVCR120.dll
 0002:000001e8       __imp_?__ExceptionPtrCreate@@YAXPEAX@Z 00000001800121e8     MSVCRT:MSVCR120.dll
 0002:000001f0       __imp_?__ExceptionPtrRethrow@@YAXPEBX@Z 00000001800121f0     MSVCRT:MSVCR120.dll
 0002:000001f8       __imp_abort                00000001800121f8     MSVCRT:MSVCR120.dll
 0002:00000200       __imp_sprintf              0000000180012200     MSVCRT:MSVCR120.dll
 0002:00000208       __imp_strerror             0000000180012208     MSVCRT:MSVCR120.dll
 0002:00000210       __imp_??1exception@std@@UEAA@XZ 0000000180012210     MSVCRT:MSVCR120.dll
 0002:00000218       __imp_strchr               0000000180012218     MSVCRT:MSVCR120.dll
 0002:00000220       __imp_fflush               0000000180012220     MSVCRT:MSVCR120.dll
 0002:00000228       __imp_getenv               0000000180012228     MSVCRT:MSVCR120.dll
 0002:00000230       __imp__errno               0000000180012230     MSVCRT:MSVCR120.dll
 0002:00000238       __imp__lock                0000000180012238     MSVCRT:MSVCR120.dll
 0002:00000240       __imp__unlock              0000000180012240     MSVCRT:MSVCR120.dll
 0002:00000248       __imp__calloc_crt          0000000180012248     MSVCRT:MSVCR120.dll
 0002:00000250       __imp___dllonexit          0000000180012250     MSVCRT:MSVCR120.dll
 0002:00000258       __imp___C_specific_handler 0000000180012258     MSVCRT:MSVCR120.dll
 0002:00000260       __imp__onexit              0000000180012260     MSVCRT:MSVCR120.dll
 0002:00000268       __imp___crt_debugger_hook  0000000180012268     MSVCRT:MSVCR120.dll
 0002:00000270       __imp___crtUnhandledException 0000000180012270     MSVCRT:MSVCR120.dll
 0002:00000278       __imp___crtTerminateProcess 0000000180012278     MSVCRT:MSVCR120.dll
 0002:00000280       __imp___crtCaptureCurrentContext 0000000180012280     MSVCRT:MSVCR120.dll
 0002:00000288       __imp___crtCapturePreviousContext 0000000180012288     MSVCRT:MSVCR120.dll
 0002:00000290       __imp___clean_type_info_names_internal 0000000180012290     MSVCRT:MSVCR120.dll
 0002:00000298       __imp_?name@type_info@@QEBAPEBDPEAU__type_info_node@@@Z 0000000180012298     MSVCRT:MSVCR120.dll
 0002:00000298       __imp_?_name_internal_method@type_info@@QEBAPEBDPEAU__type_info_node@@@Z 0000000180012298     MSVCRT:MSVCR120.dll
 0002:000002a0       __imp_vsnprintf            00000001800122a0     MSVCRT:MSVCR120.dll
 0002:000002a0       __imp__vsnprintf           00000001800122a0     MSVCRT:MSVCR120.dll
 0002:000002a8       __imp___CppXcptFilter      00000001800122a8     MSVCRT:MSVCR120.dll
 0002:000002b0       __imp__amsg_exit           00000001800122b0     MSVCRT:MSVCR120.dll
 0002:000002b8       __imp__malloc_crt          00000001800122b8     MSVCRT:MSVCR120.dll
 0002:000002c0       __imp__initterm            00000001800122c0     MSVCRT:MSVCR120.dll
 0002:000002c8       __imp__initterm_e          00000001800122c8     MSVCRT:MSVCR120.dll
 0002:000002d0       __imp_?terminate@@YAXXZ    00000001800122d0     MSVCRT:MSVCR120.dll
 0002:000002d8       __imp_?_type_info_dtor_internal_method@type_info@@QEAAXXZ 00000001800122d8     MSVCRT:MSVCR120.dll
 0002:000002e0       __imp_?what@exception@std@@UEBAPEBDXZ 00000001800122e0     MSVCRT:MSVCR120.dll
 0002:000002e8       __imp_??2@YAPEAX_K@Z       00000001800122e8     MSVCRT:MSVCR120.dll
 0002:000002f0       __imp_??3@YAXPEAX@Z        00000001800122f0     MSVCRT:MSVCR120.dll
 0002:000002f8       __imp__purecall            00000001800122f8     MSVCRT:MSVCR120.dll
 0002:00000300       __imp_fputs                0000000180012300     MSVCRT:MSVCR120.dll
 0002:00000308       __imp_malloc               0000000180012308     MSVCRT:MSVCR120.dll
 0002:00000310       __imp__CxxThrowException   0000000180012310     MSVCRT:MSVCR120.dll
 0002:00000318       __imp___CxxFrameHandler3   0000000180012318     MSVCRT:MSVCR120.dll
 0002:00000320       __imp_memcpy               0000000180012320     MSVCRT:MSVCR120.dll
 0002:00000328       __imp_memset               0000000180012328     MSVCRT:MSVCR120.dll
 0002:00000330       \177MSVCR120_NULL_THUNK_DATA 0000000180012330     MSVCRT:MSVCR120.dll
 0002:00000338       __xc_a                     0000000180012338     MSVCRT:cinitexe.obj
 0002:00000370       __xc_z                     0000000180012370     MSVCRT:cinitexe.obj
 0002:00000378       __xi_a                     0000000180012378     MSVCRT:cinitexe.obj
 0002:00000390       __xi_z                     0000000180012390     MSVCRT:cinitexe.obj
 0002:000003e0       ??_7type_info@@6B@         00000001800123e0     MSVCRT:ti_inst.obj
 0002:000003f8       _pDefaultRawDllMain        00000001800123f8     MSVCRT:crtdll.obj
 0002:000003f8       _pRawDllMain               00000001800123f8     MSVCRT:crtdll.obj
 0002:00000408       ??_7concurrent_queue_base@internal@tbb@@6B@ 0000000180012408     concurrent_queue_v2.obj
 0002:00000420       ??_C@_07DCLBNMLN@generic?$AA@ 0000000180012420     concurrent_vector_v2.obj
 0002:00000428       ??_C@_0O@BFJCFAAK@unknown?5error?$AA@ 0000000180012428     concurrent_vector_v2.obj
 0002:00000438       ??_C@_08LLGCOLLL@iostream?$AA@ 0000000180012438     concurrent_vector_v2.obj
 0002:00000448       ??_C@_0BG@PADBLCHM@iostream?5stream?5error?$AA@ 0000000180012448     concurrent_vector_v2.obj
 0002:00000460       ??_C@_06FHFOAHML@system?$AA@ 0000000180012460     concurrent_vector_v2.obj
 0002:00000470       ??_C@_0EL@IIMPHBHP@argument?5to?5ConcurrentVector?3?3re@ 0000000180012470     concurrent_vector_v2.obj
 0002:000004c0       ??_C@_0BA@JFNIOLAK@string?5too?5long?$AA@ 00000001800124c0     concurrent_vector_v2.obj
 0002:000004d0       ??_C@_0BI@CFPLBAOH@invalid?5string?5position?$AA@ 00000001800124d0     concurrent_vector_v2.obj
 0002:000004f0       ??_7_Generic_error_category@std@@6B@ 00000001800124f0     concurrent_vector_v2.obj
 0002:00000528       ??_7length_error@std@@6B@  0000000180012528     concurrent_vector_v2.obj
 0002:00000540       ??_7logic_error@std@@6B@   0000000180012540     concurrent_vector_v2.obj
 0002:00000558       ??_7_System_error_category@std@@6B@ 0000000180012558     concurrent_vector_v2.obj
 0002:00000590       ??_7_Iostream_error_category@std@@6B@ 0000000180012590     concurrent_vector_v2.obj
 0002:000005c8       ??_7error_category@std@@6B@ 00000001800125c8     concurrent_vector_v2.obj
 0002:00000600       ??_C@_1IC@PCMFMAIG@?$AAc?$AA?3?$AA?2?$AAm?$AAa?$AAn?$AAg?$AAo?$AAs?$AAz?$AAe?$AAr?$AAo?$AA?2?$AAp?$AAo?$AAr?$AAt?$AAa?$AAl?$AAc?$AAl?$AAa?$AAs?$AAs?$AAi?$AAc?$AA?2?$AAd?$AAe?$AAp?$AA?2@ 0000000180012600     rml_tbb.obj
 0002:00000688       ??_C@_1CA@KJKLIMDC@?$AA?$CB?$AAl?$AAi?$AAb?$AAr?$AAa?$AAr?$AAy?$AA_?$AAh?$AAa?$AAn?$AAd?$AAl?$AAe?$AA?$AA@ 0000000180012688     rml_tbb.obj
 0002:000006a8       ??_C@_0BD@CAMIMILA@__RML_open_factory?$AA@ 00000001800126a8     rml_tbb.obj
 0002:000006c0       ??_C@_0BG@HALCIFOA@__TBB_make_rml_server?$AA@ 00000001800126c0     rml_tbb.obj
 0002:000006d8       ??_C@_0BE@HJHNNOAB@__RML_close_factory?$AA@ 00000001800126d8     rml_tbb.obj
 0002:000006f0       ??_C@_0BP@ODNGMCC@__TBB_call_with_my_server_info?$AA@ 00000001800126f0     rml_tbb.obj
 0002:00000710       ??_C@_08NACEEPJJ@irml?4dll?$AA@ 0000000180012710     rml_tbb.obj
 0002:00000720       ??_C@_1CO@IHOGEOPG@?$AAm?$AAy?$AA_?$AAm?$AAa?$AAk?$AAe?$AA_?$AAs?$AAe?$AAr?$AAv?$AAe?$AAr?$AA_?$AAr?$AAo?$AAu?$AAt?$AAi?$AAn?$AAe?$AA?$AA@ 0000000180012720     rml_tbb.obj
 0002:00000750       ??_C@_1EC@MNIBIBPN@?$AAm?$AAy?$AA_?$AAc?$AAa?$AAl?$AAl?$AA_?$AAw?$AAi?$AAt?$AAh?$AA_?$AAs?$AAe?$AAr?$AAv?$AAe?$AAr?$AA_?$AAi?$AAn?$AAf?$AAo?$AA_?$AAr?$AAo?$AAu?$AAt?$AAi?$AAn?$AAe@ 0000000180012750     rml_tbb.obj
 0002:00000798       ??_C@_0P@GHFPNOJB@bad?5allocation?$AA@ 0000000180012798     cache_aligned_allocator.obj
 0002:000007a8       ??_C@_0BA@NAPEMIJE@scalable_malloc?$AA@ 00000001800127a8     cache_aligned_allocator.obj
 0002:000007b8       ??_C@_0O@IMDKFEIF@scalable_free?$AA@ 00000001800127b8     cache_aligned_allocator.obj
 0002:000007c8       ??_C@_0O@FOJJPCPH@tbbmalloc?4dll?$AA@ 00000001800127c8     cache_aligned_allocator.obj
 0002:000007d8       ??_C@_06GLDDLHNF@malloc?$AA@ 00000001800127d8     cache_aligned_allocator.obj
 0002:000007e0       ??_C@_09MCKBLNND@ALLOCATOR?$AA@ 00000001800127e0     cache_aligned_allocator.obj
 0002:000007f8       ??_7bad_alloc@std@@6B@     00000001800127f8     cache_aligned_allocator.obj
 0002:00000840       ?SyncType_GlobalLock@tbb@@3PEB_WEB 0000000180012840     task.obj
 0002:00000848       ?SyncObj_TaskPoolSpinning@tbb@@3PEB_WEB 0000000180012848     task.obj
 0002:00000850       ?SyncObj_WorkerLifeCycleMgmt@tbb@@3PEB_WEB 0000000180012850     task.obj
 0002:00000858       ?SyncObj_ContextsList@tbb@@3PEB_WEB 0000000180012858     task.obj
 0002:00000860       ?SyncObj_SchedulerInitialization@tbb@@3PEB_WEB 0000000180012860     task.obj
 0002:00000868       ?SyncObj_WorkerTaskPool@tbb@@3PEB_WEB 0000000180012868     task.obj
 0002:00000970       ?SyncObj_Mailbox@tbb@@3PEB_WEB 0000000180012970     task.obj
 0002:00000978       ?SyncObj_SchedulersList@tbb@@3PEB_WEB 0000000180012978     task.obj
 0002:00000980       ?SyncObj_TaskStealingLoop@tbb@@3PEB_WEB 0000000180012980     task.obj
 0002:00000988       ?SyncObj_MasterTaskPool@tbb@@3PEB_WEB 0000000180012988     task.obj
 0002:00000990       ?SyncType_Scheduler@tbb@@3PEB_WEB 0000000180012990     task.obj
 0002:00000998       ?SyncObj_TaskReturnList@tbb@@3PEB_WEB 0000000180012998     task.obj
 0002:00000a40       ??_C@_0DB@EHGGIPPP@bad?5allocation?5in?5previous?5or?5co@ 0000000180012a40     concurrent_queue.obj
 0002:00000a80       ??_7concurrent_queue_base_v3@internal@tbb@@6B@ 0000000180012a80     concurrent_queue.obj
 0002:00000ab8       ??_7bad_last_alloc@tbb@@6B@ 0000000180012ab8     concurrent_queue.obj
 0002:00000ad0       ??_7runtime_error@std@@6B@ 0000000180012ad0     concurrent_vector.obj
 0002:00000ae8       ??_7out_of_range@std@@6B@  0000000180012ae8     concurrent_vector.obj
 0002:00000b00       ??_7range_error@std@@6B@   0000000180012b00     concurrent_vector.obj
 0002:00000b10       ??_C@_0CC@LGDCOMIO@Index?5out?5of?5requested?5size?5rang@ 0000000180012b10     concurrent_vector.obj
 0002:00000b38       ??_C@_0CF@FOAMFCKF@Index?5out?5of?5allocated?5segment?5s@ 0000000180012b38     concurrent_vector.obj
 0002:00000b60       ??_C@_0BH@JPEMMDHK@Index?5is?5not?5allocated?$AA@ 0000000180012b60     concurrent_vector.obj
 0002:00000b80       ??_C@_0EN@BNMJDMF@argument?5to?5concurrent_vector?3?3r@ 0000000180012b80     concurrent_vector.obj
 0002:00000bd0       ??_C@_0BB@GHDLJDEE@libittnotify?4dll?$AA@ 0000000180012bd0     itt_notify_proxy.obj
 0002:00000be8       ??_C@_0BF@DALCJNFN@INTEL_LIBITTNOTIFY64?$AA@ 0000000180012be8     itt_notify_proxy.obj
 0002:00000c00       ??_C@_07MMBOFDEG@control?$AA@ 0000000180012c00     itt_notify_proxy.obj
 0002:00000c08       ??_C@_06FJHNOCKE@thread?$AA@ 0000000180012c08     itt_notify_proxy.obj
 0002:00000c10       ??_C@_04KJJCFCK@mark?$AA@  0000000180012c10     itt_notify_proxy.obj
 0002:00000c18       ??_C@_04JNABKDKF@sync?$AA@ 0000000180012c18     itt_notify_proxy.obj
 0002:00000c20       ??_C@_05DEEMBJFM@fsync?$AA@ 0000000180012c20     itt_notify_proxy.obj
 0002:00000c28       ??_C@_03IGHFHLNJ@jit?$AA@  0000000180012c28     itt_notify_proxy.obj
 0002:00000c2c       ??_C@_03NFKEKGGK@all?$AA@  0000000180012c2c     itt_notify_proxy.obj
 0002:00000c30       ??_C@_0BB@MEEBFJKA@KMP_FOR_TPROFILE?$AA@ 0000000180012c30     itt_notify_proxy.obj
 0002:00000c48       ??_C@_0P@PHKFPIJA@KMP_FOR_TCHECK?$AA@ 0000000180012c48     itt_notify_proxy.obj
 0002:00000c58       ??_C@_0M@OBBFCECB@__itt_pause?$AA@ 0000000180012c58     itt_notify_proxy.obj
 0002:00000c68       ??_C@_0N@PMDEDCGD@__itt_resume?$AA@ 0000000180012c68     itt_notify_proxy.obj
 0002:00000c78       ??_C@_0M@CAFHBOLD@__itt_markA?$AA@ 0000000180012c78     itt_notify_proxy.obj
 0002:00000c88       ??_C@_0M@DMMPKLGE@__itt_markW?$AA@ 0000000180012c88     itt_notify_proxy.obj
 0002:00000c98       ??_C@_0BD@MBBPNJCH@__itt_mark_globalA?$AA@ 0000000180012c98     itt_notify_proxy.obj
 0002:00000cb0       ??_C@_0BD@NNIHGMPA@__itt_mark_globalW?$AA@ 0000000180012cb0     itt_notify_proxy.obj
 0002:00000cc8       ??_C@_0BH@NLDAAGM@__itt_thread_set_nameA?$AA@ 0000000180012cc8     itt_notify_proxy.obj
 0002:00000ce0       ??_C@_0BH@BBCLLFLL@__itt_thread_set_nameW?$AA@ 0000000180012ce0     itt_notify_proxy.obj
 0002:00000cf8       ??_C@_0BD@PFHNCEK@__itt_sync_createA?$AA@ 0000000180012cf8     itt_notify_proxy.obj
 0002:00000d10       ??_C@_0BD@BDMPGHJN@__itt_sync_createW?$AA@ 0000000180012d10     itt_notify_proxy.obj
 0002:00000d28       ??_C@_0BD@FKOJKJGJ@__itt_sync_renameA?$AA@ 0000000180012d28     itt_notify_proxy.obj
 0002:00000d40       ??_C@_0BD@EGHBBMLO@__itt_sync_renameW?$AA@ 0000000180012d40     itt_notify_proxy.obj
 0002:00000d58       ??_C@_0BD@OFAHOGJG@__itt_sync_destroy?$AA@ 0000000180012d58     itt_notify_proxy.obj
 0002:00000d70       ??_C@_0P@CFDOAOOE@__itt_mark_off?$AA@ 0000000180012d70     itt_notify_proxy.obj
 0002:00000d80       ??_C@_0BG@CDJIJGAC@__itt_mark_global_off?$AA@ 0000000180012d80     itt_notify_proxy.obj
 0002:00000d98       ??_C@_0BE@GBGGMKDN@__itt_thread_ignore?$AA@ 0000000180012d98     itt_notify_proxy.obj
 0002:00000db0       ??_C@_0BD@CPKFKJEO@__itt_sync_prepare?$AA@ 0000000180012db0     itt_notify_proxy.obj
 0002:00000dc8       ??_C@_0BC@MCENPEOO@__itt_sync_cancel?$AA@ 0000000180012dc8     itt_notify_proxy.obj
 0002:00000de0       ??_C@_0BE@GIFMGCLF@__itt_sync_acquired?$AA@ 0000000180012de0     itt_notify_proxy.obj
 0002:00000df8       ??_C@_0BF@DIEOIMOH@__itt_sync_releasing?$AA@ 0000000180012df8     itt_notify_proxy.obj
 0002:00000e10       ??_C@_0BE@LGGNMGLH@__itt_sync_released?$AA@ 0000000180012e10     itt_notify_proxy.obj
 0002:00000e28       ??_C@_0BC@FOINABEG@__itt_memory_read?$AA@ 0000000180012e28     itt_notify_proxy.obj
 0002:00000e40       ??_C@_0BD@NMPEKHPI@__itt_memory_write?$AA@ 0000000180012e40     itt_notify_proxy.obj
 0002:00000e58       ??_C@_0BE@PDNEALBC@__itt_memory_update?$AA@ 0000000180012e58     itt_notify_proxy.obj
 0002:00000e70       ??_C@_0BH@BMDJEFLP@__itt_jit_notify_event?$AA@ 0000000180012e70     itt_notify_proxy.obj
 0002:00000e88       ??_C@_0BD@PMJJPFNK@__itt_mark_createA?$AA@ 0000000180012e88     itt_notify_proxy.obj
 0002:00000ea0       ??_C@_0BD@OAABEAAN@__itt_mark_createW?$AA@ 0000000180012ea0     itt_notify_proxy.obj
 0002:00000eb8       ??_C@_0BK@EPNEOEMG@__itt_notify_sync_prepare?$AA@ 0000000180012eb8     itt_notify_proxy.obj
 0002:00000ed8       ??_C@_0BJ@DIOKJHB@__itt_notify_sync_cancel?$AA@ 0000000180012ed8     itt_notify_proxy.obj
 0002:00000ef8       ??_C@_0BL@ILFPBIOK@__itt_notify_sync_acquired?$AA@ 0000000180012ef8     itt_notify_proxy.obj
 0002:00000f18       ??_C@_0BM@MDHJMDPI@__itt_notify_sync_releasing?$AA@ 0000000180012f18     itt_notify_proxy.obj
 0002:00000f38       ??_C@_0BK@LHKMCGEO@__itt_notify_cpath_target?$AA@ 0000000180012f38     itt_notify_proxy.obj
 0002:00000f58       ??_C@_0BF@NPFOLKPO@__itt_sync_set_nameA?$AA@ 0000000180012f58     itt_notify_proxy.obj
 0002:00000f70       ??_C@_0BF@MDMGAPCJ@__itt_sync_set_nameW?$AA@ 0000000180012f70     itt_notify_proxy.obj
 0002:00000f88       ??_C@_0BE@PKPGFCJA@__itt_thr_name_setA?$AA@ 0000000180012f88     itt_notify_proxy.obj
 0002:00000fa0       ??_C@_0BE@OGGOOHEH@__itt_thr_name_setW?$AA@ 0000000180012fa0     itt_notify_proxy.obj
 0002:00000fb8       ??_C@_0BE@PFMCBGMI@__itt_event_createA?$AA@ 0000000180012fb8     itt_notify_proxy.obj
 0002:00000fd0       ??_C@_0BE@OJFKKDBP@__itt_event_createW?$AA@ 0000000180012fd0     itt_notify_proxy.obj
 0002:00000fe8       ??_C@_0BB@NAOEIHEA@__itt_thr_ignore?$AA@ 0000000180012fe8     itt_notify_proxy.obj
 0002:00001000       ??_C@_0BC@CFNFCMCG@__itt_event_start?$AA@ 0000000180013000     itt_notify_proxy.obj
 0002:00001018       ??_C@_0BA@IJAPHNDA@__itt_event_end?$AA@ 0000000180013018     itt_notify_proxy.obj
 0002:00001028       ??_C@_0BA@OOLJINGG@__itt_state_get?$AA@ 0000000180013028     itt_notify_proxy.obj
 0002:00001038       ??_C@_0BA@DBMCENKO@__itt_state_set?$AA@ 0000000180013038     itt_notify_proxy.obj
 0002:00001048       ??_C@_0BD@OMOHDNKK@__itt_obj_mode_set?$AA@ 0000000180013048     itt_notify_proxy.obj
 0002:00001060       ??_C@_0BD@EBCLOJDM@__itt_thr_mode_set?$AA@ 0000000180013060     itt_notify_proxy.obj
 0002:00001078       ??_C@_0BC@LLDNPJMG@__itt_api_version?$AA@ 0000000180013078     itt_notify_proxy.obj
 0002:00001090       ??_C@_0BM@MMFMDFCK@__itt_jit_get_new_method_id?$AA@ 0000000180013090     itt_notify_proxy.obj
 0002:000010b0       ??_C@_0BH@BCIELMCH@INTEL_ITTNOTIFY_GROUPS?$AA@ 00000001800130b0     itt_notify_proxy.obj
 0002:000010c8       ??_C@_03IJOFBOLG@?0?$DL?5?$AA@ 00000001800130c8     itt_notify_proxy.obj
 0002:000010cc       ??_C@_11LOCGONAA@?$AA?$AA@ 00000001800130cc     mutex.obj
 0002:000010d0       ??_C@_1BG@ODPLMIDC@?$AAt?$AAb?$AAb?$AA?3?$AA?3?$AAm?$AAu?$AAt?$AAe?$AAx?$AA?$AA@ 00000001800130d0     mutex.obj
 0002:000010f0       ??_7pipeline_root_task@internal@tbb@@6B@ 00000001800130f0     pipeline.obj
 0002:00001110       ??_7stage_task@internal@tbb@@6B@ 0000000180013110     pipeline.obj
 0002:00001130       ??_7pipeline@tbb@@6B@      0000000180013130     pipeline.obj
 0002:00001140       ??_7task@tbb@@6B@          0000000180013140     pipeline.obj
 0002:00001160       ??_7filter@tbb@@6B@        0000000180013160     pipeline.obj
 0002:00001178       ??_C@_0CP@ECLIENFE@thread_monitor?3?3launch?3?5_beginth@ 0000000180013178     private_server.obj
 0002:000011b0       ??_7private_server@rml@internal@tbb@@6B@ 00000001800131b0     private_server.obj
 0002:000011e8       ??_C@_1CG@PJPBKEPC@?$AAt?$AAb?$AAb?$AA?3?$AA?3?$AAq?$AAu?$AAe?$AAu?$AAi?$AAn?$AAg?$AA_?$AAm?$AAu?$AAt?$AAe?$AAx?$AA?$AA@ 00000001800131e8     queuing_mutex.obj
 0002:00001210       ??_C@_1CM@KJEIFCEB@?$AAt?$AAb?$AAb?$AA?3?$AA?3?$AAq?$AAu?$AAe?$AAu?$AAi?$AAn?$AAg?$AA_?$AAr?$AAw?$AA_?$AAm?$AAu?$AAt?$AAe?$AAx?$AA?$AA@ 0000000180013210     queuing_rw_mutex.obj
 0002:00001240       ??_C@_1CK@OOCNHJOL@?$AAt?$AAb?$AAb?$AA?3?$AA?3?$AAr?$AAe?$AAc?$AAu?$AAr?$AAs?$AAi?$AAv?$AAe?$AA_?$AAm?$AAu?$AAt?$AAe?$AAx?$AA?$AA@ 0000000180013240     recursive_mutex.obj
 0002:00001270       ??_C@_1CA@OBNAGBIB@?$AAt?$AAb?$AAb?$AA?3?$AA?3?$AAs?$AAp?$AAi?$AAn?$AA_?$AAm?$AAu?$AAt?$AAe?$AAx?$AA?$AA@ 0000000180013270     spin_mutex.obj
 0002:00001290       ??_C@_1CG@PLAHABG@?$AAt?$AAb?$AAb?$AA?3?$AA?3?$AAs?$AAp?$AAi?$AAn?$AA_?$AAr?$AAw?$AA_?$AAm?$AAu?$AAt?$AAe?$AAx?$AA?$AA@ 0000000180013290     spin_rw_mutex.obj
 0002:000012b8       ??_C@_1BM@HPHMLNHL@?$AAT?$AAb?$AAb?$AAG?$AAl?$AAo?$AAb?$AAa?$AAl?$AAL?$AAo?$AAc?$AAk?$AA?$AA@ 00000001800132b8     task.obj
 0002:000012d8       ??_C@_1BE@HCOPGFC@?$AA?$CF?$AAC?$AAo?$AAn?$AAs?$AAt?$AAa?$AAn?$AAt?$AA?$AA@ 00000001800132d8     task.obj
 0002:000012f0       ??_C@_1DG@DAINFCM@?$AAT?$AAb?$AAb?$AAS?$AAc?$AAh?$AAe?$AAd?$AAu?$AAl?$AAe?$AAr?$AAI?$AAn?$AAi?$AAt?$AAi?$AAa?$AAl?$AAi?$AAz?$AAa?$AAt?$AAi?$AAo?$AAn?$AA?$AA@ 00000001800132f0     task.obj
 0002:00001328       ??_C@_1CE@PPIOBPMF@?$AAT?$AAb?$AAb?$AAS?$AAc?$AAh?$AAe?$AAd?$AAu?$AAl?$AAe?$AAr?$AAs?$AAL?$AAi?$AAs?$AAt?$AA?$AA@ 0000000180013328     task.obj
 0002:00001350       ??_C@_1BM@LJBJJICB@?$AAT?$AAB?$AAB?$AA?5?$AAS?$AAc?$AAh?$AAe?$AAd?$AAu?$AAl?$AAe?$AAr?$AA?$AA@ 0000000180013350     task.obj
 0002:00001370       ??_C@_0CG@EICLJBGO@TBB?5failed?5to?5initialize?5TLS?5sto@ 0000000180013370     task.obj
 0002:00001398       ??_C@_0M@EKHIKCEO@TBB_VERSION?$AA@ 0000000180013398     task.obj
 0002:000013a8       ??_C@_07NMPLPEPB@private?$AA@ 00000001800133a8     task.obj
 0002:000013b0       ??_C@_03JLDBPJFA@RML?$AA@  00000001800133b0     task.obj
 0002:000013b4       ??_C@_06HBFNPGIC@shared?$AA@ 00000001800133b4     task.obj
 0002:000013bb       ??_C@_00CNPNBAHC@?$AA@     00000001800133bb     task.obj
 0002:000013bc       ??_C@_05CDGBNGHP@Intel?$AA@ 00000001800133bc     task.obj
 0002:000013c8       ??_C@_07DLHCIBDH@default?$AA@ 00000001800133c8     task.obj
 0002:000013d0       ??_C@_09OCGIJDP@SCHEDULER?$AA@ 00000001800133d0     task.obj
 0002:000013e0       ??_C@_0FB@DPLJOKIH@warning?5from?5TBB?3?5make_server?5fa@ 00000001800133e0     task.obj
 0002:00001438       ??_C@_0BH@IFIKJPDO@Unidentified?5exception?$AA@ 0000000180013438     task.obj
 0002:00001450       ??_C@_03KHICJKCI@?4?4?4?$AA@ 0000000180013450     task.obj
 0002:00001460       ??_7UnpaddedArenaPrefix@internal@tbb@@6B@ 0000000180013460     task.obj
 0002:000014a8       ??_7ArenaPrefix@internal@tbb@@6B@ 00000001800134a8     task.obj
 0002:000014f0       ??_7GenericScheduler@internal@tbb@@6B@ 00000001800134f0     task.obj
 0002:00001518       ??_7?$CustomScheduler@UIntelSchedulerTraits@internal@tbb@@@internal@tbb@@6B@ 0000000180013518     task.obj
[...]
 0004:00001218       $pdata$?grow@GenericScheduler@internal@tbb@@AEAAX_K@Z 0000000180020218     task.obj
 0004:00001224       $pdata$?free_scheduler@GenericScheduler@internal@tbb@@QEAAXXZ 0000000180020224     task.obj
 0004:00001230       $pdata$?acquire_task_pool@GenericScheduler@internal@tbb@@AEBAXXZ 0000000180020230     task.obj
 0004:0000123c       $pdata$2$?acquire_task_pool@GenericScheduler@internal@tbb@@AEBAXXZ 000000018002023c     task.obj
 0004:00001248       $pdata$3$?acquire_task_pool@GenericScheduler@internal@tbb@@AEBAXXZ 0000000180020248     task.obj
 0004:00001254       $pdata$?release_task_pool@GenericScheduler@internal@tbb@@AEBAXXZ 0000000180020254     task.obj
 0004:00001260       $pdata$?lock_task_pool@GenericScheduler@internal@tbb@@AEBAPEAPEAVtask@3@PEAUArenaSlot@23@@Z 0000000180020260     task.obj
 0004:0000126c       $pdata$0$?lock_task_pool@GenericScheduler@internal@tbb@@AEBAPEAPEAVtask@3@PEAUArenaSlot@23@@Z 000000018002026c     task.obj
 0004:00001278       $pdata$1$?lock_task_pool@GenericScheduler@internal@tbb@@AEBAPEAPEAVtask@3@PEAUArenaSlot@23@@Z 0000000180020278     task.obj
 0004:00001284       $pdata$2$?lock_task_pool@GenericScheduler@internal@tbb@@AEBAPEAPEAVtask@3@PEAUArenaSlot@23@@Z 0000000180020284     task.obj
 0004:00001290       $pdata$3$?lock_task_pool@GenericScheduler@internal@tbb@@AEBAPEAPEAVtask@3@PEAUArenaSlot@23@@Z 0000000180020290     task.obj
 0004:0000129c       $pdata$?prepare_for_spawning@GenericScheduler@internal@tbb@@AEAAPEAVtask@3@PEAV43@@Z 000000018002029c     task.obj
 0004:000012a8       $pdata$0$?prepare_for_spawning@GenericScheduler@internal@tbb@@AEAAPEAVtask@3@PEAV43@@Z 00000001800202a8     task.obj
 0004:000012b4       $pdata$1$?prepare_for_spawning@GenericScheduler@internal@tbb@@AEAAPEAVtask@3@PEAV43@@Z 00000001800202b4     task.obj
 0004:000012c0       $pdata$2$?prepare_for_spawning@GenericScheduler@internal@tbb@@AEAAPEAVtask@3@PEAV43@@Z 00000001800202c0     task.obj
 0004:000012cc       $pdata$3$?prepare_for_spawning@GenericScheduler@internal@tbb@@AEAAPEAVtask@3@PEAV43@@Z 00000001800202cc     task.obj
 0004:000012d8       $pdata$?local_spawn@GenericScheduler@internal@tbb@@QEAAXAEAVtask@3@AEAPEAV43@@Z 00000001800202d8     task.obj
 0004:000012e4       $pdata$?local_spawn_root_and_wait@GenericScheduler@internal@tbb@@QEAAXAEAVtask@3@AEAPEAV43@@Z 00000001800202e4     task.obj
 0004:000012f0       $pdata$?get_mailbox_task@GenericScheduler@internal@tbb@@AEAAPEAVtask@3@XZ 00000001800202f0     task.obj
 0004:000012fc       $pdata$?strip_proxy@GenericScheduler@internal@tbb@@AEAAPEAVtask@3@PEAUtask_proxy@23@@Z 00000001800202fc     task.obj
 0004:00001308       $pdata$?get_task@GenericScheduler@internal@tbb@@AEAAPEAVtask@3@XZ 0000000180020308     task.obj
 0004:00001314       $pdata$?steal_task@GenericScheduler@internal@tbb@@AEAAPEAVtask@3@AEAUArenaSlot@23@@Z 0000000180020314     task.obj
 0004:00001320       $pdata$?do_enter_arena@GenericScheduler@internal@tbb@@AEAAXXZ 0000000180020320     task.obj
 0004:0000132c       $pdata$?try_enter_arena@GenericScheduler@internal@tbb@@AEAAXXZ 000000018002032c     task.obj
 0004:00001338       $pdata$?leave_arena@GenericScheduler@internal@tbb@@AEAAXXZ 0000000180020338     task.obj
 0004:00001344       $pdata$?create_worker@GenericScheduler@internal@tbb@@CAPEAV123@AEAVArena@23@_K@Z 0000000180020344     task.obj
 0004:00001350       $pdata$?create_master@GenericScheduler@internal@tbb@@CAPEAV123@PEAVArena@23@@Z 0000000180020350     task.obj
 0004:0000135c       $pdata$?cleanup_master@GenericScheduler@internal@tbb@@AEAAXXZ 000000018002035c     task.obj
 0004:00001368       $pdata$?cleanup@UnpaddedArenaPrefix@internal@tbb@@EEAAXAEAVjob@rml@@@Z 0000000180020368     task.obj
 0004:00001374       $pdata$?open_connection_to_rml@UnpaddedArenaPrefix@internal@tbb@@IEAAXXZ 0000000180020374     task.obj
 0004:00001380       $pdata$?create_one_job@UnpaddedArenaPrefix@internal@tbb@@EEAAPEAVjob@rml@@XZ 0000000180020380     task.obj
 0004:0000138c       $pdata$?allocate@allocate_root_proxy@internal@tbb@@SAAEAVtask@3@_K@Z 000000018002038c     task.obj
 0004:00001398       $pdata$?free@allocate_root_proxy@internal@tbb@@SAXAEAVtask@3@@Z 0000000180020398     task.obj
 0004:000013a4       $pdata$?allocate@allocate_root_with_context_proxy@internal@tbb@@QEBAAEAVtask@3@_K@Z 00000001800203a4     task.obj
 0004:000013b0       $pdata$?free@allocate_child_proxy@internal@tbb@@QEBAXAEAVtask@3@@Z 00000001800203b0     task.obj
 0004:000013b0       $pdata$?free@allocate_root_with_context_proxy@internal@tbb@@QEBAXAEAVtask@3@@Z 00000001800203b0     task.obj
 0004:000013bc       $pdata$?allocate@allocate_continuation_proxy@internal@tbb@@QEBAAEAVtask@3@_K@Z 00000001800203bc     task.obj
 0004:000013c8       $pdata$?free@allocate_continuation_proxy@internal@tbb@@QEBAXAEAVtask@3@@Z 00000001800203c8     task.obj
 0004:000013d4       $pdata$?allocate@allocate_child_proxy@internal@tbb@@QEBAAEAVtask@3@_K@Z 00000001800203d4     task.obj
 0004:000013e0       $pdata$?allocate@allocate_additional_child_of_proxy@internal@tbb@@QEBAAEAVtask@3@_K@Z 00000001800203e0     task.obj
 0004:000013ec       $pdata$?free@allocate_additional_child_of_proxy@internal@tbb@@QEBAXAEAVtask@3@@Z 00000001800203ec     task.obj
 0004:000013f8       $pdata$?resize@affinity_partitioner_base_v3@internal@tbb@@AEAAXI@Z 00000001800203f8     task.obj
 0004:00001404       $pdata$?copy_string@tbb@@YAXAEAPEADPEBD@Z 0000000180020404     task.obj
 0004:00001410       $pdata$0$?copy_string@tbb@@YAXAEAPEADPEBD@Z 0000000180020410     task.obj
 0004:0000141c       $pdata$1$?copy_string@tbb@@YAXAEAPEADPEBD@Z 000000018002041c     task.obj
 0004:00001428       $pdata$2$?copy_string@tbb@@YAXAEAPEADPEBD@Z 0000000180020428     task.obj
 0004:00001434       $pdata$?set@captured_exception@tbb@@QEAAXPEBD0@Z 0000000180020434     task.obj
 0004:00001440       $pdata$?clear@captured_exception@tbb@@QEAAXXZ 0000000180020440     task.obj
 0004:0000144c       $pdata$?move@captured_exception@tbb@@UEAAPEAV12@XZ 000000018002044c     task.obj
 0004:00001458       $pdata$?destroy@captured_exception@tbb@@UEAAXXZ 0000000180020458     task.obj
 0004:00001464       $pdata$?allocate@captured_exception@tbb@@SAPEAV12@PEBD0@Z 0000000180020464     task.obj
 0004:00001470       $pdata$?allocate@tbb_exception_ptr@internal@tbb@@SAPEAV123@AEBVtbb_exception@3@@Z 0000000180020470     task.obj
 0004:00001470       $pdata$?allocate@tbb_exception_ptr@internal@tbb@@SAPEAV123@XZ 0000000180020470     task.obj
 0004:0000147c       $pdata$?allocate@tbb_exception_ptr@internal@tbb@@SAPEAV123@AEAVcaptured_exception@3@@Z 000000018002047c     task.obj
 0004:00001488       $pdata$??1task_group_context@tbb@@QEAA@XZ 0000000180020488     task.obj
 0004:00001494       $pdata$0$??1task_group_context@tbb@@QEAA@XZ 0000000180020494     task.obj
 0004:000014a0       $pdata$1$??1task_group_context@tbb@@QEAA@XZ 00000001800204a0     task.obj
 0004:000014ac       $pdata$2$??1task_group_context@tbb@@QEAA@XZ 00000001800204ac     task.obj
 0004:000014b8       $pdata$3$??1task_group_context@tbb@@QEAA@XZ 00000001800204b8     task.obj
 0004:000014c4       $pdata$?init@task_group_context@tbb@@IEAAXXZ 00000001800204c4     task.obj
 0004:000014d0       $pdata$?cancel_group_execution@task_group_context@tbb@@QEAA_NXZ 00000001800204d0     task.obj
 0004:000014dc       $pdata$?reset@task_group_context@tbb@@QEAAXXZ 00000001800204dc     task.obj
 0004:000014e8       $pdata$?register_pending_exception@task_group_context@tbb@@QEAAXXZ 00000001800204e8     task.obj
 0004:000014f4       $pdata$?internal_set_ref_count@task@tbb@@AEAAXH@Z 00000001800204f4     task.obj
 0004:00001500       $pdata$?internal_decrement_ref_count@task@tbb@@AEAA_JXZ 0000000180020500     task.obj
 0004:0000150c       $pdata$?self@task@tbb@@SAAEAV12@XZ 000000018002050c     task.obj
 0004:00001518       $pdata$?destroy@task@tbb@@QEAAXAEAV12@@Z 0000000180020518     task.obj
 0004:00001524       $pdata$?spawn_and_wait_for_all@task@tbb@@QEAAXAEAVtask_list@2@@Z 0000000180020524     task.obj
 0004:00001530       $pdata$?initialize@task_scheduler_init@tbb@@QEAAXH@Z 0000000180020530     task.obj
 0004:0000153c       $pdata$?initialize@task_scheduler_init@tbb@@QEAAXH_K@Z 000000018002053c     task.obj
 0004:00001548       $pdata$?terminate@task_scheduler_init@tbb@@QEAAXXZ 0000000180020548     task.obj
 0004:00001554       $pdata$?default_num_threads@task_scheduler_init@tbb@@SAHXZ 0000000180020554     task.obj
 0004:00001554       $pdata$?hardware_concurrency@tbb_thread_v3@internal@tbb@@SAIXZ 0000000180020554     tbb_thread.obj
 0004:00001560       $pdata$?remove_ref_slow@observer_proxy@internal@tbb@@AEAAXXZ 0000000180020560     task.obj
 0004:0000156c       $pdata$?process_list@observer_proxy@internal@tbb@@SAPEAV123@PEAV123@_N1@Z 000000018002056c     task.obj
 0004:00001578       $pdata$?observe@task_scheduler_observer_v3@internal@tbb@@QEAAX_N@Z 0000000180020578     task.obj
 0004:00001584       $pdata$?wait_for_all@?$CustomScheduler@UDefaultSchedulerTraits@internal@tbb@@@internal@tbb@@EEAAXAEAVtask@3@PEAV43@@Z 0000000180020584     task.obj
 0004:00001590       $pdata$?allocate_scheduler@?$CustomScheduler@UDefaultSchedulerTraits@internal@tbb@@@internal@tbb@@SAPEAVGenericScheduler@23@PEAVArena@23@@Z 0000000180020590     task.obj
 0004:0000159c       $pdata$?wait_for_all@?$CustomScheduler@UIntelSchedulerTraits@internal@tbb@@@internal@tbb@@EEAAXAEAVtask@3@PEAV43@@Z 000000018002059c     task.obj
 0004:000015a8       $pdata$?allocate_scheduler@?$CustomScheduler@UIntelSchedulerTraits@internal@tbb@@@internal@tbb@@SAPEAVGenericScheduler@23@PEAVArena@23@@Z 00000001800205a8     task.obj
 0004:000015b4       $pdata$??1?$fast_reverse_vector@PEAVtask@tbb@@$0BA@@internal@tbb@@QEAA@XZ 00000001800205b4     task.obj
 0004:000015c0       $pdata$0$??1?$fast_reverse_vector@PEAVtask@tbb@@$0BA@@internal@tbb@@QEAA@XZ 00000001800205c0     task.obj
 0004:000015cc       $pdata$1$??1?$fast_reverse_vector@PEAVtask@tbb@@$0BA@@internal@tbb@@QEAA@XZ 00000001800205cc     task.obj
 0004:000015d8       $pdata$??$make_exception_ptr@Vcaptured_exception@tbb@@@std@@YA?AVexception_ptr@0@Vcaptured_exception@tbb@@@Z 00000001800205d8     task.obj
 0004:000015e4       $pdata$?local_wait_for_all@?$CustomScheduler@UDefaultSchedulerTraits@internal@tbb@@@internal@tbb@@AEAAXAEAVtask@3@PEAV43@@Z 00000001800205e4     task.obj
 0004:000015f0       $pdata$?local_wait_for_all@?$CustomScheduler@UIntelSchedulerTraits@internal@tbb@@@internal@tbb@@AEAAXAEAVtask@3@PEAV43@@Z 00000001800205f0     task.obj
 0004:000015fc       $pdata$??$AllocateExceptionContainer@Vexception_ptr@std@@@internal@tbb@@YAPEAVtbb_exception_ptr@01@AEBVexception_ptr@std@@@Z 00000001800205fc     task.obj
 0004:00001608       $pdata$??$AllocateExceptionContainer@Vcaptured_exception@tbb@@@internal@tbb@@YAPEAVtbb_exception_ptr@01@AEBVcaptured_exception@1@@Z 0000000180020608     task.obj
 0004:00001614       $pdata$?tally_completion_of_one_predecessor@?$CustomScheduler@UDefaultSchedulerTraits@internal@tbb@@@internal@tbb@@CA_NAEAVtask@3@@Z 0000000180020614     task.obj
 0004:00001620       $pdata$?assertion_failure@tbb@@YAXPEBDH00@Z 0000000180020620     tbb_misc.obj
 0004:0000162c       $pdata$?runtime_warning@internal@tbb@@YAXPEBDZZ 000000018002062c     tbb_misc.obj
 0004:00001638       $pdata$?handle_perror@internal@tbb@@YAXHPEBD@Z 0000000180020638     tbb_misc.obj
 0004:00001644       $pdata$?throw_bad_last_alloc_exception_v4@internal@tbb@@YAXXZ 0000000180020644     tbb_misc.obj
 0004:00001650       $pdata$?PrintRMLVersionInfo@internal@tbb@@YAXPEAXPEBD@Z 0000000180020650     tbb_misc.obj
 0004:0000165c       $pdata$?handle_win_error@internal@tbb@@YAXH@Z 000000018002065c     tbb_thread.obj
 0004:00001668       $pdata$?join@tbb_thread_v3@internal@tbb@@QEAAXXZ 0000000180020668     tbb_thread.obj
 0004:00001674       $pdata$?detach@tbb_thread_v3@internal@tbb@@QEAAXXZ 0000000180020674     tbb_thread.obj
 0004:00001680       $pdata$?internal_start@tbb_thread_v3@internal@tbb@@AEAAXP6AIPEAX@Z0@Z 0000000180020680     tbb_thread.obj
 0004:0000168c       $pdata$?thread_get_id_v3@internal@tbb@@YA?AVid@tbb_thread_v3@12@XZ 000000018002068c     tbb_thread.obj
 0004:00001698       $pdata$?move_v3@internal@tbb@@YAXAEAVtbb_thread_v3@12@0@Z 0000000180020698     tbb_thread.obj
 0004:000016a4       $pdata$?thread_sleep_v3@internal@tbb@@YAXAEBVinterval_t@tick_count@2@@Z 00000001800206a4     tbb_thread.obj
 0004:000016b0       $pdata$1$?thread_sleep_v3@internal@tbb@@YAXAEBVinterval_t@tick_count@2@@Z 00000001800206b0     tbb_thread.obj
 0004:000016bc       $pdata$2$?thread_sleep_v3@internal@tbb@@YAXAEBVinterval_t@tick_count@2@@Z 00000001800206bc     tbb_thread.obj
 0004:000016d4       $pdata$??_Etype_info@@UEAAPEAXI@Z 00000001800206d4     MSVCRT:ti_inst.obj
 0004:000016e0       $pdata$__atonexitinit      00000001800206e0     MSVCRT:atonexit.obj
 0004:000016ec       $pdata$_onexit             00000001800206ec     MSVCRT:atonexit.obj
 0004:000016f8       $pdata$atexit              00000001800206f8     MSVCRT:atonexit.obj
 0004:00001704       $pdata$__raise_securityfailure 0000000180020704     MSVCRT:gs_report.obj
 0004:00001710       $pdata$__report_gsfailure  0000000180020710     MSVCRT:gs_report.obj
 0004:0000171c       $pdata$__report_rangecheckfailure 000000018002071c     MSVCRT:gs_report.obj
 0004:00001728       $pdata$__report_securityfailure 0000000180020728     MSVCRT:gs_report.obj
 0004:00001734       $pdata$pre_c_init          0000000180020734     MSVCRT:crtdll.obj
 0004:00001740       $pdata$_CRT_INIT           0000000180020740     MSVCRT:crtdll.obj
 0004:0000174c       $pdata$_DllMainCRTStartup  000000018002074c     MSVCRT:crtdll.obj
 0004:00001758       $pdata$__DllMainCRTStartup 0000000180020758     MSVCRT:crtdll.obj
 0004:00001764       $pdata$??_M@YAXPEAX_KHP6AX0@Z@Z 0000000180020764     MSVCRT:ehvecdtr.obj
 0004:00001770       $pdata$?__ArrayUnwind@@YAXPEAX_KHP6AX0@Z@Z 0000000180020770     MSVCRT:ehvecdtr.obj
 0004:0000177c       $pdata$_IsNonwritableInCurrentImage 000000018002077c     MSVCRT:pesect.obj
 0004:00001788       $pdata$__security_init_cookie 0000000180020788     MSVCRT:gs_support.obj
 0004:00001794       $pdata$_RTC_Initialize     0000000180020794     MSVCRT:initsect.obj
 0004:000017a0       $pdata$_RTC_Terminate      00000001800207a0     MSVCRT:initsect.obj
 0004:000017ac       $pdata$__GSHandlerCheck    00000001800207ac     MSVCRT:gshandler.obj
 0004:000017b8       $pdata$__GSHandlerCheckCommon 00000001800207b8     MSVCRT:gshandler.obj
 0004:000017c4       $pdata$__GSHandlerCheck_EH 00000001800207c4     MSVCRT:gshandlereh.obj
 0004:000017dc       $pdata$?catch$1@?0??_Copy@?$basic_string@DU?$char_traits@D@std@@V?$allocator@D@2@@std@@QEAAX_K0@Z@4HA 00000001800207dc     concurrent_vector_v2.obj
 0004:000017e8       $pdata$?catch$0@?0??_Copy@?$basic_string@DU?$char_traits@D@std@@V?$allocator@D@2@@std@@QEAAX_K0@Z@4HA 00000001800207e8     concurrent_vector_v2.obj
 0004:000017f4       $pdata$?catch$0@?0??push@micro_queue@internal@tbb@@QEAAXPEBX_KAEAVconcurrent_queue_base_v3@23@@Z@4HA 00000001800207f4     concurrent_queue.obj
 0004:00001800       $pdata$?catch$1@?0??push@micro_queue@internal@tbb@@QEAAXPEBX_KAEAVconcurrent_queue_base_v3@23@@Z@4HA 0000000180020800     concurrent_queue.obj
 0004:0000180c       $pdata$?catch$0@?0??assign@micro_queue@internal@tbb@@QEAAAEAU123@AEBU123@AEAVconcurrent_queue_base_v3@23@@Z@4HA 000000018002080c     concurrent_queue.obj
 0004:00001818       $pdata$?catch$0@?0??enable_segment@helper@concurrent_vector_base_v3@internal@tbb@@SA_KAEAV234@_K1@Z@4HA 0000000180020818     concurrent_vector.obj
 0004:00001824       $pdata$?catch$1@?0??enable_segment@helper@concurrent_vector_base_v3@internal@tbb@@SA_KAEAV234@_K1@Z@4HA 0000000180020824     concurrent_vector.obj
 0004:00001830       $pdata$?catch$0@?0??internal_reserve@concurrent_vector_base_v3@internal@tbb@@IEAAX_K00@Z@4HA 0000000180020830     concurrent_vector.obj
 0004:0000183c       $pdata$?catch$0@?0??internal_compact@concurrent_vector_base_v3@internal@tbb@@IEAAPEAX_KPEAXP6AX10@ZP6AX1PEBX0@Z@Z@4HA 000000018002083c     concurrent_vector.obj
 0004:00001848       $pdata$?dtor$0@?0??_Current_exception@exception_ptr@std@@SA?AV12@XZ@4HA 0000000180020848     task.obj
 0004:00001854       $pdata$?dtor$0@?0??create_master@GenericScheduler@internal@tbb@@CAPEAV123@PEAVArena@23@@Z@4HA 0000000180020854     task.obj
 0004:00001860       $pdata$?dtor$0@?0??allocate_scheduler@?$CustomScheduler@UDefaultSchedulerTraits@internal@tbb@@@internal@tbb@@SAPEAVGenericScheduler@23@PEAVArena@23@@Z@4HA 0000000180020860     task.obj
 0004:00001860       $pdata$?dtor$0@?0??open_connection_to_rml@UnpaddedArenaPrefix@internal@tbb@@IEAAXXZ@4HA 0000000180020860     task.obj
 0004:00001860       $pdata$?dtor$0@?0??allocate_scheduler@?$CustomScheduler@UIntelSchedulerTraits@internal@tbb@@@internal@tbb@@SAPEAVGenericScheduler@23@PEAVArena@23@@Z@4HA 0000000180020860     task.obj
 0004:0000186c       $pdata$?dtor$0@?0??allocate@captured_exception@tbb@@SAPEAV12@PEBD0@Z@4HA 000000018002086c     task.obj
 0004:00001878       $pdata$?catch$0@?0??register_pending_exception@task_group_context@tbb@@QEAAXXZ@4HA 0000000180020878     task.obj
 0004:00001884       $pdata$?catch$1@?0??register_pending_exception@task_group_context@tbb@@QEAAXXZ@4HA 0000000180020884     task.obj
 0004:00001890       $pdata$?catch$2@?0??register_pending_exception@task_group_context@tbb@@QEAAXXZ@4HA 0000000180020890     task.obj
 0004:0000189c       $pdata$?catch$0@?0??process_list@observer_proxy@internal@tbb@@SAPEAV123@PEAV123@_N1@Z@4HA 000000018002089c     task.obj
 0004:000018a8       $pdata$?catch$0@?0??local_wait_for_all@?$CustomScheduler@UDefaultSchedulerTraits@internal@tbb@@@internal@tbb@@AEAAXAEAVtask@3@PEAV43@@Z@4HA 00000001800208a8     task.obj
 0004:000018b4       $pdata$?catch$1@?0??local_wait_for_all@?$CustomScheduler@UDefaultSchedulerTraits@internal@tbb@@@internal@tbb@@AEAAXAEAVtask@3@PEAV43@@Z@4HA 00000001800208b4     task.obj
 0004:000018c0       $pdata$?catch$2@?0??local_wait_for_all@?$CustomScheduler@UDefaultSchedulerTraits@internal@tbb@@@internal@tbb@@AEAAXAEAVtask@3@PEAV43@@Z@4HA 00000001800208c0     task.obj
 0004:000018cc       $pdata$?catch$0@?0??local_wait_for_all@?$CustomScheduler@UIntelSchedulerTraits@internal@tbb@@@internal@tbb@@AEAAXAEAVtask@3@PEAV43@@Z@4HA 00000001800208cc     task.obj
 0004:000018d8       $pdata$?catch$1@?0??local_wait_for_all@?$CustomScheduler@UIntelSchedulerTraits@internal@tbb@@@internal@tbb@@AEAAXAEAVtask@3@PEAV43@@Z@4HA 00000001800208d8     task.obj
 0004:000018e4       $pdata$?catch$2@?0??local_wait_for_all@?$CustomScheduler@UIntelSchedulerTraits@internal@tbb@@@internal@tbb@@AEAAXAEAVtask@3@PEAV43@@Z@4HA 00000001800208e4     task.obj
 0004:000018f0       $pdata$?dtor$0@?0???$AllocateExceptionContainer@Vcaptured_exception@tbb@@@internal@tbb@@YAPEAVtbb_exception_ptr@01@AEBVcaptured_exception@1@@Z@4HA 00000001800208f0     task.obj
 0004:000018f0       $pdata$?dtor$0@?0???$AllocateExceptionContainer@Vexception_ptr@std@@@internal@tbb@@YAPEAVtbb_exception_ptr@01@AEBVexception_ptr@std@@@Z@4HA 00000001800208f0     task.obj
 0004:000018fc       $pdata$_onexit$fin$0       00000001800208fc     MSVCRT:atonexit.obj
 0004:00001908       $pdata$__DllMainCRTStartup$filt$0 0000000180020908     MSVCRT:crtdll.obj
 0004:00001914       $pdata$__DllMainCRTStartup$fin$1 0000000180020914     MSVCRT:crtdll.obj
 0004:00001920       $pdata$?fin$0@?0???_M@YAXPEAX_KHP6AX0@Z@Z@4HA 0000000180020920     MSVCRT:ehvecdtr.obj
 0004:0000192c       $pdata$?filt$0@?0??__ArrayUnwind@@YAXPEAX_KHP6AX0@Z@Z@4HA 000000018002092c     MSVCRT:ehvecdtr.obj
 0004:00001938       $pdata$_IsNonwritableInCurrentImage$filt$0 0000000180020938     MSVCRT:pesect.obj
 0005:000000a0       $R000000                   00000001800210a0     tbb_resource.res
 0005:000005c0       $R000520                   00000001800215c0     tbb_resource.res
