 tbb_debug

 Timestamp is 579cd550 (Sat Jul 30 19:26:56 2016)

 Preferred load address is 0000000180000000

 Start         Length     Name                   Class
 0001:00000000 0000092bH .text$di                CODE
 0001:00000930 000281a2H .text$mn                CODE
 0001:00028ae0 0000166dH .text$x                 CODE
 0001:0002a150 00000417H .text$yd                CODE
 0002:00000000 000003f8H .idata$5                DATA
 0002:000003f8 00000008H .CRT$XCA                DATA
 0002:00000400 000000b8H .CRT$XCU                DATA
 0002:000004b8 00000008H .CRT$XCZ                DATA
 0002:000004c0 00000008H .CRT$XIA                DATA
 0002:000004c8 00000008H .CRT$XIAA               DATA
 0002:000004d0 00000008H .CRT$XIC                DATA
 0002:000004d8 00000008H .CRT$XIZ                DATA
 0002:000004e0 0000e9c0H .rdata                  DATA
 0002:0000eea0 00000068H .rdata$debug            DATA
 0002:0000ef08 00001594H .rdata$r                DATA
 0002:000104a0 00000008H .rtc$IAA                DATA
 0002:000104a8 000000b0H .rtc$IMZ                DATA
 0002:00010558 00000008H .rtc$IZZ                DATA
 0002:00010560 00000008H .rtc$TAA                DATA
 0002:00010568 000000b0H .rtc$TMZ                DATA
 0002:00010618 00000008H .rtc$TZZ                DATA
 0002:00010620 0000397cH .xdata                  DATA
 0002:00013fa0 0000033cH .xdata$x                DATA
 0002:000142e0 00002d42H .edata                  DATA
 0002:00017024 0000003cH .idata$2                DATA
 0002:00017060 00000014H .idata$3                DATA
 0002:00017078 000003f8H .idata$4                DATA
 0002:00017470 00000a34H .idata$6                DATA
 0003:00000000 00000d98H .data                   DATA
 0003:00000da0 00000780H .data$r                 DATA
 0003:00001520 00001850H .bss                    DATA
 0004:00000000 000034f8H .pdata                  DATA
 0005:00000000 000000a0H .rsrc$01                DATA
 0005:000000a0 000006a0H .rsrc$02                DATA

  Address         Publics by Value              Rva+Base               Lib:Object

 0000:00000000       __guard_flags              0000000000000000     <absolute>
 0000:00000000       __guard_fids_table         0000000000000000     <absolute>
 0000:00000000       ___safe_se_handler_count   0000000000000000     <absolute>
 0000:00000000       __guard_fids_count         0000000000000000     <absolute>
 0000:00000000       ___safe_se_handler_table   0000000000000000     <absolute>
 0000:00000000       __ImageBase                0000000180000000     <linker-defined>
 0001:00000930       __TBB_machine_fetchadd1    0000000180001930     atomic_support.obj
 0001:00000938       __TBB_machine_fetchstore1  0000000180001938     atomic_support.obj
 0001:00000940       __TBB_machine_cmpswp1      0000000180001940     atomic_support.obj
 0001:00000948       __TBB_machine_fetchadd2    0000000180001948     atomic_support.obj
 0001:00000958       __TBB_machine_fetchstore2  0000000180001958     atomic_support.obj
 0001:00000960       __TBB_machine_cmpswp2      0000000180001960     atomic_support.obj
 0001:00000970       __TBB_machine_pause        0000000180001970     atomic_support.obj
 0001:00000980       ??0concurrent_queue_base@internal@tbb@@IEAA@_K@Z 0000000180001980 f   concurrent_queue_v2.obj
 0001:00000c80       ??1concurrent_queue_base@internal@tbb@@MEAA@XZ 0000000180001c80 f   concurrent_queue_v2.obj
 0001:00000da0       ?internal_push@concurrent_queue_base@internal@tbb@@IEAAXPEBX@Z 0000000180001da0 f   concurrent_queue_v2.obj
 0001:00000e90       ?internal_pop@concurrent_queue_base@internal@tbb@@IEAAXPEAX@Z 0000000180001e90 f   concurrent_queue_v2.obj
 0001:00000f10       ?internal_push_if_not_full@concurrent_queue_base@internal@tbb@@IEAA_NPEBX@Z 0000000180001f10 f   concurrent_queue_v2.obj
 0001:00001010       ?internal_pop_if_present@concurrent_queue_base@internal@tbb@@IEAA_NPEAX@Z 0000000180002010 f   concurrent_queue_v2.obj
 0001:00001100       ?internal_size@concurrent_queue_base@internal@tbb@@IEBA_JXZ 0000000180002100 f   concurrent_queue_v2.obj
 0001:00001190       ?internal_set_capacity@concurrent_queue_base@internal@tbb@@IEAAX_J_K@Z 0000000180002190 f   concurrent_queue_v2.obj
 0001:00001200       ??0concurrent_queue_iterator_base@internal@tbb@@IEAA@AEBVconcurrent_queue_base@12@@Z 0000000180002200 f   concurrent_queue_v2.obj
 0001:000012b0       ?assign@concurrent_queue_iterator_base@internal@tbb@@IEAAXAEBV123@@Z 00000001800022b0 f   concurrent_queue_v2.obj
 0001:000013a0       ?advance@concurrent_queue_iterator_base@internal@tbb@@IEAAXXZ 00000001800023a0 f   concurrent_queue_v2.obj
 0001:00001500       ??1concurrent_queue_iterator_base@internal@tbb@@IEAA@XZ 0000000180002500 f   concurrent_queue_v2.obj
 0001:00001550       ?push@micro_queue@internal@tbb@@QEAAXPEBX_KAEAVconcurrent_queue_base@23@@Z 0000000180002550 f   concurrent_queue_v2.obj
 0001:000017a0       ?pop@micro_queue@internal@tbb@@QEAA_NPEAX_KAEAVconcurrent_queue_base@23@@Z 00000001800027a0 f   concurrent_queue_v2.obj
 0001:00001970       ??$__TBB_load_with_acquire@_J@@YA_JAED_J@Z 0000000180002970 f i concurrent_queue_v2.obj
 0001:000019b0       ??$__TBB_store_with_release@_J_J@@YAXAEC_J_J@Z 00000001800029b0 f i concurrent_queue_v2.obj
 0001:000019d0       ??$compare_and_swap@$0A@@?$atomic_impl@_K@internal@tbb@@QEAA_K_K0@Z 00000001800029d0 f i concurrent_queue_v2.obj
 0001:00001a60       ??$fetch_and_add@$0A@@?$atomic_impl_with_arithmetic@_K_KD@internal@tbb@@QEAA_K_K@Z 0000000180002a60 f i concurrent_queue_v2.obj
 0001:00001aa0       ??$spin_wait_until_eq@U?$atomic@_K@tbb@@_K@internal@tbb@@YAXAEDU?$atomic@_K@1@_K@Z 0000000180002aa0 f i concurrent_queue_v2.obj
 0001:00001b00       ??$spin_wait_while_eq@U?$atomic@_K@tbb@@_K@internal@tbb@@YAXAEDU?$atomic@_K@1@_K@Z 0000000180002b00 f i concurrent_queue_v2.obj
 0001:00001b60       ??0?$cache_aligned_allocator@Vconcurrent_queue_rep@internal@tbb@@@tbb@@QEAA@XZ 0000000180002b60 f i concurrent_queue_v2.obj
 0001:00001b70       ??0atomic_backoff@internal@tbb@@QEAA@XZ 0000000180002b70 f i concurrent_queue_v2.obj
 0001:00001b90       ??0concurrent_queue_iterator_rep@internal@tbb@@QEAA@AEBVconcurrent_queue_base@12@@Z 0000000180002b90 f i concurrent_queue_v2.obj
 0001:00001c40       ??0no_copy@internal@tbb@@QEAA@XZ 0000000180002c40 f i concurrent_queue_v2.obj
 0001:00001c50       ??0pop_finalizer@micro_queue@internal@tbb@@QEAA@AEAU123@_KPEAUpage@concurrent_queue_base@23@@Z 0000000180002c50 f i concurrent_queue_v2.obj
 0001:00001cc0       ??0push_finalizer@micro_queue@internal@tbb@@QEAA@AEAU123@_K@Z 0000000180002cc0 f i concurrent_queue_v2.obj
 0001:00001d20       ??0scoped_lock@spin_mutex@tbb@@QEAA@AEAV12@@Z 0000000180002d20 f i concurrent_queue_v2.obj
 0001:00001d80       ??1pop_finalizer@micro_queue@internal@tbb@@QEAA@XZ 0000000180002d80 f i concurrent_queue_v2.obj
 0001:00001e80       ??1push_finalizer@micro_queue@internal@tbb@@QEAA@XZ 0000000180002e80 f i concurrent_queue_v2.obj
 0001:00001ed0       ??1scoped_lock@spin_mutex@tbb@@QEAA@XZ 0000000180002ed0 f i concurrent_queue_v2.obj
 0001:00001f10       ??4?$atomic@PEAUpage@concurrent_queue_base@internal@tbb@@@tbb@@QEAAPEAUpage@concurrent_queue_base@internal@1@PEAU2341@@Z 0000000180002f10 f i concurrent_queue_v2.obj
 0001:00001f50       ??4?$atomic@_K@tbb@@QEAA_K_K@Z 0000000180002f50 f i concurrent_queue_v2.obj
 0001:00001f90       ??B?$atomic_impl@PEAUpage@concurrent_queue_base@internal@tbb@@@internal@tbb@@QEDAPEAUpage@concurrent_queue_base@12@XZ 0000000180002f90 f i concurrent_queue_v2.obj
 0001:00001fe0       ??B?$atomic_impl@_K@internal@tbb@@QEDA_KXZ 0000000180002fe0 f i concurrent_queue_v2.obj
 0001:00002030       ??E?$atomic_impl_with_arithmetic@_K_KD@internal@tbb@@QEAA_KH@Z 0000000180003030 f i concurrent_queue_v2.obj
 0001:00002070       ??_Econcurrent_queue_base@internal@tbb@@MEAAPEAXI@Z 0000000180003070 f i concurrent_queue_v2.obj
 0001:00002070       ??_Gconcurrent_queue_base@internal@tbb@@MEAAPEAXI@Z 0000000180003070 f i concurrent_queue_v2.obj
 0001:000020c0       ?allocate@?$cache_aligned_allocator@Vconcurrent_queue_rep@internal@tbb@@@tbb@@QEAAPEAVconcurrent_queue_rep@internal@2@_KPEBX@Z 00000001800030c0 f i concurrent_queue_v2.obj
 0001:00002110       ?choose@concurrent_queue_iterator_rep@internal@tbb@@QEAAPEAX_K@Z 0000000180003110 f i concurrent_queue_v2.obj
 0001:000021f0       ?choose@concurrent_queue_rep@internal@tbb@@QEAAAEAUmicro_queue@23@_K@Z 00000001800031f0 f i concurrent_queue_v2.obj
 0001:00002240       ?compare_and_swap@?$atomic_impl@_K@internal@tbb@@QEAA_K_K0@Z 0000000180003240 f i concurrent_queue_v2.obj
 0001:00002290       ?compare_and_swap@?$atomic_traits@$07$0A@@internal@tbb@@SA_JPECX_J1@Z 0000000180003290 f i concurrent_queue_v2.obj
 0001:000022e0       ?deallocate@?$cache_aligned_allocator@Vconcurrent_queue_rep@internal@tbb@@@tbb@@QEAAXPEAVconcurrent_queue_rep@internal@2@_K@Z 00000001800032e0 f i concurrent_queue_v2.obj
 0001:00002320       ?fetch_and_add@?$atomic_impl_with_arithmetic@_K_KD@internal@tbb@@QEAA_K_K@Z 0000000180003320 f i concurrent_queue_v2.obj
 0001:00002360       ?fetch_and_add@?$atomic_traits@$07$0A@@internal@tbb@@SA_JPECX_J@Z 0000000180003360 f i concurrent_queue_v2.obj
 0001:00002380       ?index@concurrent_queue_rep@internal@tbb@@SA_K_K@Z 0000000180003380 f i concurrent_queue_v2.obj
 0001:000023a0       ?pause@atomic_backoff@internal@tbb@@QEAAXXZ 00000001800033a0 f i concurrent_queue_v2.obj
 0001:00002400       ?store_with_release@?$atomic_impl@PEAUpage@concurrent_queue_base@internal@tbb@@@internal@tbb@@IEAAPEAUpage@concurrent_queue_base@23@PEAU4523@@Z 0000000180003400 f i concurrent_queue_v2.obj
 0001:00002460       ?store_with_release@?$atomic_impl@_K@internal@tbb@@IEAA_K_K@Z 0000000180003460 f i concurrent_queue_v2.obj
 0001:000024c0       ?internal_reserve@concurrent_vector_base@internal@tbb@@IEAAX_K00@Z 00000001800034c0 f   concurrent_vector_v2.obj
 0001:000025f0       ?internal_capacity@concurrent_vector_base@internal@tbb@@IEBA_KXZ 00000001800035f0 f   concurrent_vector_v2.obj
 0001:00002630       ?internal_grow_to_at_least@concurrent_vector_base@internal@tbb@@IEAAX_K0P6AXPEAX0@Z@Z 0000000180003630 f   concurrent_vector_v2.obj
 0001:000026e0       ?internal_grow@concurrent_vector_base@internal@tbb@@IEAAX_K00P6AXPEAX0@Z@Z 00000001800036e0 f   concurrent_vector_v2.obj
 0001:00002960       ?internal_grow_by@concurrent_vector_base@internal@tbb@@IEAA_K_K0P6AXPEAX0@Z@Z 0000000180003960 f   concurrent_vector_v2.obj
 0001:000029f0       ?internal_push_back@concurrent_vector_base@internal@tbb@@IEAAPEAX_KAEA_K@Z 00000001800039f0 f   concurrent_vector_v2.obj
 0001:00002be0       ?internal_clear@concurrent_vector_base@internal@tbb@@IEAAXP6AXPEAX_K@Z_N@Z 0000000180003be0 f   concurrent_vector_v2.obj
 0001:00002e60       ?internal_copy@concurrent_vector_base@internal@tbb@@IEAAXAEBV123@_KP6AXPEAXPEBX1@Z@Z 0000000180003e60 f   concurrent_vector_v2.obj
 0001:00003030       ?internal_assign@concurrent_vector_base@internal@tbb@@IEAAXAEBV123@_KP6AXPEAX1@ZP6AX2PEBX1@Z5@Z 0000000180004030 f   concurrent_vector_v2.obj
 0001:00003430       ?extend_segment@helper@concurrent_vector_base@internal@tbb@@CAXAEAV234@@Z 0000000180004430 f   concurrent_vector_v2.obj
 0001:00003560       ??$_Allocate@D@std@@YAPEAD_KPEAD@Z 0000000180004560 f i concurrent_vector_v2.obj
 0001:000035d0       ??$_Allocate@U_Container_proxy@std@@@std@@YAPEAU_Container_proxy@0@_KPEAU10@@Z 00000001800045d0 f i concurrent_vector_v2.obj
 0001:00003650       ??$_Debug_pointer@D@std@@YAXPEBDPEB_WI@Z 0000000180004650 f i concurrent_vector_v2.obj
 0001:000036a0       ??$addressof@D@std@@YAPEADAEAD@Z 00000001800046a0 f i concurrent_vector_v2.obj
 0001:000036b0       ??$compare_and_swap@$0A@@?$atomic_impl@PEAUsegment_t@concurrent_vector_base@internal@tbb@@@internal@tbb@@QEAAPEAUsegment_t@concurrent_vector_base@12@PEAU3412@0@Z 00000001800046b0 f i concurrent_vector_v2.obj
 0001:00003740       ??$construct@PEADAEAPEAD@?$_Wrap_alloc@V?$allocator@D@std@@@std@@QEAAXPEAPEADAEAPEAD@Z 0000000180004740 f i concurrent_vector_v2.obj
 0001:00003790       ??$construct@PEADAEAPEAD@?$allocator@D@std@@QEAAXPEAPEADAEAPEAD@Z 0000000180004790 f i concurrent_vector_v2.obj
 0001:00003820       ??$construct@PEADAEAPEAD@?$allocator_traits@V?$allocator@D@std@@@std@@SAXAEAV?$allocator@D@1@PEAPEADAEAPEAD@Z 0000000180004820 f i concurrent_vector_v2.obj
 0001:00003870       ??$construct@U_Container_proxy@std@@U12@@?$allocator@U_Container_proxy@std@@@std@@QEAAXPEAU_Container_proxy@1@$$QEAU21@@Z 0000000180004870 f i concurrent_vector_v2.obj
 0001:00003900       ??$destroy@PEAD@?$_Wrap_alloc@V?$allocator@D@std@@@std@@QEAAXPEAPEAD@Z 0000000180004900 f i concurrent_vector_v2.obj
 0001:00003940       ??$destroy@PEAD@?$allocator@D@std@@QEAAXPEAPEAD@Z 0000000180004940 f i concurrent_vector_v2.obj
 0001:00003950       ??$destroy@PEAD@?$allocator_traits@V?$allocator@D@std@@@std@@SAXAEAV?$allocator@D@1@PEAPEAD@Z 0000000180004950 f i concurrent_vector_v2.obj
 0001:00003990       ??$destroy@U_Container_proxy@std@@@?$allocator@U_Container_proxy@std@@@std@@QEAAXPEAU_Container_proxy@1@@Z 0000000180004990 f i concurrent_vector_v2.obj
 0001:000039a0       ??$forward@AEAPEAD@std@@YAAEAPEADAEAPEAD@Z 00000001800049a0 f i concurrent_vector_v2.obj
 0001:000039b0       ??$forward@U_Container_proxy@std@@@std@@YA$$QEAU_Container_proxy@0@AEAU10@@Z 00000001800049b0 f i concurrent_vector_v2.obj
 0001:000039c0       ??$spin_wait_while_eq@PEAXPEAX@internal@tbb@@YAXAEDSEAXPEAX@Z 00000001800049c0 f i concurrent_vector_v2.obj
 0001:00003a20       ??0?$_String_alloc@$0A@U?$_String_base_types@DV?$allocator@D@std@@@std@@@std@@QEAA@AEBV?$allocator@D@1@@Z 0000000180004a20 f i concurrent_vector_v2.obj
 0001:00003a70       ??0?$_String_val@U?$_Simple_types@D@std@@@std@@QEAA@XZ 0000000180004a70 f i concurrent_vector_v2.obj
 0001:00003ac0       ??0?$_Wrap_alloc@V?$allocator@D@std@@@std@@QEAA@XZ 0000000180004ac0 f i concurrent_vector_v2.obj
 0001:00003b00       ??0?$allocator@D@std@@QEAA@XZ 0000000180004b00 f i concurrent_vector_v2.obj
 0001:00003b10       ??0?$allocator@U_Container_proxy@std@@@std@@QEAA@XZ 0000000180004b10 f i concurrent_vector_v2.obj
 0001:00003b20       ??0?$basic_string@DU?$char_traits@D@std@@V?$allocator@D@2@@std@@QEAA@PEBD@Z 0000000180004b20 f i concurrent_vector_v2.obj
 0001:00003b90       ??0_Container_proxy@std@@QEAA@XZ 0000000180004b90 f i concurrent_vector_v2.obj
 0001:00003bc0       ??0_Generic_error_category@std@@QEAA@XZ 0000000180004bc0 f i concurrent_vector_v2.obj
 0001:00003c10       ??0_Iostream_error_category@std@@QEAA@XZ 0000000180004c10 f i concurrent_vector_v2.obj
 0001:00003c60       ??0_System_error_category@std@@QEAA@XZ 0000000180004c60 f i concurrent_vector_v2.obj
 0001:00003cb0       ??0error_category@std@@QEAA@XZ 0000000180004cb0 f i concurrent_vector_v2.obj
 0001:00003cd0       ??0error_condition@std@@QEAA@HAEBVerror_category@1@@Z 0000000180004cd0 f i concurrent_vector_v2.obj
 0001:00003d00       ??0length_error@std@@QEAA@AEBV01@@Z 0000000180004d00 f i concurrent_vector_v2.obj
 0001:00003d50       ??0length_error@std@@QEAA@PEBD@Z 0000000180004d50 f i concurrent_vector_v2.obj
 0001:00003da0       ??0logic_error@std@@QEAA@AEBV01@@Z 0000000180004da0 f i concurrent_vector_v2.obj
 0001:00003df0       ??0logic_error@std@@QEAA@PEBD@Z 0000000180004df0 f i concurrent_vector_v2.obj
 0001:00003e40       ??1?$_String_alloc@$0A@U?$_String_base_types@DV?$allocator@D@std@@@std@@@std@@QEAA@XZ 0000000180004e40 f i concurrent_vector_v2.obj
 0001:00003e80       ??1?$_String_val@U?$_Simple_types@D@std@@@std@@QEAA@XZ 0000000180004e80 f i concurrent_vector_v2.obj
 0001:00003eb0       ??1_Generic_error_category@std@@UEAA@XZ 0000000180004eb0 f i concurrent_vector_v2.obj
 0001:00003ee0       ??1_Iostream_error_category@std@@UEAA@XZ 0000000180004ee0 f i concurrent_vector_v2.obj
 0001:00003f10       ??1_System_error_category@std@@UEAA@XZ 0000000180004f10 f i concurrent_vector_v2.obj
 0001:00003f40       ??1error_category@std@@UEAA@XZ 0000000180004f40 f i concurrent_vector_v2.obj
 0001:00003f60       ??1length_error@std@@UEAA@XZ 0000000180004f60 f i concurrent_vector_v2.obj
 0001:00003f90       ??1logic_error@std@@UEAA@XZ 0000000180004f90 f i concurrent_vector_v2.obj
 0001:00003fc0       ??2@YAPEAX_KPEAX@Z         0000000180004fc0 f i concurrent_vector_v2.obj
 0001:00003fe0       ??3@YAXPEAX0@Z             0000000180004fe0 f i concurrent_vector_v2.obj
 0001:00003ff0       ??4?$atomic@PEAUsegment_t@concurrent_vector_base@internal@tbb@@@tbb@@QEAAPEAUsegment_t@concurrent_vector_base@internal@1@PEAU2341@@Z 0000000180004ff0 f i concurrent_vector_v2.obj
 0001:00004030       ??8error_category@std@@QEBA_NAEBV01@@Z 0000000180005030 f i concurrent_vector_v2.obj
 0001:00004080       ??8error_condition@std@@QEBA_NAEBV01@@Z 0000000180005080 f i concurrent_vector_v2.obj
 0001:00004110       ??B?$atomic_impl@PEAUsegment_t@concurrent_vector_base@internal@tbb@@@internal@tbb@@QEDAPEAUsegment_t@concurrent_vector_base@12@XZ 0000000180005110 f i concurrent_vector_v2.obj
 0001:00004160       ??_E_Generic_error_category@std@@UEAAPEAXI@Z 0000000180005160 f i concurrent_vector_v2.obj
 0001:00004160       ??_G_Generic_error_category@std@@UEAAPEAXI@Z 0000000180005160 f i concurrent_vector_v2.obj
 0001:000041b0       ??_E_Iostream_error_category@std@@UEAAPEAXI@Z 00000001800051b0 f i concurrent_vector_v2.obj
 0001:000041b0       ??_G_Iostream_error_category@std@@UEAAPEAXI@Z 00000001800051b0 f i concurrent_vector_v2.obj
 0001:00004200       ??_G_System_error_category@std@@UEAAPEAXI@Z 0000000180005200 f i concurrent_vector_v2.obj
 0001:00004200       ??_E_System_error_category@std@@UEAAPEAXI@Z 0000000180005200 f i concurrent_vector_v2.obj
 0001:00004250       ??_Gerror_category@std@@UEAAPEAXI@Z 0000000180005250 f i concurrent_vector_v2.obj
 0001:00004250       ??_Eerror_category@std@@UEAAPEAXI@Z 0000000180005250 f i concurrent_vector_v2.obj
 0001:000042a0       ??_Elength_error@std@@UEAAPEAXI@Z 00000001800052a0 f i concurrent_vector_v2.obj
 0001:000042a0       ??_Glength_error@std@@UEAAPEAXI@Z 00000001800052a0 f i concurrent_vector_v2.obj
 0001:000042f0       ??_Glogic_error@std@@UEAAPEAXI@Z 00000001800052f0 f i concurrent_vector_v2.obj
 0001:000042f0       ??_Elogic_error@std@@UEAAPEAXI@Z 00000001800052f0 f i concurrent_vector_v2.obj
 0001:00004340       ?_Alloc_proxy@?$_String_alloc@$0A@U?$_String_base_types@DV?$allocator@D@std@@@std@@@std@@QEAAXXZ 0000000180005340 f i concurrent_vector_v2.obj
 0001:000043d0       ?_Copy@?$basic_string@DU?$char_traits@D@std@@V?$allocator@D@2@@std@@QEAAX_K0@Z 00000001800053d0 f i concurrent_vector_v2.obj
 0001:000045f0       ?_Eos@?$basic_string@DU?$char_traits@D@std@@V?$allocator@D@2@@std@@QEAAX_K@Z 00000001800055f0 f i concurrent_vector_v2.obj
 0001:00004650       ?_Free_proxy@?$_String_alloc@$0A@U?$_String_base_types@DV?$allocator@D@std@@@std@@@std@@QEAAXXZ 0000000180005650 f i concurrent_vector_v2.obj
 0001:000046d0       ?_Getal@?$_String_alloc@$0A@U?$_String_base_types@DV?$allocator@D@std@@@std@@@std@@QEBA?AU?$_Wrap_alloc@V?$allocator@D@std@@@2@XZ 00000001800056d0 f i concurrent_vector_v2.obj
 0001:00004710       ?_Grow@?$basic_string@DU?$char_traits@D@std@@V?$allocator@D@2@@std@@QEAA_N_K_N@Z 0000000180005710 f i concurrent_vector_v2.obj
 0001:00004810       ?_Inside@?$basic_string@DU?$char_traits@D@std@@V?$allocator@D@2@@std@@QEAA_NPEBD@Z 0000000180005810 f i concurrent_vector_v2.obj
 0001:00004880       ?_Myptr@?$_String_val@U?$_Simple_types@D@std@@@std@@QEAAPEADXZ 0000000180005880 f i concurrent_vector_v2.obj
 0001:000048e0       ?_Myptr@?$_String_val@U?$_Simple_types@D@std@@@std@@QEBAPEBDXZ 00000001800058e0 f i concurrent_vector_v2.obj
 0001:00004940       ?_Tidy@?$basic_string@DU?$char_traits@D@std@@V?$allocator@D@2@@std@@QEAAX_N_K@Z 0000000180005940 f i concurrent_vector_v2.obj
 0001:00004a40       ?_Xlen@?$basic_string@DU?$char_traits@D@std@@V?$allocator@D@2@@std@@QEBAXXZ 0000000180005a40 f i concurrent_vector_v2.obj
 0001:00004a80       ?_Xran@?$basic_string@DU?$char_traits@D@std@@V?$allocator@D@2@@std@@QEBAXXZ 0000000180005a80 f i concurrent_vector_v2.obj
 0001:00004ac0       ?__TBB_machine_lg@@YA_J_K@Z 0000000180005ac0 f i concurrent_vector_v2.obj
 0001:00004b10       ?allocate@?$_Wrap_alloc@V?$allocator@D@std@@@std@@QEAAPEAD_K@Z 0000000180005b10 f i concurrent_vector_v2.obj
 0001:00004b50       ?allocate@?$allocator@D@std@@QEAAPEAD_K@Z 0000000180005b50 f i concurrent_vector_v2.obj
 0001:00004b90       ?allocate@?$allocator@U_Container_proxy@std@@@std@@QEAAPEAU_Container_proxy@2@_K@Z 0000000180005b90 f i concurrent_vector_v2.obj
 0001:00004bd0       ?assign@?$basic_string@DU?$char_traits@D@std@@V?$allocator@D@2@@std@@QEAAAEAV12@AEBV12@_K1@Z 0000000180005bd0 f i concurrent_vector_v2.obj
 0001:00004cf0       ?assign@?$basic_string@DU?$char_traits@D@std@@V?$allocator@D@2@@std@@QEAAAEAV12@PEBD@Z 0000000180005cf0 f i concurrent_vector_v2.obj
 0001:00004d50       ?assign@?$basic_string@DU?$char_traits@D@std@@V?$allocator@D@2@@std@@QEAAAEAV12@PEBD_K@Z 0000000180005d50 f i concurrent_vector_v2.obj
 0001:00004e30       ?assign@?$char_traits@D@std@@SAXAEADAEBD@Z 0000000180005e30 f i concurrent_vector_v2.obj
 0001:00004e50       ?category@error_code@std@@QEBAAEBVerror_category@2@XZ 0000000180005e50 f i concurrent_vector_v2.obj
 0001:00004e70       ?category@error_condition@std@@QEBAAEBVerror_category@2@XZ 0000000180005e70 f i concurrent_vector_v2.obj
 0001:00004e90       ?compare_and_swap@?$atomic_impl@PEAUsegment_t@concurrent_vector_base@internal@tbb@@@internal@tbb@@QEAAPEAUsegment_t@concurrent_vector_base@23@PEAU4523@0@Z 0000000180005e90 f i concurrent_vector_v2.obj
 0001:00004ee0       ?copy@?$char_traits@D@std@@SAPEADPEADPEBD_K@Z 0000000180005ee0 f i concurrent_vector_v2.obj
 0001:00004f40       ?deallocate@?$_Wrap_alloc@V?$allocator@D@std@@@std@@QEAAXPEAD_K@Z 0000000180005f40 f i concurrent_vector_v2.obj
 0001:00004f90       ?deallocate@?$allocator@D@std@@QEAAXPEAD_K@Z 0000000180005f90 f i concurrent_vector_v2.obj
 0001:00004fd0       ?deallocate@?$allocator@U_Container_proxy@std@@@std@@QEAAXPEAU_Container_proxy@2@_K@Z 0000000180005fd0 f i concurrent_vector_v2.obj
 0001:00005010       ?default_error_condition@_System_error_category@std@@UEBA?AVerror_condition@2@H@Z 0000000180006010 f i concurrent_vector_v2.obj
 0001:00005090       ?default_error_condition@error_category@std@@UEBA?AVerror_condition@2@H@Z 0000000180006090 f i concurrent_vector_v2.obj
 0001:000050e0       ?equivalent@error_category@std@@UEBA_NAEBVerror_code@2@H@Z 00000001800060e0 f i concurrent_vector_v2.obj
 0001:00005160       ?equivalent@error_category@std@@UEBA_NHAEBVerror_condition@2@@Z 0000000180006160 f i concurrent_vector_v2.obj
 0001:000051c0       ?erase@?$basic_string@DU?$char_traits@D@std@@V?$allocator@D@2@@std@@QEAAAEAV12@_K0@Z 00000001800061c0 f i concurrent_vector_v2.obj
 0001:000052b0       ?erase@?$basic_string@DU?$char_traits@D@std@@V?$allocator@D@2@@std@@QEAAAEAV12@_K@Z 00000001800062b0 f i concurrent_vector_v2.obj
 0001:00005310       ?extend_segment_if_necessary@helper@concurrent_vector_base@internal@tbb@@SAXAEAV234@_K@Z 0000000180006310 f i concurrent_vector_v2.obj
 0001:00005380       ?find_segment_end@helper@concurrent_vector_base@internal@tbb@@SAKAEBV234@@Z 0000000180006380 f i concurrent_vector_v2.obj
 0001:00005440       ?generic_category@std@@YAAEBVerror_category@1@XZ 0000000180006440 f i concurrent_vector_v2.obj
 0001:00005450       ?length@?$char_traits@D@std@@SA_KPEBD@Z 0000000180006450 f i concurrent_vector_v2.obj
 0001:000054a0       ?max_size@?$_Wrap_alloc@V?$allocator@D@std@@@std@@QEBA_KXZ 00000001800064a0 f i concurrent_vector_v2.obj
 0001:000054d0       ?max_size@?$allocator@D@std@@QEBA_KXZ 00000001800064d0 f i concurrent_vector_v2.obj
 0001:000054e0       ?max_size@?$allocator_traits@V?$allocator@D@std@@@std@@SA_KAEBV?$allocator@D@2@@Z 00000001800064e0 f i concurrent_vector_v2.obj
 0001:00005510       ?max_size@?$basic_string@DU?$char_traits@D@std@@V?$allocator@D@2@@std@@QEBA_KXZ 0000000180006510 f i concurrent_vector_v2.obj
 0001:00005580       ?message@_Generic_error_category@std@@UEBA?AV?$basic_string@DU?$char_traits@D@std@@V?$allocator@D@2@@2@H@Z 0000000180006580 f i concurrent_vector_v2.obj
 0001:00005610       ?message@_Iostream_error_category@std@@UEBA?AV?$basic_string@DU?$char_traits@D@std@@V?$allocator@D@2@@2@H@Z 0000000180006610 f i concurrent_vector_v2.obj
 0001:000056a0       ?message@_System_error_category@std@@UEBA?AV?$basic_string@DU?$char_traits@D@std@@V?$allocator@D@2@@2@H@Z 00000001800066a0 f i concurrent_vector_v2.obj
 0001:00005730       ?move@?$char_traits@D@std@@SAPEADPEADPEBD_K@Z 0000000180006730 f i concurrent_vector_v2.obj
 0001:000057a0       ?name@_Generic_error_category@std@@UEBAPEBDXZ 00000001800067a0 f i concurrent_vector_v2.obj
 0001:000057b0       ?name@_Iostream_error_category@std@@UEBAPEBDXZ 00000001800067b0 f i concurrent_vector_v2.obj
 0001:000057c0       ?name@_System_error_category@std@@UEBAPEBDXZ 00000001800067c0 f i concurrent_vector_v2.obj
 0001:000057d0       ?segment_base@concurrent_vector_base@internal@tbb@@KAKK@Z 00000001800067d0 f i concurrent_vector_v2.obj
 0001:00005810       ?segment_index_of@concurrent_vector_base@internal@tbb@@KAK_K@Z 0000000180006810 f i concurrent_vector_v2.obj
 0001:00005860       ?segment_size@concurrent_vector_base@internal@tbb@@KAKK@Z 0000000180006860 f i concurrent_vector_v2.obj
 0001:00005900       ?size@?$basic_string@DU?$char_traits@D@std@@V?$allocator@D@2@@std@@QEBA_KXZ 0000000180006900 f i concurrent_vector_v2.obj
 0001:00005920       ?store_with_release@?$atomic_impl@PEAUsegment_t@concurrent_vector_base@internal@tbb@@@internal@tbb@@IEAAPEAUsegment_t@concurrent_vector_base@23@PEAU4523@@Z 0000000180006920 f i concurrent_vector_v2.obj
 0001:00005980       ?system_category@std@@YAAEBVerror_category@1@XZ 0000000180006980 f i concurrent_vector_v2.obj
 0001:00005990       ?value@error_code@std@@QEBAHXZ 0000000180006990 f i concurrent_vector_v2.obj
 0001:000059a0       ?value@error_condition@std@@QEBAHXZ 00000001800069a0 f i concurrent_vector_v2.obj
 0001:000059b0       hypot                      00000001800069b0 f i concurrent_vector_v2.obj
 0001:000059f0       ?internal_itt_releasing@spin_rw_mutex@tbb@@CAXPEAV12@@Z 00000001800069f0 f   spin_rw_mutex_v2.obj
 0001:00005a40       ?internal_acquire_writer@spin_rw_mutex@tbb@@CA_NPEAV12@@Z 0000000180006a40 f   spin_rw_mutex_v2.obj
 0001:00005b60       ?internal_release_writer@spin_rw_mutex@tbb@@CAXPEAV12@@Z 0000000180006b60 f   spin_rw_mutex_v2.obj
 0001:00005be0       ?internal_acquire_reader@spin_rw_mutex@tbb@@CAXPEAV12@@Z 0000000180006be0 f   spin_rw_mutex_v2.obj
 0001:00005d10       ?internal_upgrade@spin_rw_mutex@tbb@@CA_NPEAV12@@Z 0000000180006d10 f   spin_rw_mutex_v2.obj
 0001:00005f00       ?internal_downgrade@spin_rw_mutex@tbb@@CAXPEAV12@@Z 0000000180006f00 f   spin_rw_mutex_v2.obj
 0001:00005ff0       ?internal_release_reader@spin_rw_mutex@tbb@@CAXPEAV12@@Z 0000000180006ff0 f   spin_rw_mutex_v2.obj
 0001:000060a0       ?internal_try_acquire_writer@spin_rw_mutex@tbb@@CA_NPEAV12@@Z 00000001800070a0 f   spin_rw_mutex_v2.obj
 0001:00006120       ?internal_try_acquire_reader@spin_rw_mutex@tbb@@CA_NPEAV12@@Z 0000000180007120 f   spin_rw_mutex_v2.obj
 0001:00006220       ?__TBB_machine_OR@@YAXPECX_J@Z 0000000180007220 f i spin_rw_mutex_v2.obj
 0001:00006240       ?reset@atomic_backoff@internal@tbb@@QEAAXXZ 0000000180007240 f i spin_rw_mutex_v2.obj
 0001:00006260       ?open@tbb_factory@rml@internal@tbb@@QEAA?AW4status_type@factory@2@XZ 0000000180007260 f   rml_tbb.obj
 0001:00006410       ?make_server@tbb_factory@rml@internal@tbb@@QEAA?AW4status_type@factory@2@AEAPEAVtbb_server@234@AEAVtbb_client@234@@Z 0000000180007410 f   rml_tbb.obj
 0001:00006490       ?close@tbb_factory@rml@internal@tbb@@QEAAXXZ 0000000180007490 f   rml_tbb.obj
 0001:00006500       ?call_with_server_info@tbb_factory@rml@internal@tbb@@QEBAXP6AXPEAXPEBD@Z0@Z 0000000180007500 f   rml_tbb.obj
 0001:00006570       ?NFS_GetLineSize@internal@tbb@@YA_KXZ 0000000180007570 f   cache_aligned_allocator.obj
 0001:00006590       ?NFS_Allocate@internal@tbb@@YAPEAX_K0PEAX@Z 0000000180007590 f   cache_aligned_allocator.obj
 0001:00006790       ?NFS_Free@internal@tbb@@YAXPEAX@Z 0000000180007790 f   cache_aligned_allocator.obj
 0001:00006880       ?deallocate_via_handler_v3@internal@tbb@@YAXPEAX@Z 0000000180007880 f   cache_aligned_allocator.obj
 0001:000068c0       ?allocate_via_handler_v3@internal@tbb@@YAPEAX_K@Z 00000001800078c0 f   cache_aligned_allocator.obj
 0001:00006930       ?is_malloc_used_v3@internal@tbb@@YA_NXZ 0000000180007930 f   cache_aligned_allocator.obj
 0001:00006b20       ?initialize_cache_aligned_allocator@internal@tbb@@YAXXZ 0000000180007b20 f   cache_aligned_allocator.obj
 0001:00006bf0       ??0bad_alloc@std@@QEAA@AEBV01@@Z 0000000180007bf0 f i cache_aligned_allocator.obj
 0001:00006c40       ??0bad_alloc@std@@QEAA@XZ  0000000180007c40 f i cache_aligned_allocator.obj
 0001:00006ca0       ??1bad_alloc@std@@UEAA@XZ  0000000180007ca0 f i cache_aligned_allocator.obj
 0001:00006ce0       ??_Gbad_alloc@std@@UEAAPEAXI@Z 0000000180007ce0 f i cache_aligned_allocator.obj
 0001:00006ce0       ??_Ebad_alloc@std@@UEAAPEAXI@Z 0000000180007ce0 f i cache_aligned_allocator.obj
 0001:00006d30       ?internal_grow_predicate@hash_map_segment_base@internal@tbb@@QEBA_NXZ 0000000180007d30 f   concurrent_hash_map.obj
 0001:00006da0       ??0concurrent_queue_base_v3@internal@tbb@@IEAA@_K@Z 0000000180007da0 f   concurrent_queue.obj
 0001:00007110       ??1concurrent_queue_base_v3@internal@tbb@@MEAA@XZ 0000000180008110 f   concurrent_queue.obj
 0001:00007240       ?internal_push@concurrent_queue_base_v3@internal@tbb@@IEAAXPEBX@Z 0000000180008240 f   concurrent_queue.obj
 0001:00007550       ?internal_pop@concurrent_queue_base_v3@internal@tbb@@IEAAXPEAX@Z 0000000180008550 f   concurrent_queue.obj
 0001:00007810       ?internal_push_if_not_full@concurrent_queue_base_v3@internal@tbb@@IEAA_NPEBX@Z 0000000180008810 f   concurrent_queue.obj
 0001:00007980       ?internal_pop_if_present@concurrent_queue_base_v3@internal@tbb@@IEAA_NPEAX@Z 0000000180008980 f   concurrent_queue.obj
 0001:00007b00       ?internal_size@concurrent_queue_base_v3@internal@tbb@@IEBA_JXZ 0000000180008b00 f   concurrent_queue.obj
 0001:00007bb0       ?internal_empty@concurrent_queue_base_v3@internal@tbb@@IEBA_NXZ 0000000180008bb0 f   concurrent_queue.obj
 0001:00007c80       ?internal_set_capacity@concurrent_queue_base_v3@internal@tbb@@IEAAX_J_K@Z 0000000180008c80 f   concurrent_queue.obj
 0001:00007cf0       ?internal_finish_clear@concurrent_queue_base_v3@internal@tbb@@IEAAXXZ 0000000180008cf0 f   concurrent_queue.obj
 0001:00007e10       ?internal_throw_exception@concurrent_queue_base_v3@internal@tbb@@IEBAXXZ 0000000180008e10 f   concurrent_queue.obj
 0001:00007e60       ?assign@concurrent_queue_base_v3@internal@tbb@@IEAAXAEBV123@@Z 0000000180008e60 f   concurrent_queue.obj
 0001:00008000       ??0concurrent_queue_iterator_base_v3@internal@tbb@@IEAA@AEBVconcurrent_queue_base_v3@12@@Z 0000000180009000 f   concurrent_queue.obj
 0001:000080f0       ?assign@concurrent_queue_iterator_base_v3@internal@tbb@@IEAAXAEBV123@@Z 00000001800090f0 f   concurrent_queue.obj
 0001:00008200       ?advance@concurrent_queue_iterator_base_v3@internal@tbb@@IEAAXXZ 0000000180009200 f   concurrent_queue.obj
 0001:00008390       ??1concurrent_queue_iterator_base_v3@internal@tbb@@IEAA@XZ 0000000180009390 f   concurrent_queue.obj
 0001:000083f0       ?push@micro_queue@internal@tbb@@QEAAXPEBX_KAEAVconcurrent_queue_base_v3@23@@Z 00000001800093f0 f   concurrent_queue.obj
 0001:000086f0       ?pop@micro_queue@internal@tbb@@QEAA_NPEAX_KAEAVconcurrent_queue_base_v3@23@@Z 00000001800096f0 f   concurrent_queue.obj
 0001:00008990       ?assign@micro_queue@internal@tbb@@QEAAAEAU123@AEBU123@AEAVconcurrent_queue_base_v3@23@@Z 0000000180009990 f   concurrent_queue.obj
 0001:00008e40       ?make_copy@micro_queue@internal@tbb@@QEAAPEAUpage@concurrent_queue_base_v3@23@AEAV523@PEBU4523@_K2AEA_K@Z 0000000180009e40 f   concurrent_queue.obj
 0001:00008f40       ?make_invalid@micro_queue@internal@tbb@@QEAAX_K@Z 0000000180009f40 f   concurrent_queue.obj
 0001:00009040       ??$__TBB_load_with_acquire@H@@YAHAEDH@Z 000000018000a040 f i concurrent_queue.obj
 0001:00009080       ??$fetch_and_add@$0A@@?$atomic_impl_with_arithmetic@IID@internal@tbb@@QEAAII@Z 000000018000a080 f i concurrent_queue.obj
 0001:000090c0       ??0?$cache_aligned_allocator@Vconcurrent_queue_iterator_rep@internal@tbb@@@tbb@@QEAA@XZ 000000018000a0c0 f i concurrent_queue.obj
 0001:000090d0       ??0bad_last_alloc@tbb@@QEAA@AEBV01@@Z 000000018000a0d0 f i concurrent_queue.obj
 0001:00009120       ??0bad_last_alloc@tbb@@QEAA@XZ 000000018000a120 f i concurrent_queue.obj
 0001:00009170       ??0concurrent_queue_iterator_rep@internal@tbb@@QEAA@AEBVconcurrent_queue_base_v3@12@@Z 000000018000a170 f i concurrent_queue.obj
 0001:00009220       ??0micro_queue_pop_finalizer@internal@tbb@@QEAA@AEAUmicro_queue@12@AEAVconcurrent_queue_base_v3@12@_KPEAUpage@412@@Z 000000018000a220 f i concurrent_queue.obj
 0001:000092a0       ??1bad_last_alloc@tbb@@UEAA@XZ 000000018000a2a0 f i concurrent_queue.obj
 0001:000092e0       ??1micro_queue_pop_finalizer@internal@tbb@@QEAA@XZ 000000018000a2e0 f i concurrent_queue.obj
 0001:00009400       ??4?$atomic@PEAUpage@concurrent_queue_base_v3@internal@tbb@@@tbb@@QEAAPEAUpage@concurrent_queue_base_v3@internal@1@PEAU2341@@Z 000000018000a400 f i concurrent_queue.obj
 0001:00009440       ??4?$atomic@_K@tbb@@QEAAAEAU01@AEBU01@@Z 000000018000a440 f i concurrent_queue.obj
 0001:00009490       ??B?$atomic_impl@I@internal@tbb@@QEDAIXZ 000000018000a490 f i concurrent_queue.obj
 0001:000094e0       ??B?$atomic_impl@PEAUpage@concurrent_queue_base_v3@internal@tbb@@@internal@tbb@@QEDAPEAUpage@concurrent_queue_base_v3@12@XZ 000000018000a4e0 f i concurrent_queue.obj
 0001:00009530       ??E?$atomic_impl_with_arithmetic@IID@internal@tbb@@QEAAIH@Z 000000018000a530 f i concurrent_queue.obj
 0001:00009570       ??E?$atomic_impl_with_arithmetic@_K_KD@internal@tbb@@QEAA_KXZ 000000018000a570 f i concurrent_queue.obj
 0001:000095b0       ??F?$atomic_impl_with_arithmetic@IID@internal@tbb@@QEAAIXZ 000000018000a5b0 f i concurrent_queue.obj
 0001:000095f0       ??F?$atomic_impl_with_arithmetic@_K_KD@internal@tbb@@QEAA_KXZ 000000018000a5f0 f i concurrent_queue.obj
 0001:00009630       ??Y?$atomic_impl_with_arithmetic@_K_KD@internal@tbb@@QEAA_K_K@Z 000000018000a630 f i concurrent_queue.obj
 0001:00009670       ??_Ebad_last_alloc@tbb@@UEAAPEAXI@Z 000000018000a670 f i concurrent_queue.obj
 0001:00009670       ??_Gbad_last_alloc@tbb@@UEAAPEAXI@Z 000000018000a670 f i concurrent_queue.obj
 0001:000096c0       ??_Gconcurrent_queue_base_v3@internal@tbb@@MEAAPEAXI@Z 000000018000a6c0 f i concurrent_queue.obj
 0001:000096c0       ??_Econcurrent_queue_base_v3@internal@tbb@@MEAAPEAXI@Z 000000018000a6c0 f i concurrent_queue.obj
 0001:00009710       ?allocate@?$cache_aligned_allocator@Vconcurrent_queue_iterator_rep@internal@tbb@@@tbb@@QEAAPEAVconcurrent_queue_iterator_rep@internal@2@_KPEBX@Z 000000018000a710 f i concurrent_queue.obj
 0001:00009760       ?bounded_pause@atomic_backoff@internal@tbb@@QEAA_NXZ 000000018000a760 f i concurrent_queue.obj
 0001:000097c0       ?deallocate@?$cache_aligned_allocator@Vconcurrent_queue_iterator_rep@internal@tbb@@@tbb@@QEAAXPEAVconcurrent_queue_iterator_rep@internal@2@_K@Z 000000018000a7c0 f i concurrent_queue.obj
 0001:00009800       ?fetch_and_add@?$atomic_impl_with_arithmetic@IID@internal@tbb@@QEAAII@Z 000000018000a800 f i concurrent_queue.obj
 0001:00009840       ?fetch_and_add@?$atomic_traits@$03$0A@@internal@tbb@@SAHPECXH@Z 000000018000a840 f i concurrent_queue.obj
 0001:00009860       ?get_item@concurrent_queue_iterator_rep@internal@tbb@@QEAA_NAEAPEAX_K@Z 000000018000a860 f i concurrent_queue.obj
 0001:000099a0       ?store_with_release@?$atomic_impl@PEAUpage@concurrent_queue_base_v3@internal@tbb@@@internal@tbb@@IEAAPEAUpage@concurrent_queue_base_v3@23@PEAU4523@@Z 000000018000a9a0 f i concurrent_queue.obj
 0001:00009a00       ?what@bad_last_alloc@tbb@@UEBAPEBDXZ 000000018000aa00 f i concurrent_queue.obj
 0001:00009a10       ??1concurrent_vector_base_v3@internal@tbb@@IEAA@XZ 000000018000aa10 f   concurrent_vector.obj
 0001:00009b50       ?internal_reserve@concurrent_vector_base_v3@internal@tbb@@IEAAX_K00@Z 000000018000ab50 f   concurrent_vector.obj
 0001:00009ca0       ?internal_capacity@concurrent_vector_base_v3@internal@tbb@@IEBA_KXZ 000000018000aca0 f   concurrent_vector.obj
 0001:00009ce0       ?internal_grow@concurrent_vector_base_v3@internal@tbb@@IEAAX_K00P6AXPEAXPEBX0@Z2@Z 000000018000ace0 f   concurrent_vector.obj
 0001:00009f20       ?internal_grow_by@concurrent_vector_base_v3@internal@tbb@@IEAA_K_K0P6AXPEAXPEBX0@Z2@Z 000000018000af20 f   concurrent_vector.obj
 0001:00009fc0       ?internal_push_back@concurrent_vector_base_v3@internal@tbb@@IEAAPEAX_KAEA_K@Z 000000018000afc0 f   concurrent_vector.obj
 0001:0000a0e0       ?internal_clear@concurrent_vector_base_v3@internal@tbb@@IEAA_KP6AXPEAX_K@Z@Z 000000018000b0e0 f   concurrent_vector.obj
 0001:0000a2a0       ?internal_compact@concurrent_vector_base_v3@internal@tbb@@IEAAPEAX_KPEAXP6AX10@ZP6AX1PEBX0@Z@Z 000000018000b2a0 f   concurrent_vector.obj
 0001:0000a8d0       ?internal_copy@concurrent_vector_base_v3@internal@tbb@@IEAAXAEBV123@_KP6AXPEAXPEBX1@Z@Z 000000018000b8d0 f   concurrent_vector.obj
 0001:0000aae0       ?internal_assign@concurrent_vector_base_v3@internal@tbb@@IEAAXAEBV123@_KP6AXPEAX1@ZP6AX2PEBX1@Z5@Z 000000018000bae0 f   concurrent_vector.obj
 0001:0000b020       ?internal_throw_exception@concurrent_vector_base_v3@internal@tbb@@IEBAX_K@Z 000000018000c020 f   concurrent_vector.obj
 0001:0000b0e0       ?internal_swap@concurrent_vector_base_v3@internal@tbb@@IEAAXAEAV123@@Z 000000018000c0e0 f   concurrent_vector.obj
 0001:0000b450       ?internal_resize@concurrent_vector_base_v3@internal@tbb@@IEAAX_K00PEBXP6AXPEAX0@ZP6AX210@Z@Z 000000018000c450 f   concurrent_vector.obj
 0001:0000b6b0       ?internal_grow_to_at_least_with_result@concurrent_vector_base_v3@internal@tbb@@IEAA_K_K0P6AXPEAXPEBX0@Z2@Z 000000018000c6b0 f   concurrent_vector.obj
 0001:0000b970       ?internal_grow_to_at_least@concurrent_vector_base_v3@internal@tbb@@IEAAX_K0P6AXPEAXPEBX0@Z2@Z 000000018000c970 f   concurrent_vector.obj
 0001:0000b9d0       ??$__TBB_load_with_acquire@PEAX@@YAPEAXAEDSEAX@Z 000000018000c9d0 f i concurrent_vector.obj
 0001:0000ba10       ??$__TBB_store_with_release@PEAXPEAX@@YAXAECREAXPEAX@Z 000000018000ca10 f i concurrent_vector.obj
 0001:0000ba30       ??$apply@Udestroy_body@helper@concurrent_vector_base_v3@internal@tbb@@@helper@concurrent_vector_base_v3@internal@tbb@@QEAA_KAEBUdestroy_body@0123@@Z 000000018000ca30 f i concurrent_vector.obj
 0001:0000bb60       ??$apply@Uinit_body@helper@concurrent_vector_base_v3@internal@tbb@@@helper@concurrent_vector_base_v3@internal@tbb@@QEAA_KAEBUinit_body@0123@@Z 000000018000cb60 f i concurrent_vector.obj
 0001:0000bc90       ??$apply@Usafe_init_body@helper@concurrent_vector_base_v3@internal@tbb@@@helper@concurrent_vector_base_v3@internal@tbb@@QEAA_KAEBUsafe_init_body@0123@@Z 000000018000cc90 f i concurrent_vector.obj
 0001:0000bdc0       ??$compare_and_swap@$0A@@?$atomic_impl@PEAUsegment_t@concurrent_vector_base_v3@internal@tbb@@@internal@tbb@@QEAAPEAUsegment_t@concurrent_vector_base_v3@12@PEAU3412@0@Z 000000018000cdc0 f i concurrent_vector.obj
 0001:0000be50       ??$spin_wait_while_eq@U?$atomic@PEAUsegment_t@concurrent_vector_base_v3@internal@tbb@@@tbb@@PEAUsegment_t@concurrent_vector_base_v3@internal@2@@internal@tbb@@YAXAEDU?$atomic@PEAUsegment_t@concurrent_vector_base_v3@internal@tbb@@@1@PEAUsegment_t@concurrent_vector_base_v3@01@@Z 000000018000ce50 f i concurrent_vector.obj
 0001:0000beb0       ??0destroy_body@helper@concurrent_vector_base_v3@internal@tbb@@QEAA@P6AXPEAX_K@Z@Z 000000018000ceb0 f i concurrent_vector.obj
 0001:0000bed0       ??0helper@concurrent_vector_base_v3@internal@tbb@@QEAA@PEAUsegment_t@123@_K1111@Z 000000018000ced0 f i concurrent_vector.obj
 0001:0000bf50       ??0init_body@helper@concurrent_vector_base_v3@internal@tbb@@QEAA@P6AXPEAXPEBX_K@Z1@Z 000000018000cf50 f i concurrent_vector.obj
 0001:0000bf90       ??0out_of_range@std@@QEAA@AEBV01@@Z 000000018000cf90 f i concurrent_vector.obj
 0001:0000bfe0       ??0out_of_range@std@@QEAA@PEBD@Z 000000018000cfe0 f i concurrent_vector.obj
 0001:0000c030       ??0range_error@std@@QEAA@AEBV01@@Z 000000018000d030 f i concurrent_vector.obj
 0001:0000c080       ??0range_error@std@@QEAA@PEBD@Z 000000018000d080 f i concurrent_vector.obj
 0001:0000c0d0       ??0runtime_error@std@@QEAA@AEBV01@@Z 000000018000d0d0 f i concurrent_vector.obj
 0001:0000c120       ??0runtime_error@std@@QEAA@PEBD@Z 000000018000d120 f i concurrent_vector.obj
 0001:0000c170       ??0safe_init_body@helper@concurrent_vector_base_v3@internal@tbb@@QEAA@P6AXPEAXPEBX_K@Z1@Z 000000018000d170 f i concurrent_vector.obj
 0001:0000c1b0       ??1helper@concurrent_vector_base_v3@internal@tbb@@QEAA@XZ 000000018000d1b0 f i concurrent_vector.obj
 0001:0000c4d0       ??1out_of_range@std@@UEAA@XZ 000000018000d4d0 f i concurrent_vector.obj
 0001:0000c500       ??1range_error@std@@UEAA@XZ 000000018000d500 f i concurrent_vector.obj
 0001:0000c530       ??1runtime_error@std@@UEAA@XZ 000000018000d530 f i concurrent_vector.obj
 0001:0000c560       ??1segment_t@concurrent_vector_base_v3@internal@tbb@@QEAA@XZ 000000018000d560 f i concurrent_vector.obj
 0001:0000c5b0       ??4?$atomic@PEAUsegment_t@concurrent_vector_base_v3@internal@tbb@@@tbb@@QEAAAEAU01@AEBU01@@Z 000000018000d5b0 f i concurrent_vector.obj
 0001:0000c600       ??4?$atomic@PEAUsegment_t@concurrent_vector_base_v3@internal@tbb@@@tbb@@QEAAPEAUsegment_t@concurrent_vector_base_v3@internal@1@PEAU2341@@Z 000000018000d600 f i concurrent_vector.obj
 0001:0000c640       ??B?$atomic_impl@PEAUsegment_t@concurrent_vector_base_v3@internal@tbb@@@internal@tbb@@QEDAPEAUsegment_t@concurrent_vector_base_v3@12@XZ 000000018000d640 f i concurrent_vector.obj
 0001:0000c690       ??Rdestroy_body@helper@concurrent_vector_base_v3@internal@tbb@@QEBAXAEAUsegment_t@234@PEAX_K@Z 000000018000d690 f i concurrent_vector.obj
 0001:0000c6e0       ??Rinit_body@helper@concurrent_vector_base_v3@internal@tbb@@QEBAXAEAUsegment_t@234@PEAX_K@Z 000000018000d6e0 f i concurrent_vector.obj
 0001:0000c730       ??Rsafe_init_body@helper@concurrent_vector_base_v3@internal@tbb@@QEBAXAEAUsegment_t@234@PEAX_K@Z 000000018000d730 f i concurrent_vector.obj
 0001:0000c7b0       ??_Eout_of_range@std@@UEAAPEAXI@Z 000000018000d7b0 f i concurrent_vector.obj
 0001:0000c7b0       ??_Gout_of_range@std@@UEAAPEAXI@Z 000000018000d7b0 f i concurrent_vector.obj
 0001:0000c800       ??_Grange_error@std@@UEAAPEAXI@Z 000000018000d800 f i concurrent_vector.obj
 0001:0000c800       ??_Erange_error@std@@UEAAPEAXI@Z 000000018000d800 f i concurrent_vector.obj
 0001:0000c850       ??_Gruntime_error@std@@UEAAPEAXI@Z 000000018000d850 f i concurrent_vector.obj
 0001:0000c850       ??_Eruntime_error@std@@UEAAPEAXI@Z 000000018000d850 f i concurrent_vector.obj
 0001:0000c8a0       ?acquire_segment@helper@concurrent_vector_base_v3@internal@tbb@@SAAEAUsegment_t@234@AEAV234@_K1_N@Z 000000018000d8a0 f i concurrent_vector.obj
 0001:0000c9b0       ?allocate_segment@helper@concurrent_vector_base_v3@internal@tbb@@SAPEAXAEAV234@_K@Z 000000018000d9b0 f i concurrent_vector.obj
 0001:0000ca20       ?assign_first_segment_if_neccessary@helper@concurrent_vector_base_v3@internal@tbb@@SAXAEAV234@_K@Z 000000018000da20 f i concurrent_vector.obj
 0001:0000ca80       ?compare_and_swap@?$atomic_impl@PEAUsegment_t@concurrent_vector_base_v3@internal@tbb@@@internal@tbb@@QEAAPEAUsegment_t@concurrent_vector_base_v3@23@PEAU4523@0@Z 000000018000da80 f i concurrent_vector.obj
 0001:0000cad0       ?enable_segment@helper@concurrent_vector_base_v3@internal@tbb@@SA_KAEAV234@_K1@Z 000000018000dad0 f i concurrent_vector.obj
 0001:0000cdc0       ?extend_segment_table@helper@concurrent_vector_base_v3@internal@tbb@@SAXAEAV234@_K@Z 000000018000ddc0 f i concurrent_vector.obj
 0001:0000cfe0       ?extend_table_if_necessary@helper@concurrent_vector_base_v3@internal@tbb@@SAXAEAV234@_K1@Z 000000018000dfe0 f i concurrent_vector.obj
 0001:0000d050       ?find_segment_end@helper@concurrent_vector_base_v3@internal@tbb@@SA_KAEBV234@@Z 000000018000e050 f i concurrent_vector.obj
 0001:0000d0f0       ?first_segment@helper@concurrent_vector_base_v3@internal@tbb@@QEAAXXZ 000000018000e0f0 f i concurrent_vector.obj
 0001:0000d250       ?get_segment_ptr@helper@concurrent_vector_base_v3@internal@tbb@@QEAAPEAX_K_N@Z 000000018000e250 f i concurrent_vector.obj
 0001:0000d300       ?incompact_predicate@helper@concurrent_vector_base_v3@internal@tbb@@SA_N_K@Z 000000018000e300 f i concurrent_vector.obj
 0001:0000d370       ?next_segment@helper@concurrent_vector_base_v3@internal@tbb@@QEAAXXZ 000000018000e370 f i concurrent_vector.obj
 0001:0000d3f0       ?publish_segment@helper@concurrent_vector_base_v3@internal@tbb@@SAXAEAUsegment_t@234@PEAX@Z 000000018000e3f0 f i concurrent_vector.obj
 0001:0000d450       ?segment_base@concurrent_vector_base_v3@internal@tbb@@KA_K_K@Z 000000018000e450 f i concurrent_vector.obj
 0001:0000d490       ?segment_index_of@concurrent_vector_base_v3@internal@tbb@@KA_K_K@Z 000000018000e490 f i concurrent_vector.obj
 0001:0000d4d0       ?segment_size@concurrent_vector_base_v3@internal@tbb@@KA_K_K@Z 000000018000e4d0 f i concurrent_vector.obj
 0001:0000d510       ?store_with_release@?$atomic_impl@PEAUsegment_t@concurrent_vector_base_v3@internal@tbb@@@internal@tbb@@IEAAPEAUsegment_t@concurrent_vector_base_v3@23@PEAU4523@@Z 000000018000e510 f i concurrent_vector.obj
 0001:0000d570       ?dynamic_link@internal@tbb@@YA_NPEBDQEBUdynamic_link_descriptor@12@_K2PEAPEAUHINSTANCE__@@@Z 000000018000e570 f   dynamic_link.obj
 0001:0000d680       ?dynamic_unlink@internal@tbb@@YAXPEAUHINSTANCE__@@@Z 000000018000e680 f   dynamic_link.obj
 0001:0000d6c0       ?dynamic_link@internal@tbb@@YA_NPEAXQEBUdynamic_link_descriptor@12@_K2@Z 000000018000e6c0 f   dynamic_link.obj
 0001:0000d8c0       ?itt_set_sync_name_v3@internal@tbb@@YAXPEAXPEB_W@Z 000000018000e8c0 f   itt_notify.obj
 0001:0000d910       ?InitializeITT@internal@tbb@@YA_NXZ 000000018000e910 f   itt_notify.obj
 0001:0000d960       ?itt_store_pointer_with_release_v3@internal@tbb@@YAXPEAX0@Z 000000018000e960 f   itt_notify.obj
 0001:0000d9c0       ?itt_load_pointer_with_acquire_v3@internal@tbb@@YAPEAXPEBX@Z 000000018000e9c0 f   itt_notify.obj
 0001:0000da20       ?itt_load_pointer_v3@internal@tbb@@YAPEAXPEBX@Z 000000018000ea20 f   itt_notify.obj
 0001:0000da60       __TBB_load_ittnotify       000000018000ea60 f   itt_notify_proxy.obj
 0001:0000da90       __itt_set_error_handler    000000018000ea90 f   itt_notify_proxy.obj
 0001:0000f520       ?internal_acquire@scoped_lock@mutex@tbb@@AEAAXAEAV23@@Z 0000000180010520 f   mutex.obj
 0001:0000f630       ?internal_try_acquire@scoped_lock@mutex@tbb@@AEAA_NAEAV23@@Z 0000000180010630 f   mutex.obj
 0001:0000f770       ?internal_release@scoped_lock@mutex@tbb@@AEAAXXZ 0000000180010770 f   mutex.obj
 0001:0000f8a0       ?internal_construct@mutex@tbb@@AEAAXXZ 00000001800108a0 f   mutex.obj
 0001:0000f920       ?internal_destroy@mutex@tbb@@AEAAXXZ 0000000180010920 f   mutex.obj
 0001:0000f9e0       ??1filter@tbb@@UEAA@XZ     00000001800109e0 f   pipeline.obj
 0001:0000faf0       ?try_process_item@thread_bound_filter@tbb@@QEAA?AW4result_type@12@XZ 0000000180010af0 f   pipeline.obj
 0001:0000fb30       ?process_item@thread_bound_filter@tbb@@QEAA?AW4result_type@12@XZ 0000000180010b30 f   pipeline.obj
 0001:0000fb70       ?internal_process_item@thread_bound_filter@tbb@@AEAA?AW4result_type@12@_N@Z 0000000180010b70 f   pipeline.obj
 0001:0000fd90       ??0pipeline@tbb@@QEAA@XZ   0000000180010d90 f   pipeline.obj
 0001:0000fe30       ??1pipeline@tbb@@UEAA@XZ   0000000180010e30 f   pipeline.obj
 0001:0000fe80       ?add_filter@pipeline@tbb@@QEAAXAEAVfilter@2@@Z 0000000180010e80 f   pipeline.obj
 0001:00010240       ?run@pipeline@tbb@@QEAAX_K@Z 0000000180011240 f   pipeline.obj
 0001:000102f0       ?run@pipeline@tbb@@QEAAX_KAEAVtask_group_context@2@@Z 00000001800112f0 f   pipeline.obj
 0001:00010480       ?clear@pipeline@tbb@@QEAAXXZ 0000000180011480 f   pipeline.obj
 0001:000105c0       ?remove_filter@pipeline@tbb@@AEAAXAEAVfilter@2@@Z 00000001800115c0 f   pipeline.obj
 0001:00010770       ?inject_token@pipeline@tbb@@AEAAXAEAVtask@2@@Z 0000000180011770 f   pipeline.obj
 0001:000107d0       ?clear_filters@pipeline@tbb@@AEAAXXZ 00000001800117d0 f   pipeline.obj
 0001:00010860       ?grow@input_buffer@internal@tbb@@AEAAXK@Z 0000000180011860 f   pipeline.obj
 0001:00010a20       ?execute@stage_task@internal@tbb@@UEAAPEAVtask@3@XZ 0000000180011a20 f   pipeline.obj
 0001:00011170       ??$__TBB_store_with_release@HH@@YAXAECHH@Z 0000000180012170 f i pipeline.obj
 0001:00011190       ??$fetch_and_add@$0A@@?$atomic_impl_with_arithmetic@KKD@internal@tbb@@QEAAKK@Z 0000000180012190 f i pipeline.obj
 0001:000111d0       ??$note_done@Vstage_task@internal@tbb@@@input_buffer@internal@tbb@@QEAAXKAEAVstage_task@12@@Z 00000001800121d0 f i pipeline.obj
 0001:00011320       ??$poison_pointer@Utask_info@internal@tbb@@@internal@tbb@@YAXAEAPEAUtask_info@01@@Z 0000000180012320 f i pipeline.obj
 0001:00011340       ??$put_token@Vstage_task@internal@tbb@@@input_buffer@internal@tbb@@QEAA_NAEAVstage_task@12@@Z 0000000180012340 f i pipeline.obj
 0001:00011500       ??0?$cache_aligned_allocator@Utask_info@internal@tbb@@@tbb@@QEAA@XZ 0000000180012500 f i pipeline.obj
 0001:00011510       ??0allocate_additional_child_of_proxy@internal@tbb@@QEAA@AEAVtask@2@0@Z 0000000180012510 f i pipeline.obj
 0001:00011550       ??0allocate_root_with_context_proxy@internal@tbb@@QEAA@AEAVtask_group_context@2@@Z 0000000180012550 f i pipeline.obj
 0001:00011570       ??0input_buffer@internal@tbb@@QEAA@_N0@Z 0000000180012570 f i pipeline.obj
 0001:00011640       ??0pipeline_cleaner@internal@tbb@@QEAA@AEAVpipeline@2@@Z 0000000180012640 f i pipeline.obj
 0001:00011690       ??0pipeline_root_task@internal@tbb@@QEAA@AEAVpipeline@2@@Z 0000000180012690 f i pipeline.obj
 0001:000117d0       ??0spin_mutex@tbb@@QEAA@XZ 00000001800127d0 f i pipeline.obj
 0001:00011810       ??0stage_task@internal@tbb@@QEAA@AEAVpipeline@2@@Z 0000000180012810 f i pipeline.obj
 0001:000118a0       ??0stage_task@internal@tbb@@QEAA@AEAVpipeline@2@PEAVfilter@2@AEBUtask_info@12@@Z 00000001800128a0 f i pipeline.obj
 0001:00011930       ??0task@tbb@@IEAA@XZ       0000000180012930 f i pipeline.obj
 0001:00011990       ??0task_group_context@tbb@@QEAA@W4kind_type@01@_K@Z 0000000180012990 f i pipeline.obj
 0001:00011a00       ??1input_buffer@internal@tbb@@QEAA@XZ 0000000180012a00 f i pipeline.obj
 0001:00011a90       ??1pipeline_cleaner@internal@tbb@@QEAA@XZ 0000000180012a90 f i pipeline.obj
 0001:00011af0       ??1pipeline_root_task@internal@tbb@@UEAA@XZ 0000000180012af0 f i pipeline.obj
 0001:00011b20       ??1stage_task@internal@tbb@@UEAA@XZ 0000000180012b20 f i pipeline.obj
 0001:00011c00       ??1task@tbb@@UEAA@XZ       0000000180012c00 f i pipeline.obj
 0001:00011c20       ??2@YAPEAX_KAEBVallocate_additional_child_of_proxy@internal@tbb@@@Z 0000000180012c20 f i pipeline.obj
 0001:00011c60       ??2@YAPEAX_KAEBVallocate_child_proxy@internal@tbb@@@Z 0000000180012c60 f i pipeline.obj
 0001:00011ca0       ??2@YAPEAX_KAEBVallocate_root_with_context_proxy@internal@tbb@@@Z 0000000180012ca0 f i pipeline.obj
 0001:00011ce0       ??3@YAXPEAXAEBVallocate_additional_child_of_proxy@internal@tbb@@@Z 0000000180012ce0 f i pipeline.obj
 0001:00011d20       ??3@YAXPEAXAEBVallocate_child_proxy@internal@tbb@@@Z 0000000180012d20 f i pipeline.obj
 0001:00011d60       ??3@YAXPEAXAEBVallocate_root_with_context_proxy@internal@tbb@@@Z 0000000180012d60 f i pipeline.obj
 0001:00011da0       ??4?$atomic@K@tbb@@QEAAKK@Z 0000000180012da0 f i pipeline.obj
 0001:00011de0       ??B?$atomic_impl@K@internal@tbb@@QEDAKXZ 0000000180012de0 f i pipeline.obj
 0001:00011e30       ??E?$atomic_impl_with_arithmetic@KKD@internal@tbb@@QEAAKH@Z 0000000180012e30 f i pipeline.obj
 0001:00011e70       ??E?$atomic_impl_with_arithmetic@KKD@internal@tbb@@QEAAKXZ 0000000180012e70 f i pipeline.obj
 0001:00011eb0       ??F?$atomic_impl_with_arithmetic@KKD@internal@tbb@@QEAAKH@Z 0000000180012eb0 f i pipeline.obj
 0001:00011ef0       ??F?$atomic_impl_with_arithmetic@KKD@internal@tbb@@QEAAKXZ 0000000180012ef0 f i pipeline.obj
 0001:00011f30       ??_Gfilter@tbb@@UEAAPEAXI@Z 0000000180012f30 f i pipeline.obj
 0001:00011f30       ??_Efilter@tbb@@UEAAPEAXI@Z 0000000180012f30 f i pipeline.obj
 0001:00011f80       ??_Ginput_buffer@internal@tbb@@QEAAPEAXI@Z 0000000180012f80 f i pipeline.obj
 0001:00011fd0       ??_Gpipeline@tbb@@UEAAPEAXI@Z 0000000180012fd0 f i pipeline.obj
 0001:00011fd0       ??_Epipeline@tbb@@UEAAPEAXI@Z 0000000180012fd0 f i pipeline.obj
 0001:00012020       ??_Gpipeline_root_task@internal@tbb@@UEAAPEAXI@Z 0000000180013020 f i pipeline.obj
 0001:00012020       ??_Epipeline_root_task@internal@tbb@@UEAAPEAXI@Z 0000000180013020 f i pipeline.obj
 0001:00012070       ??_Estage_task@internal@tbb@@UEAAPEAXI@Z 0000000180013070 f i pipeline.obj
 0001:00012070       ??_Gstage_task@internal@tbb@@UEAAPEAXI@Z 0000000180013070 f i pipeline.obj
 0001:000120c0       ??_Gtask@tbb@@UEAAPEAXI@Z  00000001800130c0 f i pipeline.obj
 0001:000120c0       ??_Etask@tbb@@UEAAPEAXI@Z  00000001800130c0 f i pipeline.obj
 0001:00012110       ?add_to_depth@task@tbb@@QEAAXH@Z 0000000180013110 f i pipeline.obj
 0001:00012120       ?allocate@?$cache_aligned_allocator@Utask_info@internal@tbb@@@tbb@@QEAAPEAUtask_info@internal@2@_KPEBX@Z 0000000180013120 f i pipeline.obj
 0001:00012170       ?allocate_additional_child_of@task@tbb@@QEAA?AVallocate_additional_child_of_proxy@internal@2@AEAV12@@Z 0000000180013170 f i pipeline.obj
 0001:000121c0       ?allocate_child@task@tbb@@QEAAAEAVallocate_child_proxy@internal@2@XZ 00000001800131c0 f i pipeline.obj
 0001:000121d0       ?allocate_root@task@tbb@@SA?AVallocate_root_with_context_proxy@internal@2@AEAVtask_group_context@2@@Z 00000001800131d0 f i pipeline.obj
 0001:00012210       ?clear@input_buffer@internal@tbb@@QEAAXPEAVfilter@3@@Z 0000000180013210 f i pipeline.obj
 0001:000122d0       ?deallocate@?$cache_aligned_allocator@Utask_info@internal@tbb@@@tbb@@QEAAXPEAUtask_info@internal@2@_K@Z 00000001800132d0 f i pipeline.obj
 0001:00012310       ?execute@pipeline_root_task@internal@tbb@@EEAAPEAVtask@3@XZ 0000000180013310 f i pipeline.obj
 0001:000126d0       ?fetch_and_add@?$atomic_impl_with_arithmetic@KKD@internal@tbb@@QEAAKK@Z 00000001800136d0 f i pipeline.obj
 0001:00012710       ?finalize@filter@tbb@@UEAAXPEAX@Z 0000000180013710 f i pipeline.obj
 0001:00012720       ?is_bound@filter@tbb@@QEBA_NXZ 0000000180013720 f i pipeline.obj
 0001:00012770       ?is_cancelled@task@tbb@@QEBA_NXZ 0000000180013770 f i pipeline.obj
 0001:000127b0       ?is_ordered@filter@tbb@@QEBA_NXZ 00000001800137b0 f i pipeline.obj
 0001:00012800       ?is_serial@filter@tbb@@QEBA_NXZ 0000000180013800 f i pipeline.obj
 0001:00012820       ?not_in_pipeline@filter@tbb@@CAPEAV12@XZ 0000000180013820 f i pipeline.obj
 0001:00012830       ?parent@task@tbb@@QEBAPEAV12@XZ 0000000180013830 f i pipeline.obj
 0001:00012870       ?prefix@task@tbb@@AEBAAEAVtask_prefix@internal@2@PEAUversion_tag_v3@42@@Z 0000000180013870 f i pipeline.obj
 0001:000128a0       ?put_item@input_buffer@internal@tbb@@QEAAXAEAUtask_info@23@@Z 00000001800138a0 f i pipeline.obj
 0001:00012a30       ?put_task_info@stage_task@internal@tbb@@QEAAXAEAUtask_info@23@@Z 0000000180013a30 f i pipeline.obj
 0001:00012a80       ?recycle_as_continuation@task@tbb@@QEAAXXZ 0000000180013a80 f i pipeline.obj
 0001:00012af0       ?reset@stage_task@internal@tbb@@QEAAXXZ 0000000180013af0 f i pipeline.obj
 0001:00012b50       ?reset@task_info@internal@tbb@@QEAAXXZ 0000000180013b50 f i pipeline.obj
 0001:00012b90       ?return_item@input_buffer@internal@tbb@@QEAA_NAEAUtask_info@23@_N@Z 0000000180013b90 f i pipeline.obj
 0001:00012cc0       ?set_ref_count@task@tbb@@QEAAXH@Z 0000000180013cc0 f i pipeline.obj
 0001:00012d00       ?spawn@task@tbb@@QEAAXAEAV12@@Z 0000000180013d00 f i pipeline.obj
 0001:00012d70       ?spawn_root_and_wait@task@tbb@@SAXAEAV12@@Z 0000000180013d70 f i pipeline.obj
 0001:00012de0       ?spawn_stage_task@stage_task@internal@tbb@@QEAAXAEBUtask_info@23@@Z 0000000180013de0 f i pipeline.obj
 0001:00012eb0       ?store_with_release@?$atomic_impl@K@internal@tbb@@IEAAKK@Z 0000000180013eb0 f i pipeline.obj
 0001:00012f10       ?run@private_worker@rml@internal@tbb@@AEAAXXZ 0000000180013f10 f   private_server.obj
 0001:000130c0       ?start_shutdown@private_worker@rml@internal@tbb@@AEAAXXZ 00000001800140c0 f   private_server.obj
 0001:00013180       ?thread_routine@private_worker@rml@internal@tbb@@CAIPEAX@Z 0000000180014180 f   private_server.obj
 0001:000132b0       ?wake_some@private_server@rml@internal@tbb@@AEAAXH@Z 00000001800142b0 f   private_server.obj
 0001:000134b0       ??1private_server@rml@internal@tbb@@EEAA@XZ 00000001800144b0 f   private_server.obj
 0001:000135b0       ??0private_server@rml@internal@tbb@@QEAA@AEAVtbb_client@123@@Z 00000001800145b0 f   private_server.obj
 0001:00013820       ?adjust_job_count_estimate@private_server@rml@internal@tbb@@UEAAXH@Z 0000000180014820 f   private_server.obj
 0001:000138a0       ?make_private_server@rml@internal@tbb@@YAPEAVtbb_server@123@AEAVtbb_client@123@@Z 00000001800148a0 f   private_server.obj
 0001:00013940       ??$compare_and_swap@$0A@@?$atomic_impl@H@internal@tbb@@QEAAHHH@Z 0000000180014940 f i private_server.obj
 0001:000139c0       ??$compare_and_swap@$0A@@?$atomic_impl@W4state_t@private_worker@rml@internal@tbb@@@internal@tbb@@QEAA?AW4state_t@private_worker@rml@12@W434512@0@Z 00000001800149c0 f i private_server.obj
 0001:00013a40       ??$fetch_and_add@$0A@@?$atomic_impl_with_arithmetic@HHD@internal@tbb@@QEAAHH@Z 0000000180014a40 f i private_server.obj
 0001:00013a80       ??$poison_pointer@Vpadded_private_worker@rml@internal@tbb@@@internal@tbb@@YAXAEAPEAVpadded_private_worker@rml@01@@Z 0000000180014a80 f i private_server.obj
 0001:00013aa0       ??0?$cache_aligned_allocator@Vpadded_private_worker@rml@internal@tbb@@@tbb@@QEAA@XZ 0000000180014aa0 f i private_server.obj
 0001:00013ab0       ??0?$cache_aligned_allocator@Vprivate_server@rml@internal@tbb@@@tbb@@QEAA@XZ 0000000180014ab0 f i private_server.obj
 0001:00013ac0       ??0padded_private_worker@rml@internal@tbb@@QEAA@AEAVprivate_server@123@AEAVtbb_client@123@_K@Z 0000000180014ac0 f i private_server.obj
 0001:00013b20       ??0private_worker@rml@internal@tbb@@IEAA@AEAVprivate_server@123@AEAVtbb_client@123@_K@Z 0000000180014b20 f i private_server.obj
 0001:00013bc0       ??0server@rml@@QEAA@XZ     0000000180014bc0 f i private_server.obj
 0001:00013c10       ??0tbb_server@rml@internal@tbb@@QEAA@XZ 0000000180014c10 f i private_server.obj
 0001:00013c60       ??0thread_monitor@internal@rml@@QEAA@XZ 0000000180014c60 f i private_server.obj
 0001:00013cd0       ??0versioned_object@rml@@QEAA@XZ 0000000180014cd0 f i private_server.obj
 0001:00013cf0       ??1padded_private_worker@rml@internal@tbb@@QEAA@XZ 0000000180014cf0 f i private_server.obj
 0001:00013d20       ??1private_worker@rml@internal@tbb@@QEAA@XZ 0000000180014d20 f i private_server.obj
 0001:00013d60       ??1thread_monitor@internal@rml@@QEAA@XZ 0000000180014d60 f i private_server.obj
 0001:00013db0       ??4?$atomic@H@tbb@@QEAAHH@Z 0000000180014db0 f i private_server.obj
 0001:00013df0       ??4?$atomic@PEAVprivate_worker@rml@internal@tbb@@@tbb@@QEAAPEAVprivate_worker@rml@internal@1@PEAV2341@@Z 0000000180014df0 f i private_server.obj
 0001:00013e30       ??4?$atomic@W4state_t@private_worker@rml@internal@tbb@@@tbb@@QEAA?AW4state_t@private_worker@rml@internal@1@W423451@@Z 0000000180014e30 f i private_server.obj
 0001:00013e70       ??B?$atomic_impl@H@internal@tbb@@QEDAHXZ 0000000180014e70 f i private_server.obj
 0001:00013ec0       ??B?$atomic_impl@PEAVprivate_worker@rml@internal@tbb@@@internal@tbb@@QEDAPEAVprivate_worker@rml@12@XZ 0000000180014ec0 f i private_server.obj
 0001:00013f10       ??B?$atomic_impl@W4state_t@private_worker@rml@internal@tbb@@@internal@tbb@@QEDA?AW4state_t@private_worker@rml@12@XZ 0000000180014f10 f i private_server.obj
 0001:00013f60       ??E?$atomic_impl_with_arithmetic@HHD@internal@tbb@@QEAAHXZ 0000000180014f60 f i private_server.obj
 0001:00013fa0       ??F?$atomic_impl_with_arithmetic@HHD@internal@tbb@@QEAAHXZ 0000000180014fa0 f i private_server.obj
 0001:00013fe0       ??Y?$atomic_impl_with_arithmetic@HHD@internal@tbb@@QEAAHH@Z 0000000180014fe0 f i private_server.obj
 0001:00014020       ??_Gpadded_private_worker@rml@internal@tbb@@QEAAPEAXI@Z 0000000180015020 f i private_server.obj
 0001:00014070       ??_Eprivate_server@rml@internal@tbb@@EEAAPEAXI@Z 0000000180015070 f i private_server.obj
 0001:00014070       ??_Gprivate_server@rml@internal@tbb@@EEAAPEAXI@Z 0000000180015070 f i private_server.obj
 0001:000140c0       ?allocate@?$cache_aligned_allocator@Vpadded_private_worker@rml@internal@tbb@@@tbb@@QEAAPEAVpadded_private_worker@rml@internal@2@_KPEBX@Z 00000001800150c0 f i private_server.obj
 0001:00014110       ?allocate@?$cache_aligned_allocator@Vprivate_server@rml@internal@tbb@@@tbb@@QEAAPEAVprivate_server@rml@internal@2@_KPEBX@Z 0000000180015110 f i private_server.obj
 0001:00014160       ?cancel_wait@thread_monitor@internal@rml@@QEAAXXZ 0000000180015160 f i private_server.obj
 0001:000141a0       ?commit_wait@thread_monitor@internal@rml@@QEAAXAEAVcookie@123@@Z 00000001800151a0 f i private_server.obj
 0001:00014230       ?compare_and_swap@?$atomic_impl@H@internal@tbb@@QEAAHHH@Z 0000000180015230 f i private_server.obj
 0001:00014270       ?compare_and_swap@?$atomic_impl@W4state_t@private_worker@rml@internal@tbb@@@internal@tbb@@QEAA?AW4state_t@private_worker@rml@23@W445623@0@Z 0000000180015270 f i private_server.obj
 0001:000142b0       ?compare_and_swap@?$atomic_traits@$03$0A@@internal@tbb@@SAHPECXHH@Z 00000001800152b0 f i private_server.obj
 0001:00014300       ?deallocate@?$cache_aligned_allocator@Vpadded_private_worker@rml@internal@tbb@@@tbb@@QEAAXPEAVpadded_private_worker@rml@internal@2@_K@Z 0000000180015300 f i private_server.obj
 0001:00014340       ?deallocate@?$cache_aligned_allocator@Vprivate_server@rml@internal@tbb@@@tbb@@QEAAXPEAVprivate_server@rml@internal@2@_K@Z 0000000180015340 f i private_server.obj
 0001:00014380       ?default_concurrency@private_server@rml@internal@tbb@@UEBAIXZ 0000000180015380 f i private_server.obj
 0001:000143b0       ?fetch_and_add@?$atomic_impl_with_arithmetic@HHD@internal@tbb@@QEAAHH@Z 00000001800153b0 f i private_server.obj
 0001:000143f0       ?has_sleepers@private_server@rml@internal@tbb@@AEBA_NXZ 00000001800153f0 f i private_server.obj
 0001:00014450       ?independent_thread_number_changed@private_server@rml@internal@tbb@@UEAAXH@Z 0000000180015450 f i private_server.obj
 0001:000144a0       ?launch@thread_monitor@internal@rml@@SAXP6AIPEAX@Z0_K@Z 00000001800154a0 f i private_server.obj
 0001:00014550       ?notify@thread_monitor@internal@rml@@QEAAXXZ 0000000180015550 f i private_server.obj
 0001:000145c0       ?prepare_wait@thread_monitor@internal@rml@@QEAAXAEAVcookie@123@@Z 00000001800155c0 f i private_server.obj
 0001:00014610       ?remove_server_ref@private_server@rml@internal@tbb@@AEAAXXZ 0000000180015610 f i private_server.obj
 0001:00014690       ?request_close_connection@private_server@rml@internal@tbb@@UEAAXXZ 0000000180015690 f i private_server.obj
 0001:00014710       ?store_with_release@?$atomic_impl@H@internal@tbb@@IEAAHH@Z 0000000180015710 f i private_server.obj
 0001:00014770       ?store_with_release@?$atomic_impl@PEAVprivate_worker@rml@internal@tbb@@@internal@tbb@@IEAAPEAVprivate_worker@rml@23@PEAV4523@@Z 0000000180015770 f i private_server.obj
 0001:000147d0       ?store_with_release@?$atomic_impl@W4state_t@private_worker@rml@internal@tbb@@@internal@tbb@@IEAA?AW4state_t@private_worker@rml@23@W445623@@Z 00000001800157d0 f i private_server.obj
 0001:00014830       ?try_insert_in_asleep_list@private_server@rml@internal@tbb@@AEAA_NAEAVprivate_worker@234@@Z 0000000180015830 f i private_server.obj
 0001:00014930       ?version@private_server@rml@internal@tbb@@UEBAIXZ 0000000180015930 f i private_server.obj
 0001:00014940       ?yield@private_server@rml@internal@tbb@@UEAAXXZ 0000000180015940 f i private_server.obj
 0001:00014970       ?acquire@scoped_lock@queuing_mutex@tbb@@QEAAXAEAV23@@Z 0000000180015970 f   queuing_mutex.obj
 0001:00014ab0       ?try_acquire@scoped_lock@queuing_mutex@tbb@@QEAA_NAEAV23@@Z 0000000180015ab0 f   queuing_mutex.obj
 0001:00014ba0       ?release@scoped_lock@queuing_mutex@tbb@@QEAAXXZ 0000000180015ba0 f   queuing_mutex.obj
 0001:00014ca0       ?internal_construct@queuing_mutex@tbb@@QEAAXXZ 0000000180015ca0 f   queuing_mutex.obj
 0001:00014cf0       ??$__TBB_load_with_acquire@_K@@YA_KAED_K@Z 0000000180015cf0 f i queuing_mutex.obj
 0001:00014d30       ??$__TBB_store_with_release@_KH@@YAXAEC_KH@Z 0000000180015d30 f i queuing_mutex.obj
 0001:00014d50       ??$compare_and_swap@$01@?$atomic_impl@PEAVscoped_lock@queuing_mutex@tbb@@@internal@tbb@@QEAAPEAVscoped_lock@queuing_mutex@2@PEAV342@0@Z 0000000180015d50 f i queuing_mutex.obj
 0001:00014de0       ??$fetch_and_store@$01@?$atomic_impl@PEAVscoped_lock@queuing_mutex@tbb@@@internal@tbb@@QEAAPEAVscoped_lock@queuing_mutex@2@PEAV342@@Z 0000000180015de0 f i queuing_mutex.obj
 0001:00014e50       ??$poison_pointer@Vscoped_lock@queuing_mutex@tbb@@@internal@tbb@@YAXAEAPEAVscoped_lock@queuing_mutex@1@@Z 0000000180015e50 f i queuing_mutex.obj
 0001:00014e70       ??$spin_wait_while_eq@PEAVscoped_lock@queuing_mutex@tbb@@PEAV123@@internal@tbb@@YAXAEDSEAVscoped_lock@queuing_mutex@1@PEAV231@@Z 0000000180015e70 f i queuing_mutex.obj
 0001:00014ed0       ??$spin_wait_while_eq@_KK@internal@tbb@@YAXAED_KK@Z 0000000180015ed0 f i queuing_mutex.obj
 0001:00014f30       ??B?$atomic_impl@PEAVscoped_lock@queuing_mutex@tbb@@@internal@tbb@@QEDAPEAVscoped_lock@queuing_mutex@2@XZ 0000000180015f30 f i queuing_mutex.obj
 0001:00014f80       ?compare_and_swap@?$atomic_traits@$07$01@internal@tbb@@SA_JPECX_J1@Z 0000000180015f80 f i queuing_mutex.obj
 0001:00014fd0       ?fetch_and_store@?$atomic_traits@$07$01@internal@tbb@@SA_JPECX_J@Z 0000000180015fd0 f i queuing_mutex.obj
 0001:00014ff0       ?initialize@scoped_lock@queuing_mutex@tbb@@AEAAXXZ 0000000180015ff0 f i queuing_mutex.obj
 0001:00015040       ?acquire@scoped_lock@queuing_rw_mutex@tbb@@QEAAXAEAV23@_N@Z 0000000180016040 f   queuing_rw_mutex.obj
 0001:000154f0       ?try_acquire@scoped_lock@queuing_rw_mutex@tbb@@QEAA_NAEAV23@_N@Z 00000001800164f0 f   queuing_rw_mutex.obj
 0001:00015630       ?release@scoped_lock@queuing_rw_mutex@tbb@@QEAAXXZ 0000000180016630 f   queuing_rw_mutex.obj
 0001:00015c10       ?upgrade_to_writer@scoped_lock@queuing_rw_mutex@tbb@@QEAA_NXZ 0000000180016c10 f   queuing_rw_mutex.obj
 0001:000163a0       ?downgrade_to_reader@scoped_lock@queuing_rw_mutex@tbb@@QEAA_NXZ 00000001800173a0 f   queuing_rw_mutex.obj
 0001:00016560       ?internal_construct@queuing_rw_mutex@tbb@@QEAAXXZ 0000000180017560 f   queuing_rw_mutex.obj
 0001:000165b0       ??$__TBB_load_with_acquire@D@@YADAEDD@Z 00000001800175b0 f i queuing_rw_mutex.obj
 0001:000165f0       ??$__TBB_load_with_acquire@E@@YAEAEDE@Z 00000001800175f0 f i queuing_rw_mutex.obj
 0001:00016630       ??$__TBB_load_with_acquire@PEAVscoped_lock@queuing_rw_mutex@tbb@@@@YAPEAVscoped_lock@queuing_rw_mutex@tbb@@AEDSEAV012@@Z 0000000180017630 f i queuing_rw_mutex.obj
 0001:00016670       ??$__TBB_store_with_release@DD@@YAXAECDD@Z 0000000180017670 f i queuing_rw_mutex.obj
 0001:00016690       ??$__TBB_store_with_release@EE@@YAXAECEE@Z 0000000180017690 f i queuing_rw_mutex.obj
 0001:000166b0       ??$__TBB_store_with_release@EH@@YAXAECEH@Z 00000001800176b0 f i queuing_rw_mutex.obj
 0001:000166d0       ??$__TBB_store_with_release@PEAVscoped_lock@queuing_rw_mutex@tbb@@PEAV123@@@YAXAECREAVscoped_lock@queuing_rw_mutex@tbb@@PEAV012@@Z 00000001800176d0 f i queuing_rw_mutex.obj
 0001:000166f0       ??$as_atomic@E@tbb@@YAAEAU?$atomic@E@0@AEAE@Z 00000001800176f0 f i queuing_rw_mutex.obj
 0001:00016700       ??$compare_and_swap@$00@?$atomic_impl@E@internal@tbb@@QEAAEEE@Z 0000000180017700 f i queuing_rw_mutex.obj
 0001:00016790       ??$compare_and_swap@$01@?$atomic_impl@E@internal@tbb@@QEAAEEE@Z 0000000180017790 f i queuing_rw_mutex.obj
 0001:00016820       ??$compare_and_swap@$01@?$atomic_impl@PEAVscoped_lock@queuing_rw_mutex@tbb@@@internal@tbb@@QEAAPEAVscoped_lock@queuing_rw_mutex@2@PEAV342@0@Z 0000000180017820 f i queuing_rw_mutex.obj
 0001:000168b0       ??$compare_and_swap@$01@?$tricky_atomic_pointer@Vscoped_lock@queuing_rw_mutex@tbb@@@tbb@@SAPEAVscoped_lock@queuing_rw_mutex@1@PECREAV231@PEAV231@1@Z 00000001800178b0 f i queuing_rw_mutex.obj
 0001:00016900       ??$fetch_and_add@$00@?$tricky_atomic_pointer@Vscoped_lock@queuing_rw_mutex@tbb@@@tbb@@SAPEAVscoped_lock@queuing_rw_mutex@1@PECREAV231@_J@Z 0000000180017900 f i queuing_rw_mutex.obj
 0001:00016940       ??$fetch_and_store@$01@?$atomic_impl@PEAVscoped_lock@queuing_rw_mutex@tbb@@@internal@tbb@@QEAAPEAVscoped_lock@queuing_rw_mutex@2@PEAV342@@Z 0000000180017940 f i queuing_rw_mutex.obj
 0001:000169b0       ??$fetch_and_store@$01@?$tricky_atomic_pointer@Vscoped_lock@queuing_rw_mutex@tbb@@@tbb@@SAPEAVscoped_lock@queuing_rw_mutex@1@PECREAV231@PEAV231@@Z 00000001800179b0 f i queuing_rw_mutex.obj
 0001:000169f0       ??$poison_pointer@Vscoped_lock@queuing_rw_mutex@tbb@@@internal@tbb@@YAXAEAPEAVscoped_lock@queuing_rw_mutex@1@@Z 00000001800179f0 f i queuing_rw_mutex.obj
 0001:00016a10       ??$spin_wait_until_eq@EE@internal@tbb@@YAXAEDEE@Z 0000000180017a10 f i queuing_rw_mutex.obj
 0001:00016a80       ??$spin_wait_until_eq@EH@internal@tbb@@YAXAEDEH@Z 0000000180017a80 f i queuing_rw_mutex.obj
 0001:00016ae0       ??$spin_wait_while_eq@EH@internal@tbb@@YAXAEDEH@Z 0000000180017ae0 f i queuing_rw_mutex.obj
 0001:00016b40       ??$spin_wait_while_eq@PEAVscoped_lock@queuing_rw_mutex@tbb@@PEAV123@@internal@tbb@@YAXAEDSEAVscoped_lock@queuing_rw_mutex@1@PEAV231@@Z 0000000180017b40 f i queuing_rw_mutex.obj
 0001:00016ba0       ??$spin_wait_while_eq@PEAVscoped_lock@queuing_rw_mutex@tbb@@PEAX@internal@tbb@@YAXAEDSEAVscoped_lock@queuing_rw_mutex@1@PEAX@Z 0000000180017ba0 f i queuing_rw_mutex.obj
 0001:00016c00       ??0?$tricky_atomic_pointer@Vscoped_lock@queuing_rw_mutex@tbb@@@tbb@@QEAA@AEAPEAVscoped_lock@queuing_rw_mutex@1@@Z 0000000180017c00 f i queuing_rw_mutex.obj
 0001:00016c50       ??4?$atomic@E@tbb@@QEAAEE@Z 0000000180017c50 f i queuing_rw_mutex.obj
 0001:00016c90       ??B?$atomic_impl@E@internal@tbb@@QEDAEXZ 0000000180017c90 f i queuing_rw_mutex.obj
 0001:00016ce0       ??B?$atomic_impl@PEAVscoped_lock@queuing_rw_mutex@tbb@@@internal@tbb@@QEDAPEAVscoped_lock@queuing_rw_mutex@2@XZ 0000000180017ce0 f i queuing_rw_mutex.obj
 0001:00016d30       ??I?$tricky_atomic_pointer@Vscoped_lock@queuing_rw_mutex@tbb@@@tbb@@QEBAPEAVscoped_lock@queuing_rw_mutex@1@_J@Z 0000000180017d30 f i queuing_rw_mutex.obj
 0001:00016d50       ??U?$tricky_atomic_pointer@Vscoped_lock@queuing_rw_mutex@tbb@@@tbb@@QEBAPEAVscoped_lock@queuing_rw_mutex@1@_J@Z 0000000180017d50 f i queuing_rw_mutex.obj
 0001:00016d70       ?acquire_internal_lock@scoped_lock@queuing_rw_mutex@tbb@@AEAAXXZ 0000000180017d70 f i queuing_rw_mutex.obj
 0001:00016dc0       ?compare_and_swap@?$atomic_traits@$00$00@internal@tbb@@SADPECXDD@Z 0000000180017dc0 f i queuing_rw_mutex.obj
 0001:00016e10       ?compare_and_swap@?$atomic_traits@$00$01@internal@tbb@@SADPECXDD@Z 0000000180017e10 f i queuing_rw_mutex.obj
 0001:00016e60       ?fetch_and_add@?$atomic_traits@$07$00@internal@tbb@@SA_JPECX_J@Z 0000000180017e60 f i queuing_rw_mutex.obj
 0001:00016e80       ?get_flag@tbb@@YA_KPEAVscoped_lock@queuing_rw_mutex@1@@Z 0000000180017e80 f i queuing_rw_mutex.obj
 0001:00016ec0       ?initialize@scoped_lock@queuing_rw_mutex@tbb@@AEAAXXZ 0000000180017ec0 f i queuing_rw_mutex.obj
 0001:00016f30       ?release_internal_lock@scoped_lock@queuing_rw_mutex@tbb@@AEAAXXZ 0000000180017f30 f i queuing_rw_mutex.obj
 0001:00016f70       ?store_with_release@?$atomic_impl@E@internal@tbb@@IEAAEE@Z 0000000180017f70 f i queuing_rw_mutex.obj
 0001:00016fd0       ?try_acquire_internal_lock@scoped_lock@queuing_rw_mutex@tbb@@AEAA_NXZ 0000000180017fd0 f i queuing_rw_mutex.obj
 0001:00017030       ?unblock_or_wait_on_internal_lock@scoped_lock@queuing_rw_mutex@tbb@@AEAAX_K@Z 0000000180018030 f i queuing_rw_mutex.obj
 0001:00017080       ?wait_for_release_of_internal_lock@scoped_lock@queuing_rw_mutex@tbb@@AEAAXXZ 0000000180018080 f i queuing_rw_mutex.obj
 0001:000170c0       ?internal_acquire@scoped_lock@recursive_mutex@tbb@@AEAAXAEAV23@@Z 00000001800180c0 f   recursive_mutex.obj
 0001:00017180       ?internal_try_acquire@scoped_lock@recursive_mutex@tbb@@AEAA_NAEAV23@@Z 0000000180018180 f   recursive_mutex.obj
 0001:00017270       ?internal_release@scoped_lock@recursive_mutex@tbb@@AEAAXXZ 0000000180018270 f   recursive_mutex.obj
 0001:00017360       ?internal_construct@recursive_mutex@tbb@@AEAAXXZ 0000000180018360 f   recursive_mutex.obj
 0001:000173e0       ?internal_destroy@recursive_mutex@tbb@@AEAAXXZ 00000001800183e0 f   recursive_mutex.obj
 0001:000174a0       ?internal_acquire@scoped_lock@spin_mutex@tbb@@AEAAXAEAV23@@Z 00000001800184a0 f   spin_mutex.obj
 0001:00017550       ?internal_try_acquire@scoped_lock@spin_mutex@tbb@@AEAA_NAEAV23@@Z 0000000180018550 f   spin_mutex.obj
 0001:00017600       ?internal_release@scoped_lock@spin_mutex@tbb@@AEAAXXZ 0000000180018600 f   spin_mutex.obj
 0001:000176d0       ?internal_construct@spin_mutex@tbb@@QEAAXXZ 00000001800186d0 f   spin_mutex.obj
 0001:00017720       ?__TBB_LockByte@@YA_KAEAE@Z 0000000180018720 f i spin_mutex.obj
 0001:00017790       ?__TBB_TryLockByte@@YA_NAEAE@Z 0000000180018790 f i spin_mutex.obj
 0001:000177f0       ?internal_acquire_writer@spin_rw_mutex_v3@tbb@@AEAA_NXZ 00000001800187f0 f   spin_rw_mutex.obj
 0001:000178e0       ?internal_release_writer@spin_rw_mutex_v3@tbb@@AEAAXXZ 00000001800188e0 f   spin_rw_mutex.obj
 0001:00017940       ?internal_acquire_reader@spin_rw_mutex_v3@tbb@@AEAAXXZ 0000000180018940 f   spin_rw_mutex.obj
 0001:00017a40       ?internal_upgrade@spin_rw_mutex_v3@tbb@@AEAA_NXZ 0000000180018a40 f   spin_rw_mutex.obj
 0001:00017bd0       ?internal_downgrade@spin_rw_mutex_v3@tbb@@AEAAXXZ 0000000180018bd0 f   spin_rw_mutex.obj
 0001:00017c50       ?internal_release_reader@spin_rw_mutex_v3@tbb@@AEAAXXZ 0000000180018c50 f   spin_rw_mutex.obj
 0001:00017cd0       ?internal_try_acquire_writer@spin_rw_mutex_v3@tbb@@AEAA_NXZ 0000000180018cd0 f   spin_rw_mutex.obj
 0001:00017d50       ?internal_try_acquire_reader@spin_rw_mutex_v3@tbb@@AEAA_NXZ 0000000180018d50 f   spin_rw_mutex.obj
 0001:00017df0       ?internal_construct@spin_rw_mutex_v3@tbb@@AEAAXXZ 0000000180018df0 f   spin_rw_mutex.obj
 0001:00017ea0       ?__TBB_machine_AND@@YAXPECX_J@Z 0000000180018ea0 f i spin_rw_mutex.obj
 0001:00017ec0       ??1scheduler@internal@tbb@@UEAA@XZ 0000000180018ec0 f   task.obj
 0001:00017ee0       ?allocate@allocate_root_with_context_proxy@internal@tbb@@QEBAAEAVtask@3@_K@Z 0000000180018ee0 f   task.obj
 0001:000180b0       ?free@allocate_root_with_context_proxy@internal@tbb@@QEBAXAEAVtask@3@@Z 00000001800190b0 f   task.obj
 0001:00018130       ?allocate@allocate_root_proxy@internal@tbb@@SAAEAVtask@3@_K@Z 0000000180019130 f   task.obj
 0001:000181c0       ?free@allocate_root_proxy@internal@tbb@@SAXAEAVtask@3@@Z 00000001800191c0 f   task.obj
 0001:00018230       ?allocate@allocate_continuation_proxy@internal@tbb@@QEBAAEAVtask@3@_K@Z 0000000180019230 f   task.obj
 0001:000182f0       ?free@allocate_continuation_proxy@internal@tbb@@QEBAXAEAVtask@3@@Z 00000001800192f0 f   task.obj
 0001:00018360       ?allocate@allocate_child_proxy@internal@tbb@@QEBAAEAVtask@3@_K@Z 0000000180019360 f   task.obj
 0001:00018400       ?free@allocate_child_proxy@internal@tbb@@QEBAXAEAVtask@3@@Z 0000000180019400 f   task.obj
 0001:00018450       ?allocate@allocate_additional_child_of_proxy@internal@tbb@@QEBAAEAVtask@3@_K@Z 0000000180019450 f   task.obj
 0001:00018500       ?free@allocate_additional_child_of_proxy@internal@tbb@@QEBAXAEAVtask@3@@Z 0000000180019500 f   task.obj
 0001:00018550       ??1task_group_context@tbb@@QEAA@XZ 0000000180019550 f   task.obj
 0001:00018680       ?reset@task_group_context@tbb@@QEAAXXZ 0000000180019680 f   task.obj
 0001:000186f0       ?cancel_group_execution@task_group_context@tbb@@QEAA_NXZ 00000001800196f0 f   task.obj
 0001:000187a0       ?is_group_execution_cancelled@task_group_context@tbb@@QEBA_NXZ 00000001800197a0 f   task.obj
 0001:000187f0       ?register_pending_exception@task_group_context@tbb@@QEAAXXZ 00000001800197f0 f   task.obj
 0001:00018860       ?init@task_group_context@tbb@@IEAAXXZ 0000000180019860 f   task.obj
 0001:00018a20       ?propagate_cancellation_from_ancestors@task_group_context@tbb@@QEAAXXZ 0000000180019a20 f   task.obj
 0001:00018ac0       ?internal_set_ref_count@task@tbb@@AEAAXH@Z 0000000180019ac0 f   task.obj
 0001:00018ba0       ?internal_decrement_ref_count@task@tbb@@AEAA_JXZ 0000000180019ba0 f   task.obj
 0001:00018c80       ?destroy@task@tbb@@QEAAXAEAV12@@Z 0000000180019c80 f   task.obj
 0001:00018dc0       ?spawn_and_wait_for_all@task@tbb@@QEAAXAEAVtask_list@2@@Z 0000000180019dc0 f   task.obj
 0001:00018e80       ?self@task@tbb@@SAAEAV12@XZ 0000000180019e80 f   task.obj
 0001:00018f20       ?is_owned_by_current_thread@task@tbb@@QEBA_NXZ 0000000180019f20 f   task.obj
 0001:00018f30       ?note_affinity@task@tbb@@UEAAXG@Z 0000000180019f30 f   task.obj
 0001:00018f50       ?move@captured_exception@tbb@@UEAAPEAV12@XZ 0000000180019f50 f   task.obj
 0001:00019030       ?destroy@captured_exception@tbb@@UEAAXXZ 000000018001a030 f   task.obj
 0001:000190b0       ?name@captured_exception@tbb@@UEBAPEBDXZ 000000018001a0b0 f   task.obj
 0001:000190d0       ?what@captured_exception@tbb@@UEBAPEBDXZ 000000018001a0d0 f   task.obj
 0001:000190f0       ?set@captured_exception@tbb@@QEAAXPEBD0@Z 000000018001a0f0 f   task.obj
 0001:00019150       ?clear@captured_exception@tbb@@QEAAXXZ 000000018001a150 f   task.obj
 0001:000191a0       ?allocate@captured_exception@tbb@@SAPEAV12@PEBD0@Z 000000018001a1a0 f   task.obj
 0001:00019250       ?allocate@tbb_exception_ptr@internal@tbb@@SAPEAV123@XZ 000000018001a250 f   task.obj
 0001:000192c0       ?allocate@tbb_exception_ptr@internal@tbb@@SAPEAV123@AEBVtbb_exception@3@@Z 000000018001a2c0 f   task.obj
 0001:00019330       ?allocate@tbb_exception_ptr@internal@tbb@@SAPEAV123@AEAVcaptured_exception@3@@Z 000000018001a330 f   task.obj
 0001:00019380       ?destroy@tbb_exception_ptr@internal@tbb@@QEAAXXZ 000000018001a380 f   task.obj
 0001:000193c0       ?initialize@task_scheduler_init@tbb@@QEAAXH@Z 000000018001a3c0 f   task.obj
 0001:00019400       ?initialize@task_scheduler_init@tbb@@QEAAXH_K@Z 000000018001a400 f   task.obj
 0001:000194e0       ?terminate@task_scheduler_init@tbb@@QEAAXXZ 000000018001a4e0 f   task.obj
 0001:00019560       ?default_num_threads@task_scheduler_init@tbb@@SAHXZ 000000018001a560 f   task.obj
 0001:000195b0       ?observe@task_scheduler_observer_v3@internal@tbb@@QEAAX_N@Z 000000018001a5b0 f   task.obj
 0001:00019790       ?get_initial_auto_partitioner_divisor@internal@tbb@@YA_KXZ 000000018001a790 f   task.obj
 0001:000197d0       ?resize@affinity_partitioner_base_v3@internal@tbb@@AEAAXI@Z 000000018001a7d0 f   task.obj
 0001:00019920       ?remove_ref_slow@observer_proxy@internal@tbb@@AEAAXXZ 000000018001a920 f   task.obj
[...]
 0004:00002e74       $pdata$?_getMemBlockDataString@@YAXPEAD00_K@Z 0000000180049e74     MSVCRTD:error.obj
 0004:00002e80       $pdata$2$?_getMemBlockDataString@@YAXPEAD00_K@Z 0000000180049e80     MSVCRTD:error.obj
 0004:00002e8c       $pdata$3$?_getMemBlockDataString@@YAXPEAD00_K@Z 0000000180049e8c     MSVCRTD:error.obj
 0004:00002e98       $pdata$?failwithmessage@@YAXPEAXHHPEBD@Z 0000000180049e98     MSVCRTD:error.obj
 0004:00002ea4       $pdata$_RTC_UninitUse      0000000180049ea4     MSVCRTD:error.obj
 0004:00002eb0       $pdata$_FindPESection      0000000180049eb0     MSVCRTD:pesect.obj
 0004:00002ebc       $pdata$_IsNonwritableInCurrentImage 0000000180049ebc     MSVCRTD:pesect.obj
 0004:00002ec8       $pdata$_ValidateImageBase  0000000180049ec8     MSVCRTD:pesect.obj
 0004:00002ed4       $pdata$__security_init_cookie 0000000180049ed4     MSVCRTD:gs_support.obj
 0004:00002ee0       $pdata$_RTC_Initialize     0000000180049ee0     MSVCRTD:initsect.obj
 0004:00002eec       $pdata$_RTC_Terminate      0000000180049eec     MSVCRTD:initsect.obj
 0004:00002ef8       $pdata$?GetPdbDll@@YAPEAUHINSTANCE__@@XZ 0000000180049ef8     MSVCRTD:pdblkup.obj
 0004:00002f04       $pdata$?GetPdbDllFromInstallPath@@YAPEAUHINSTANCE__@@XZ 0000000180049f04     MSVCRTD:pdblkup.obj
 0004:00002f10       $pdata$0$?GetPdbDllFromInstallPath@@YAPEAUHINSTANCE__@@XZ 0000000180049f10     MSVCRTD:pdblkup.obj
 0004:00002f1c       $pdata$1$?GetPdbDllFromInstallPath@@YAPEAUHINSTANCE__@@XZ 0000000180049f1c     MSVCRTD:pdblkup.obj
 0004:00002f28       $pdata$2$?GetPdbDllFromInstallPath@@YAPEAUHINSTANCE__@@XZ 0000000180049f28     MSVCRTD:pdblkup.obj
 0004:00002f34       $pdata$3$?GetPdbDllFromInstallPath@@YAPEAUHINSTANCE__@@XZ 0000000180049f34     MSVCRTD:pdblkup.obj
 0004:00002f40       $pdata$4$?GetPdbDllFromInstallPath@@YAPEAUHINSTANCE__@@XZ 0000000180049f40     MSVCRTD:pdblkup.obj
 0004:00002f4c       $pdata$5$?GetPdbDllFromInstallPath@@YAPEAUHINSTANCE__@@XZ 0000000180049f4c     MSVCRTD:pdblkup.obj
 0004:00002f58       $pdata$?GetPdbDllPathFromFilePath@@YAHPEB_WPEA_W_K@Z 0000000180049f58     MSVCRTD:pdblkup.obj
 0004:00002f64       $pdata$?_RTC_GetSrcLine@@YAHPEAEPEA_WKPEAH1K@Z 0000000180049f64     MSVCRTD:pdblkup.obj
 0004:00002f70       $pdata$?dtor$0@?0???0concurrent_queue_iterator_base@internal@tbb@@IEAA@AEBVconcurrent_queue_base@12@@Z@4HA 0000000180049f70     concurrent_queue_v2.obj
 0004:00002f7c       $pdata$?dtor$0@?0??push@micro_queue@internal@tbb@@QEAAXPEBX_KAEAVconcurrent_queue_base@23@@Z@4HA 0000000180049f7c     concurrent_queue_v2.obj
 0004:00002f88       $pdata$?dtor$1@?0??push@micro_queue@internal@tbb@@QEAAXPEBX_KAEAVconcurrent_queue_base@23@@Z@4HA 0000000180049f88     concurrent_queue_v2.obj
 0004:00002f94       $pdata$?dtor$0@?0??pop@micro_queue@internal@tbb@@QEAA_NPEAX_KAEAVconcurrent_queue_base@23@@Z@4HA 0000000180049f94     concurrent_queue_v2.obj
 0004:00002fa0       $pdata$?dtor$0@?0???1pop_finalizer@micro_queue@internal@tbb@@QEAA@XZ@4HA 0000000180049fa0     concurrent_queue_v2.obj
 0004:00002fac       $pdata$?dtor$0@?0???$construct@PEADAEAPEAD@?$allocator@D@std@@QEAAXPEAPEADAEAPEAD@Z@4HA 0000000180049fac     concurrent_vector_v2.obj
 0004:00002fb8       $pdata$?dtor$0@?0???$construct@U_Container_proxy@std@@U12@@?$allocator@U_Container_proxy@std@@@std@@QEAAXPEAU_Container_proxy@1@$$QEAU21@@Z@4HA 0000000180049fb8     concurrent_vector_v2.obj
 0004:00002fc4       $pdata$?dtor$0@?0???0?$_String_alloc@$0A@U?$_String_base_types@DV?$allocator@D@std@@@std@@@std@@QEAA@AEBV?$allocator@D@1@@Z@4HA 0000000180049fc4     concurrent_vector_v2.obj
 0004:00002fd0       $pdata$?dtor$0@?0???0?$basic_string@DU?$char_traits@D@std@@V?$allocator@D@2@@std@@QEAA@PEBD@Z@4HA 0000000180049fd0     concurrent_vector_v2.obj
 0004:00002fdc       $pdata$?catch$1@?0??_Copy@?$basic_string@DU?$char_traits@D@std@@V?$allocator@D@2@@std@@QEAAX_K0@Z@4HA 0000000180049fdc     concurrent_vector_v2.obj
 0004:00002fe8       $pdata$?catch$0@?0??_Copy@?$basic_string@DU?$char_traits@D@std@@V?$allocator@D@2@@std@@QEAAX_K0@Z@4HA 0000000180049fe8     concurrent_vector_v2.obj
 0004:00002ff4       $pdata$?dtor$0@?0???0concurrent_queue_iterator_base_v3@internal@tbb@@IEAA@AEBVconcurrent_queue_base_v3@12@@Z@4HA 0000000180049ff4     concurrent_queue.obj
 0004:00003000       $pdata$?catch$0@?0??push@micro_queue@internal@tbb@@QEAAXPEBX_KAEAVconcurrent_queue_base_v3@23@@Z@4HA 000000018004a000     concurrent_queue.obj
 0004:0000300c       $pdata$?dtor$0@?0??push@micro_queue@internal@tbb@@QEAAXPEBX_KAEAVconcurrent_queue_base_v3@23@@Z@4HA 000000018004a00c     concurrent_queue.obj
 0004:00003018       $pdata$?catch$1@?0??push@micro_queue@internal@tbb@@QEAAXPEBX_KAEAVconcurrent_queue_base_v3@23@@Z@4HA 000000018004a018     concurrent_queue.obj
 0004:00003024       $pdata$?dtor$0@?0??pop@micro_queue@internal@tbb@@QEAA_NPEAX_KAEAVconcurrent_queue_base_v3@23@@Z@4HA 000000018004a024     concurrent_queue.obj
 0004:00003030       $pdata$?catch$0@?0??assign@micro_queue@internal@tbb@@QEAAAEAU123@AEBU123@AEAVconcurrent_queue_base_v3@23@@Z@4HA 000000018004a030     concurrent_queue.obj
 0004:0000303c       $pdata$?dtor$0@?0??make_invalid@micro_queue@internal@tbb@@QEAAX_K@Z@4HA 000000018004a03c     concurrent_queue.obj
 0004:00003048       $pdata$?dtor$0@?0???1micro_queue_pop_finalizer@internal@tbb@@QEAA@XZ@4HA 000000018004a048     concurrent_queue.obj
 0004:00003054       $pdata$?dtor$0@?0???1concurrent_vector_base_v3@internal@tbb@@IEAA@XZ@4HA 000000018004a054     concurrent_vector.obj
 0004:00003060       $pdata$?catch$0@?0??internal_reserve@concurrent_vector_base_v3@internal@tbb@@IEAAX_K00@Z@4HA 000000018004a060     concurrent_vector.obj
 0004:0000306c       $pdata$?dtor$0@?0??internal_grow@concurrent_vector_base_v3@internal@tbb@@IEAAX_K00P6AXPEAXPEBX0@Z2@Z@4HA 000000018004a06c     concurrent_vector.obj
 0004:00003078       $pdata$?dtor$0@?0??internal_clear@concurrent_vector_base_v3@internal@tbb@@IEAA_KP6AXPEAX_K@Z@Z@4HA 000000018004a078     concurrent_vector.obj
 0004:00003084       $pdata$?catch$0@?0??internal_compact@concurrent_vector_base_v3@internal@tbb@@IEAAPEAX_KPEAXP6AX10@ZP6AX1PEBX0@Z@Z@4HA 000000018004a084     concurrent_vector.obj
 0004:00003090       $pdata$?dtor$0@?0??internal_compact@concurrent_vector_base_v3@internal@tbb@@IEAAPEAX_KPEAXP6AX10@ZP6AX1PEBX0@Z@Z@4HA 000000018004a090     concurrent_vector.obj
 0004:0000309c       $pdata$?dtor$0@?0??internal_resize@concurrent_vector_base_v3@internal@tbb@@IEAAX_K00PEBXP6AXPEAX0@ZP6AX210@Z@Z@4HA 000000018004a09c     concurrent_vector.obj
 0004:000030a8       $pdata$?dtor$1@?0??internal_resize@concurrent_vector_base_v3@internal@tbb@@IEAAX_K00PEBXP6AXPEAX0@ZP6AX210@Z@Z@4HA 000000018004a0a8     concurrent_vector.obj
 0004:000030b4       $pdata$?catch$0@?0??enable_segment@helper@concurrent_vector_base_v3@internal@tbb@@SA_KAEAV234@_K1@Z@4HA 000000018004a0b4     concurrent_vector.obj
 0004:000030c0       $pdata$?catch$1@?0??enable_segment@helper@concurrent_vector_base_v3@internal@tbb@@SA_KAEAV234@_K1@Z@4HA 000000018004a0c0     concurrent_vector.obj
 0004:000030cc       $pdata$?dtor$0@?0??add_filter@pipeline@tbb@@QEAAXAEAVfilter@2@@Z@4HA 000000018004a0cc     pipeline.obj
 0004:000030d8       $pdata$?dtor$1@?0??add_filter@pipeline@tbb@@QEAAXAEAVfilter@2@@Z@4HA 000000018004a0d8     pipeline.obj
 0004:000030e4       $pdata$?dtor$2@?0??add_filter@pipeline@tbb@@QEAAXAEAVfilter@2@@Z@4HA 000000018004a0e4     pipeline.obj
 0004:000030f0       $pdata$?dtor$0@?0??run@pipeline@tbb@@QEAAX_K@Z@4HA 000000018004a0f0     pipeline.obj
 0004:000030fc       $pdata$?dtor$0@?0??run@pipeline@tbb@@QEAAX_KAEAVtask_group_context@2@@Z@4HA 000000018004a0fc     pipeline.obj
 0004:00003108       $pdata$?dtor$1@?0??run@pipeline@tbb@@QEAAX_KAEAVtask_group_context@2@@Z@4HA 000000018004a108     pipeline.obj
 0004:00003114       $pdata$?dtor$0@?0??execute@stage_task@internal@tbb@@UEAAPEAVtask@3@XZ@4HA 000000018004a114     pipeline.obj
 0004:00003120       $pdata$?dtor$1@?0??execute@stage_task@internal@tbb@@UEAAPEAVtask@3@XZ@4HA 000000018004a120     pipeline.obj
 0004:0000312c       $pdata$?dtor$0@?0???$note_done@Vstage_task@internal@tbb@@@input_buffer@internal@tbb@@QEAAXKAEAVstage_task@12@@Z@4HA 000000018004a12c     pipeline.obj
 0004:00003138       $pdata$?dtor$0@?0???$put_token@Vstage_task@internal@tbb@@@input_buffer@internal@tbb@@QEAA_NAEAVstage_task@12@@Z@4HA 000000018004a138     pipeline.obj
 0004:00003144       $pdata$?dtor$0@?0???0pipeline_root_task@internal@tbb@@QEAA@AEAVpipeline@2@@Z@4HA 000000018004a144     pipeline.obj
 0004:00003150       $pdata$?dtor$0@?0???0stage_task@internal@tbb@@QEAA@AEAVpipeline@2@@Z@4HA 000000018004a150     pipeline.obj
 0004:0000315c       $pdata$?dtor$0@?0???1stage_task@internal@tbb@@UEAA@XZ@4HA 000000018004a15c     pipeline.obj
 0004:00003168       $pdata$?dtor$0@?0??execute@pipeline_root_task@internal@tbb@@EEAAPEAVtask@3@XZ@4HA 000000018004a168     pipeline.obj
 0004:00003174       $pdata$?dtor$1@?0??execute@pipeline_root_task@internal@tbb@@EEAAPEAVtask@3@XZ@4HA 000000018004a174     pipeline.obj
 0004:00003180       $pdata$?dtor$0@?0??put_item@input_buffer@internal@tbb@@QEAAXAEAUtask_info@23@@Z@4HA 000000018004a180     pipeline.obj
 0004:0000318c       $pdata$?dtor$0@?0??return_item@input_buffer@internal@tbb@@QEAA_NAEAUtask_info@23@_N@Z@4HA 000000018004a18c     pipeline.obj
 0004:00003198       $pdata$?dtor$0@?0??spawn_stage_task@stage_task@internal@tbb@@QEAAXAEBUtask_info@23@@Z@4HA 000000018004a198     pipeline.obj
 0004:000031a4       $pdata$?dtor$0@?0??wake_some@private_server@rml@internal@tbb@@AEAAXH@Z@4HA 000000018004a1a4     private_server.obj
 0004:000031b0       $pdata$?dtor$0@?0???0private_server@rml@internal@tbb@@QEAA@AEAVtbb_client@123@@Z@4HA 000000018004a1b0     private_server.obj
 0004:000031bc       $pdata$?dtor$0@?0??make_private_server@rml@internal@tbb@@YAPEAVtbb_server@123@AEAVtbb_client@123@@Z@4HA 000000018004a1bc     private_server.obj
 0004:000031c8       $pdata$?dtor$0@?0???0private_worker@rml@internal@tbb@@IEAA@AEAVprivate_server@123@AEAVtbb_client@123@_K@Z@4HA 000000018004a1c8     private_server.obj
 0004:000031d4       $pdata$?dtor$0@?0??try_insert_in_asleep_list@private_server@rml@internal@tbb@@AEAA_NAEAVprivate_worker@234@@Z@4HA 000000018004a1d4     private_server.obj
 0004:000031e0       $pdata$?catch$0@?0??register_pending_exception@task_group_context@tbb@@QEAAXXZ@4HA 000000018004a1e0     task.obj
 0004:000031ec       $pdata$?catch$1@?0??register_pending_exception@task_group_context@tbb@@QEAAXXZ@4HA 000000018004a1ec     task.obj
 0004:000031f8       $pdata$?catch$2@?0??register_pending_exception@task_group_context@tbb@@QEAAXXZ@4HA 000000018004a1f8     task.obj
 0004:00003204       $pdata$?dtor$0@?0??allocate@captured_exception@tbb@@SAPEAV12@PEBD0@Z@4HA 000000018004a204     task.obj
 0004:00003210       $pdata$?dtor$0@?0??allocate@tbb_exception_ptr@internal@tbb@@SAPEAV123@XZ@4HA 000000018004a210     task.obj
 0004:0000321c       $pdata$?dtor$0@?0??allocate@tbb_exception_ptr@internal@tbb@@SAPEAV123@AEBVtbb_exception@3@@Z@4HA 000000018004a21c     task.obj
 0004:00003228       $pdata$?dtor$0@?0??observe@task_scheduler_observer_v3@internal@tbb@@QEAAX_N@Z@4HA 000000018004a228     task.obj
 0004:00003234       $pdata$?dtor$0@?0??remove_ref_slow@observer_proxy@internal@tbb@@AEAAXXZ@4HA 000000018004a234     task.obj
 0004:00003240       $pdata$?dtor$0@?0??process_list@observer_proxy@internal@tbb@@SAPEAV123@PEAV123@_N1@Z@4HA 000000018004a240     task.obj
 0004:0000324c       $pdata$?catch$0@?0??process_list@observer_proxy@internal@tbb@@SAPEAV123@PEAV123@_N1@Z@4HA 000000018004a24c     task.obj
 0004:00003258       $pdata$?dtor$0@?0??allocate_arena@Arena@internal@tbb@@CAPEAV123@II_K@Z@4HA 000000018004a258     task.obj
 0004:00003264       $pdata$?dtor$0@?0??create_master@GenericScheduler@internal@tbb@@CAPEAV123@PEAVArena@23@@Z@4HA 000000018004a264     task.obj
 0004:00003270       $pdata$?dtor$1@?0??create_master@GenericScheduler@internal@tbb@@CAPEAV123@PEAVArena@23@@Z@4HA 000000018004a270     task.obj
 0004:0000327c       $pdata$?dtor$0@?0???0GenericScheduler@internal@tbb@@IEAA@PEAVArena@12@@Z@4HA 000000018004a27c     task.obj
 0004:00003288       $pdata$?dtor$0@?0??local_spawn@GenericScheduler@internal@tbb@@QEAAXAEAVtask@3@AEAPEAV43@@Z@4HA 000000018004a288     task.obj
 0004:00003294       $pdata$?dtor$0@?0??local_spawn_root_and_wait@GenericScheduler@internal@tbb@@QEAAXAEAVtask@3@AEAPEAV43@@Z@4HA 000000018004a294     task.obj
 0004:000032a0       $pdata$?dtor$0@?0??propagate_cancellation@GenericScheduler@internal@tbb@@QEAAXPEAVtask_group_context@3@@Z@4HA 000000018004a2a0     task.obj
 0004:000032ac       $pdata$?dtor$0@?0??propagate_cancellation@GenericScheduler@internal@tbb@@QEAAXXZ@4HA 000000018004a2ac     task.obj
 0004:000032b8       $pdata$?dtor$0@?0???$AllocateExceptionContainer@Vcaptured_exception@tbb@@@internal@tbb@@YAPEAVtbb_exception_ptr@01@AEBVcaptured_exception@1@@Z@4HA 000000018004a2b8     task.obj
 0004:000032c4       $pdata$?dtor$0@?0???$AllocateExceptionContainer@Vexception_ptr@std@@@internal@tbb@@YAPEAVtbb_exception_ptr@01@AEBVexception_ptr@std@@@Z@4HA 000000018004a2c4     task.obj
 0004:000032d0       $pdata$?dtor$0@?0???$make_exception_ptr@Vcaptured_exception@tbb@@@std@@YA?AVexception_ptr@0@Vcaptured_exception@tbb@@@Z@4HA 000000018004a2d0     task.obj
 0004:000032dc       $pdata$?dtor$0@?0???0auto_empty_task@internal@tbb@@QEAA@PEAVGenericScheduler@12@PEAVtask_group_context@2@@Z@4HA 000000018004a2dc     task.obj
 0004:000032e8       $pdata$?dtor$0@?0??_Copy_exception@exception_ptr@std@@SA?AV12@PEAXPEBX@Z@4HA 000000018004a2e8     task.obj
 0004:000032f4       $pdata$?dtor$0@?0??_Current_exception@exception_ptr@std@@SA?AV12@XZ@4HA 000000018004a2f4     task.obj
 0004:00003300       $pdata$?dtor$0@?0??allocate_scheduler@?$CustomScheduler@UDefaultSchedulerTraits@internal@tbb@@@internal@tbb@@SAPEAVGenericScheduler@23@PEAVArena@23@@Z@4HA 000000018004a300     task.obj
 0004:0000330c       $pdata$?dtor$0@?0??allocate_scheduler@?$CustomScheduler@UIntelSchedulerTraits@internal@tbb@@@internal@tbb@@SAPEAVGenericScheduler@23@PEAVArena@23@@Z@4HA 000000018004a30c     task.obj
 0004:00003318       $pdata$?dtor$0@?0??finish_with_arena@Governor@internal@tbb@@SAXXZ@4HA 000000018004a318     task.obj
 0004:00003324       $pdata$?catch$0@?0??local_wait_for_all@?$CustomScheduler@UDefaultSchedulerTraits@internal@tbb@@@internal@tbb@@AEAAXAEAVtask@3@PEAV43@@Z@4HA 000000018004a324     task.obj
 0004:00003330       $pdata$?catch$1@?0??local_wait_for_all@?$CustomScheduler@UDefaultSchedulerTraits@internal@tbb@@@internal@tbb@@AEAAXAEAVtask@3@PEAV43@@Z@4HA 000000018004a330     task.obj
 0004:0000333c       $pdata$?catch$2@?0??local_wait_for_all@?$CustomScheduler@UDefaultSchedulerTraits@internal@tbb@@@internal@tbb@@AEAAXAEAVtask@3@PEAV43@@Z@4HA 000000018004a33c     task.obj
 0004:00003348       $pdata$?catch$0@?0??local_wait_for_all@?$CustomScheduler@UIntelSchedulerTraits@internal@tbb@@@internal@tbb@@AEAAXAEAVtask@3@PEAV43@@Z@4HA 000000018004a348     task.obj
 0004:00003354       $pdata$?catch$1@?0??local_wait_for_all@?$CustomScheduler@UIntelSchedulerTraits@internal@tbb@@@internal@tbb@@AEAAXAEAVtask@3@PEAV43@@Z@4HA 000000018004a354     task.obj
 0004:00003360       $pdata$?catch$2@?0??local_wait_for_all@?$CustomScheduler@UIntelSchedulerTraits@internal@tbb@@@internal@tbb@@AEAAXAEAVtask@3@PEAV43@@Z@4HA 000000018004a360     task.obj
 0004:0000336c       $pdata$?dtor$0@?0??obtain_arena@Governor@internal@tbb@@CAPEAVArena@23@H_K@Z@4HA 000000018004a36c     task.obj
 0004:00003378       $pdata$?dtor$0@?0??rethrow_exception@std@@YAXVexception_ptr@1@@Z@4HA 000000018004a378     task.obj
 0004:00003384       $pdata$?dtor$0@?0??handle_win_error@internal@tbb@@YAXH@Z@4HA 000000018004a384     tbb_thread.obj
 0004:00003390       $pdata$_onexit$fin$0       000000018004a390     MSVCRTD:atonexit.obj
 0004:0000339c       $pdata$?fin$0@?0???_M@YAXPEAX_KHP6AX0@Z@Z@4HA 000000018004a39c     MSVCRTD:ehvecdtr.obj
 0004:000033a8       $pdata$?filt$0@?0??__ArrayUnwind@@YAXPEAX_KHP6AX0@Z@Z@4HA 000000018004a3a8     MSVCRTD:ehvecdtr.obj
 0004:000033b4       $pdata$__DllMainCRTStartup$filt$0 000000018004a3b4     MSVCRTD:crtdll.obj
 0004:000033c0       $pdata$__DllMainCRTStartup$fin$1 000000018004a3c0     MSVCRTD:crtdll.obj
 0004:000033cc       $pdata$?filt$0@?0??DebuggerProbe@@YAHK@Z@4HA 000000018004a3cc     MSVCRTD:error.obj
 0004:000033d8       $pdata$?filt$0@?0??DebuggerRuntime@@YAHKHPEAXPEB_W@Z@4HA 000000018004a3d8     MSVCRTD:error.obj
 0004:000033e4       $pdata$_IsNonwritableInCurrentImage$filt$0 000000018004a3e4     MSVCRTD:pesect.obj
 0004:000033f0       $pdata$??__F?_Generic_object@?$_Error_objects@H@std@@2V_Generic_error_category@2@A@@YAXXZ 000000018004a3f0     concurrent_vector_v2.obj
 0004:000033fc       $pdata$??__F?_Iostream_object@?$_Error_objects@H@std@@2V_Iostream_error_category@2@A@@YAXXZ 000000018004a3fc     concurrent_vector_v2.obj
 0004:00003408       $pdata$??__F?_System_object@?$_Error_objects@H@std@@2V_System_error_category@2@A@@YAXXZ 000000018004a408     concurrent_vector_v2.obj
 0004:00003414       $pdata$??__F?_Generic_object@?$_Error_objects@H@std@@2V_Generic_error_category@2@A@@YAXXZ 000000018004a414     concurrent_hash_map.obj
 0004:00003420       $pdata$??__F?_Iostream_object@?$_Error_objects@H@std@@2V_Iostream_error_category@2@A@@YAXXZ 000000018004a420     concurrent_hash_map.obj
 0004:0000342c       $pdata$??__F?_System_object@?$_Error_objects@H@std@@2V_System_error_category@2@A@@YAXXZ 000000018004a42c     concurrent_hash_map.obj
 0004:00003438       $pdata$??__F?_Generic_object@?$_Error_objects@H@std@@2V_Generic_error_category@2@A@@YAXXZ 000000018004a438     concurrent_queue.obj
 0004:00003444       $pdata$??__F?_Iostream_object@?$_Error_objects@H@std@@2V_Iostream_error_category@2@A@@YAXXZ 000000018004a444     concurrent_queue.obj
 0004:00003450       $pdata$??__F?_System_object@?$_Error_objects@H@std@@2V_System_error_category@2@A@@YAXXZ 000000018004a450     concurrent_queue.obj
 0004:0000345c       $pdata$??__F?_Generic_object@?$_Error_objects@H@std@@2V_Generic_error_category@2@A@@YAXXZ 000000018004a45c     concurrent_vector.obj
 0004:00003468       $pdata$??__F?_Iostream_object@?$_Error_objects@H@std@@2V_Iostream_error_category@2@A@@YAXXZ 000000018004a468     concurrent_vector.obj
 0004:00003474       $pdata$??__F?_System_object@?$_Error_objects@H@std@@2V_System_error_category@2@A@@YAXXZ 000000018004a474     concurrent_vector.obj
 0004:00003480       $pdata$??__F?theArenaMutex@Governor@internal@tbb@@0Vmutex@3@A@@YAXXZ 000000018004a480     task.obj
 0004:0000348c       $pdata$??__Fdummy_context@internal@tbb@@YAXXZ 000000018004a48c     task.obj
 0004:00003498       $pdata$??__Fthe_check_observer_proxy_count@internal@tbb@@YAXXZ 000000018004a498     task.obj
 0004:000034a4       $pdata$??__Fthe_scheduler_list_mutex@internal@tbb@@YAXXZ 000000018004a4a4     task.obj
 0004:000034b0       $pdata$??__F?_Generic_object@?$_Error_objects@H@std@@2V_Generic_error_category@2@A@@YAXXZ 000000018004a4b0     tbb_misc.obj
 0004:000034bc       $pdata$??__F?_Iostream_object@?$_Error_objects@H@std@@2V_Iostream_error_category@2@A@@YAXXZ 000000018004a4bc     tbb_misc.obj
 0004:000034c8       $pdata$??__F?_System_object@?$_Error_objects@H@std@@2V_System_error_category@2@A@@YAXXZ 000000018004a4c8     tbb_misc.obj
 0004:000034d4       $pdata$??__F?_Generic_object@?$_Error_objects@H@std@@2V_Generic_error_category@2@A@@YAXXZ 000000018004a4d4     tbb_thread.obj
 0004:000034e0       $pdata$??__F?_Iostream_object@?$_Error_objects@H@std@@2V_Iostream_error_category@2@A@@YAXXZ 000000018004a4e0     tbb_thread.obj
 0004:000034ec       $pdata$??__F?_System_object@?$_Error_objects@H@std@@2V_System_error_category@2@A@@YAXXZ 000000018004a4ec     tbb_thread.obj
 0005:000000a0       $R000000                   000000018004b0a0     tbb_resource.res
 0005:000005c0       $R000520                   000000018004b5c0     tbb_resource.res
