 tbbmalloc_debug

 Timestamp is 579cd551 (Sat Jul 30 19:26:57 2016)

 Preferred load address is 0000000180000000

 Start         Length     Name                   Class
 0001:00000000 00000015H .text$di                CODE
 0001:00000020 0000712aH .text$mn                CODE
 0001:00007150 000000ebH .text$x                 CODE
 0002:00000000 000001a8H .idata$5                DATA
 0002:000001a8 00000008H .CRT$XCA                DATA
 0002:000001b0 00000008H .CRT$XCU                DATA
 0002:000001b8 00000008H .CRT$XCZ                DATA
 0002:000001c0 00000008H .CRT$XIA                DATA
 0002:000001c8 00000008H .CRT$XIAA               DATA
 0002:000001d0 00000008H .CRT$XIC                DATA
 0002:000001d8 00000008H .CRT$XIZ                DATA
 0002:000001e0 00002090H .rdata                  DATA
 0002:00002270 00000070H .rdata$debug            DATA
 0002:000022e0 00000008H .rtc$IAA                DATA
 0002:000022e8 00000008H .rtc$IZZ                DATA
 0002:000022f0 00000008H .rtc$TAA                DATA
 0002:000022f8 00000008H .rtc$TZZ                DATA
 0002:00002300 000006bcH .xdata                  DATA
 0002:000029c0 000001caH .edata                  DATA
 0002:00002b8c 00000028H .idata$2                DATA
 0002:00002bb4 00000014H .idata$3                DATA
 0002:00002bc8 000001a8H .idata$4                DATA
 0002:00002d70 0000037cH .idata$6                DATA
 0003:00000000 00000d04H .data                   DATA
 0003:00000d10 0000d840H .bss                    DATA
 0004:00000000 0000093cH .pdata                  DATA
 0005:00000000 00000058H .rsrc$01                DATA
 0005:00000060 00000180H .rsrc$02                DATA

  Address         Publics by Value              Rva+Base               Lib:Object

 0000:00000000       __guard_fids_count         0000000000000000     <absolute>
 0000:00000000       ___safe_se_handler_count   0000000000000000     <absolute>
 0000:00000000       __guard_fids_table         0000000000000000     <absolute>
 0000:00000000       ___safe_se_handler_table   0000000000000000     <absolute>
 0000:00000000       __guard_flags              0000000000000000     <absolute>
 0000:00000000       __ImageBase                0000000180000000     <linker-defined>
 0001:00000020       __TBB_machine_fetchadd1    0000000180001020     atomic_support.obj
 0001:00000028       __TBB_machine_fetchstore1  0000000180001028     atomic_support.obj
 0001:00000030       __TBB_machine_cmpswp1      0000000180001030     atomic_support.obj
 0001:00000038       __TBB_machine_fetchadd2    0000000180001038     atomic_support.obj
 0001:00000048       __TBB_machine_fetchstore2  0000000180001048     atomic_support.obj
 0001:00000050       __TBB_machine_cmpswp2      0000000180001050     atomic_support.obj
 0001:00000060       __TBB_machine_pause        0000000180001060     atomic_support.obj
 0001:00000070       __TBB_mallocThreadShutdownNotification 0000000180001070 f   MemoryAllocator.obj
 0001:00000230       __TBB_mallocProcessShutdownNotification 0000000180001230 f   MemoryAllocator.obj
 0001:00000240       scalable_malloc            0000000180001240 f   MemoryAllocator.obj
 0001:000004e0       scalable_calloc            00000001800014e0 f   MemoryAllocator.obj
 0001:00000540       scalable_free              0000000180001540 f   MemoryAllocator.obj
 0001:00000790       scalable_realloc           0000000180001790 f   MemoryAllocator.obj
 0001:00000810       scalable_aligned_malloc    0000000180001810 f   MemoryAllocator.obj
 0001:00000880       scalable_aligned_realloc   0000000180001880 f   MemoryAllocator.obj
 0001:00000920       scalable_posix_memalign    0000000180001920 f   MemoryAllocator.obj
 0001:00000990       scalable_msize             0000000180001990 f   MemoryAllocator.obj
 0001:00000a90       safer_scalable_free        0000000180001a90 f   MemoryAllocator.obj
 0001:00000af0       safer_scalable_realloc     0000000180001af0 f   MemoryAllocator.obj
 0001:00000c40       safer_scalable_aligned_realloc 0000000180001c40 f   MemoryAllocator.obj
 0001:00000de0       safer_scalable_msize       0000000180001de0 f   MemoryAllocator.obj
 0001:00001010       ?releaseLastIfOld@CachedObjectsList@internal@rml@@QEAAX_K0@Z 0000000180002010 f   MemoryAllocator.obj
 0001:000011f0       ?MapMemory@internal@rml@@YAPEAX_K@Z 00000001800021f0 f   MemoryAllocator.obj
 0001:00001220       ?UnmapMemory@internal@rml@@YAHPEAX_K@Z 0000000180002220 f   MemoryAllocator.obj
 0001:00003dc0       scalable_aligned_free      0000000180004dc0 f   MemoryAllocator.obj
 0001:00003e10       ??$__TBB_store_with_release@EE@@YAXAECEE@Z 0000000180004e10 f i MemoryAllocator.obj
 0001:00003e30       ??0LifoQueue@internal@rml@@QEAA@XZ 0000000180004e30 f i MemoryAllocator.obj
 0001:00003e70       ??0RecursiveMallocCallProtector@internal@rml@@QEAA@XZ 0000000180004e70 f i MemoryAllocator.obj
 0001:00003e80       ??0atomic_backoff@internal@tbb@@QEAA@XZ 0000000180004e80 f i MemoryAllocator.obj
 0001:00003ea0       ??0scoped_lock@MallocMutex@@QEAA@AEAV1@@Z 0000000180004ea0 f i MemoryAllocator.obj
 0001:00003ee0       ??1RecursiveMallocCallProtector@internal@rml@@QEAA@XZ 0000000180004ee0 f i MemoryAllocator.obj
 0001:00003ef0       ??1scoped_lock@MallocMutex@@QEAA@XZ 0000000180004ef0 f i MemoryAllocator.obj
 0001:00003f20       ?AtomicCompareExchange@@YA_JAEC_J_J1@Z 0000000180004f20 f i MemoryAllocator.obj
 0001:00003f60       ?AtomicIncrement@@YA_JAEC_J@Z 0000000180004f60 f i MemoryAllocator.obj
 0001:00003f80       ?__TBB_LockByte@@YA_KAEAE@Z 0000000180004f80 f i MemoryAllocator.obj
 0001:00003fd0       ?__TBB_TryLockByte@@YA_NAEAE@Z 0000000180004fd0 f i MemoryAllocator.obj
 0001:00004010       ?do_yield@@YAXXZ           0000000180005010 f i MemoryAllocator.obj
 0001:00004020       ?isNotForUse@internal@rml@@YA_NPEAX@Z 0000000180005020 f i MemoryAllocator.obj
 0001:00004050       ?isSolidPtr@internal@rml@@YA_NPEAX@Z 0000000180005050 f i MemoryAllocator.obj
 0001:00004090       ?pause@atomic_backoff@internal@tbb@@QEAAXXZ 0000000180005090 f i MemoryAllocator.obj
 0001:000040d0       ?pop@CachedObjectsList@internal@rml@@QEAAPEAUCachedObject@23@_K@Z 00000001800050d0 f i MemoryAllocator.obj
 0001:000041a0       ?pop@LifoQueue@internal@rml@@QEAAPEAXXZ 00000001800051a0 f i MemoryAllocator.obj
 0001:00004220       ?push@CachedObjectsList@internal@rml@@QEAAXPEAX_N_K@Z 0000000180005220 f i MemoryAllocator.obj
 0001:00004320       ?push@LifoQueue@internal@rml@@QEAAXPEAPEAX@Z 0000000180005320 f i MemoryAllocator.obj
 0001:00004370       ?itt_set_sync_name_v3@internal@tbb@@YAXPEAXPEB_W@Z 0000000180005370 f   tbbmalloc.obj
 0001:000043b0       ?init_tbbmalloc@internal@rml@@YAXXZ 00000001800053b0 f   tbbmalloc.obj
 0001:000043d0       ?InitializeITT@internal@tbb@@YA_NXZ 00000001800053d0 f   tbbmalloc.obj
 0001:00004400       ?itt_store_pointer_with_release_v3@internal@tbb@@YAXPEAX0@Z 0000000180005400 f   tbbmalloc.obj
 0001:00004440       ?itt_load_pointer_with_acquire_v3@internal@tbb@@YAPEAXPEBX@Z 0000000180005440 f   tbbmalloc.obj
 0001:00004480       ?itt_load_pointer_v3@internal@tbb@@YAPEAXPEBX@Z 0000000180005480 f   tbbmalloc.obj
 0001:000044b0       ITT_DoOneTimeInitialization 00000001800054b0 f   tbbmalloc.obj
 0001:000044c0       ?MallocInitializeITT@internal@rml@@YAXXZ 00000001800054c0 f   tbbmalloc.obj
 0001:000044e0       DllMain                    00000001800054e0 f   tbbmalloc.obj
 0001:00004520       ??$__TBB_load_with_acquire@PEAX@@YAPEAXAEDSEAX@Z 0000000180005520 f i tbbmalloc.obj
 0001:00004540       ??$__TBB_store_with_release@PEAXPEAX@@YAXAECREAXPEAX@Z 0000000180005540 f i tbbmalloc.obj
 0001:00004560       ?dynamic_link@internal@tbb@@YA_NPEBDQEBUdynamic_link_descriptor@12@_K2PEAPEAUHINSTANCE__@@@Z 0000000180005560 f   dynamic_link.obj
 0001:00004650       ?dynamic_unlink@internal@tbb@@YAXPEAUHINSTANCE__@@@Z 0000000180005650 f   dynamic_link.obj
 0001:00004680       ?dynamic_link@internal@tbb@@YA_NPEAXQEBUdynamic_link_descriptor@12@_K2@Z 0000000180005680 f   dynamic_link.obj
 0001:00004800       __TBB_load_ittnotify       0000000180005800 f   itt_notify_proxy.obj
 0001:00004820       __itt_set_error_handler    0000000180005820 f   itt_notify_proxy.obj
 0001:00005c70       ?set_assertion_handler@tbb@@YAP6AXPEBDH00@ZP6AX0H00@Z@Z 0000000180006c70 f   tbb_misc.obj
 0001:00005ca0       ?assertion_failure@tbb@@YAXPEBDH00@Z 0000000180006ca0 f   tbb_misc.obj
 0001:00005dd0       TBB_runtime_interface_version 0000000180006dd0 f   tbb_misc.obj
 0001:00005de0       ?runtime_warning@internal@tbb@@YAXPEBDZZ 0000000180006de0 f   tbb_misc.obj
 0001:00005e90       ?GetBoolEnvironmentVariable@internal@tbb@@YA_NPEBD@Z 0000000180006e90 f   tbb_misc.obj
 0001:00005ef0       ?PrintVersion@internal@tbb@@YAXXZ 0000000180006ef0 f   tbb_misc.obj
 0001:00005f30       ?PrintExtraVersionInfo@internal@tbb@@YAXPEBD0@Z 0000000180006f30 f   tbb_misc.obj
 0001:00005f90       ?PrintRMLVersionInfo@internal@tbb@@YAXPEAXPEBD@Z 0000000180006f90 f   tbb_misc.obj
 0001:00005fb2       SwitchToThread             0000000180006fb2 f   kernel32:KERNEL32.dll
 0001:00005fb8       TlsAlloc                   0000000180006fb8 f   kernel32:KERNEL32.dll
 0001:00005fbe       TlsGetValue                0000000180006fbe f   kernel32:KERNEL32.dll
 0001:00005fc4       TlsSetValue                0000000180006fc4 f   kernel32:KERNEL32.dll
 0001:00005fca       VirtualAlloc               0000000180006fca f   kernel32:KERNEL32.dll
 0001:00005fd0       VirtualFree                0000000180006fd0 f   kernel32:KERNEL32.dll
 0001:00005fd6       SetErrorMode               0000000180006fd6 f   kernel32:KERNEL32.dll
 0001:00005fdc       FreeLibrary                0000000180006fdc f   kernel32:KERNEL32.dll
 0001:00005fe2       GetModuleHandleA           0000000180006fe2 f   kernel32:KERNEL32.dll
 0001:00005fe8       GetProcAddress             0000000180006fe8 f   kernel32:KERNEL32.dll
 0001:00005fee       LoadLibraryA               0000000180006fee f   kernel32:KERNEL32.dll
 0001:00005ff4       GetEnvironmentVariableA    0000000180006ff4 f   kernel32:KERNEL32.dll
 0001:00005ffa       _errno                     0000000180006ffa f   MSVCRTD:MSVCR120D.dll
 0001:00006000       memcpy                     0000000180007000 f   MSVCRTD:MSVCR120D.dll
 0001:00006006       memset                     0000000180007006 f   MSVCRTD:MSVCR120D.dll
 0001:0000600c       exit                       000000018000700c f   MSVCRTD:MSVCR120D.dll
 0001:00006012       __iob_func                 0000000180007012 f   MSVCRTD:MSVCR120D.dll
 0001:00006018       fprintf                    0000000180007018 f   MSVCRTD:MSVCR120D.dll
 0001:0000601e       __C_specific_handler       000000018000701e f   MSVCRTD:MSVCR120D.dll
 0001:00006030       __GSHandlerCheck           0000000180007030 f   MSVCRTD:gshandler.obj
 0001:00006070       __GSHandlerCheckCommon     0000000180007070 f   MSVCRTD:gshandler.obj
 0001:00006180       _alloca_probe              0000000180007180 f   MSVCRTD:chkstk.obj
 0001:00006180       __chkstk                   0000000180007180 f   MSVCRTD:chkstk.obj
 0001:000061e0       __security_check_cookie    00000001800071e0 f   MSVCRTD:amdsecgs.obj
 0001:00006200       __raise_securityfailure    0000000180007200 f   MSVCRTD:gs_report.obj
 0001:00006250       __report_gsfailure         0000000180007250 f   MSVCRTD:gs_report.obj
 0001:00006330       __report_rangecheckfailure 0000000180007330 f   MSVCRTD:gs_report.obj
 0001:00006350       __report_securityfailure   0000000180007350 f   MSVCRTD:gs_report.obj
 0001:000063f0       __report_securityfailureEx 00000001800073f0 f   MSVCRTD:gs_report.obj
 0001:000064fe       getenv                     00000001800074fe f   MSVCRTD:MSVCR120D.dll
 0001:00006504       fputs                      0000000180007504 f   MSVCRTD:MSVCR120D.dll
 0001:0000650a       strcmp                     000000018000750a f   MSVCRTD:MSVCR120D.dll
 0001:00006510       _CrtDbgReport              0000000180007510 f   MSVCRTD:MSVCR120D.dll
 0001:000065b0       NtCurrentTeb               00000001800075b0 f i MSVCRTD:crtdll.obj
 0001:000065c0       _CRT_INIT                  00000001800075c0 f   MSVCRTD:crtdll.obj
 0001:00006970       _DllMainCRTStartup         0000000180007970 f   MSVCRTD:crtdll.obj
 0001:00006b22       __crt_debugger_hook        0000000180007b22 f   MSVCRTD:MSVCR120D.dll
 0001:00006b28       __crtUnhandledException    0000000180007b28 f   MSVCRTD:MSVCR120D.dll
 0001:00006b2e       __crtTerminateProcess      0000000180007b2e f   MSVCRTD:MSVCR120D.dll
 0001:00006b34       __crtCaptureCurrentContext 0000000180007b34 f   MSVCRTD:MSVCR120D.dll
 0001:00006b3a       __crtCapturePreviousContext 0000000180007b3a f   MSVCRTD:MSVCR120D.dll
 0001:00006b40       _vsnprintf                 0000000180007b40 f   MSVCRTD:MSVCR120D.dll
 0001:00006b46       __CppXcptFilter            0000000180007b46 f   MSVCRTD:MSVCR120D.dll
 0001:00006b4c       _amsg_exit                 0000000180007b4c f   MSVCRTD:MSVCR120D.dll
 0001:00006b52       _malloc_dbg                0000000180007b52 f   MSVCRTD:MSVCR120D.dll
 0001:00006b58       _free_dbg                  0000000180007b58 f   MSVCRTD:MSVCR120D.dll
 0001:00006b5e       _CrtSetCheckCount          0000000180007b5e f   MSVCRTD:MSVCR120D.dll
 0001:00006b70       _FindPESection             0000000180007b70 f   MSVCRTD:pesect.obj
 0001:00006c20       _IsNonwritableInCurrentImage 0000000180007c20 f   MSVCRTD:pesect.obj
 0001:00006cb0       _ValidateImageBase         0000000180007cb0 f   MSVCRTD:pesect.obj
 0001:00006d30       __atonexitinit             0000000180007d30 f   MSVCRTD:atonexit.obj
 0001:00006e20       _onexit                    0000000180007e20 f   MSVCRTD:atonexit.obj
 0001:00006ef0       atexit                     0000000180007ef0 f   MSVCRTD:atonexit.obj
 0001:00006f30       __security_init_cookie     0000000180007f30 f   MSVCRTD:gs_support.obj
 0001:00007050       _RTC_Initialize            0000000180008050 f   MSVCRTD:initsect.obj
 0001:00007090       _RTC_Terminate             0000000180008090 f   MSVCRTD:initsect.obj
 0001:000070ce       _initterm                  00000001800080ce f   MSVCRTD:MSVCR120D.dll
 0001:000070d4       _initterm_e                00000001800080d4 f   MSVCRTD:MSVCR120D.dll
 0001:000070e0       __clean_type_info_names    00000001800080e0 f   MSVCRTD:tncleanup.obj
 0001:000070f6       _lock                      00000001800080f6 f   MSVCRTD:MSVCR120D.dll
 0001:000070fc       _unlock                    00000001800080fc f   MSVCRTD:MSVCR120D.dll
 0001:00007102       _CrtDbgReportW             0000000180008102 f   MSVCRTD:MSVCR120D.dll
 0001:00007108       _calloc_dbg                0000000180008108 f   MSVCRTD:MSVCR120D.dll
 0001:0000710e       __dllonexit                000000018000810e f   MSVCRTD:MSVCR120D.dll
 0001:00007114       __clean_type_info_names_internal 0000000180008114 f   MSVCRTD:MSVCR120D.dll
 0001:0000711a       IsDebuggerPresent          000000018000811a f   kernel32:KERNEL32.dll
 0001:00007120       IsProcessorFeaturePresent  0000000180008120 f   kernel32:KERNEL32.dll
 0001:00007126       EncodePointer              0000000180008126 f   kernel32:KERNEL32.dll
 0001:0000712c       DecodePointer              000000018000812c f   kernel32:KERNEL32.dll
 0001:00007132       QueryPerformanceCounter    0000000180008132 f   kernel32:KERNEL32.dll
 0001:00007138       GetCurrentProcessId        0000000180008138 f   kernel32:KERNEL32.dll
 0001:0000713e       GetCurrentThreadId         000000018000813e f   kernel32:KERNEL32.dll
 0001:00007144       GetSystemTimeAsFileTime    0000000180008144 f   kernel32:KERNEL32.dll
 0002:00000000       __imp_SwitchToThread       0000000180009000     kernel32:KERNEL32.dll
 0002:00000008       __imp_TlsAlloc             0000000180009008     kernel32:KERNEL32.dll
 0002:00000010       __imp_TlsGetValue          0000000180009010     kernel32:KERNEL32.dll
 0002:00000018       __imp_TlsSetValue          0000000180009018     kernel32:KERNEL32.dll
 0002:00000020       __imp_VirtualAlloc         0000000180009020     kernel32:KERNEL32.dll
 0002:00000028       __imp_VirtualFree          0000000180009028     kernel32:KERNEL32.dll
 0002:00000030       __imp_SetErrorMode         0000000180009030     kernel32:KERNEL32.dll
 0002:00000038       __imp_FreeLibrary          0000000180009038     kernel32:KERNEL32.dll
 0002:00000040       __imp_GetModuleHandleA     0000000180009040     kernel32:KERNEL32.dll
 0002:00000048       __imp_GetProcAddress       0000000180009048     kernel32:KERNEL32.dll
 0002:00000050       __imp_LoadLibraryA         0000000180009050     kernel32:KERNEL32.dll
 0002:00000058       __imp_GetEnvironmentVariableA 0000000180009058     kernel32:KERNEL32.dll
 0002:00000060       __imp_GetCurrentThreadId   0000000180009060     kernel32:KERNEL32.dll
 0002:00000068       __imp_GetCurrentProcessId  0000000180009068     kernel32:KERNEL32.dll
 0002:00000070       __imp_QueryPerformanceCounter 0000000180009070     kernel32:KERNEL32.dll
 0002:00000078       __imp_DecodePointer        0000000180009078     kernel32:KERNEL32.dll
 0002:00000080       __imp_EncodePointer        0000000180009080     kernel32:KERNEL32.dll
 0002:00000088       __imp_IsProcessorFeaturePresent 0000000180009088     kernel32:KERNEL32.dll
 0002:00000090       __imp_IsDebuggerPresent    0000000180009090     kernel32:KERNEL32.dll
 0002:00000098       __imp_GetSystemTimeAsFileTime 0000000180009098     kernel32:KERNEL32.dll
 0002:000000a0       \177KERNEL32_NULL_THUNK_DATA 00000001800090a0     kernel32:KERNEL32.dll
 0002:000000a8       __imp_fputs                00000001800090a8     MSVCRTD:MSVCR120D.dll
 0002:000000b0       __imp_strcmp               00000001800090b0     MSVCRTD:MSVCR120D.dll
 0002:000000b8       __imp__CrtDbgReport        00000001800090b8     MSVCRTD:MSVCR120D.dll
 0002:000000c0       __imp___crt_debugger_hook  00000001800090c0     MSVCRTD:MSVCR120D.dll
 0002:000000c8       __imp___crtUnhandledException 00000001800090c8     MSVCRTD:MSVCR120D.dll
 0002:000000d0       __imp_getenv               00000001800090d0     MSVCRTD:MSVCR120D.dll
 0002:000000d8       __imp___crtCaptureCurrentContext 00000001800090d8     MSVCRTD:MSVCR120D.dll
 0002:000000e0       __imp___crtCapturePreviousContext 00000001800090e0     MSVCRTD:MSVCR120D.dll
 0002:000000e8       __imp__vsnprintf           00000001800090e8     MSVCRTD:MSVCR120D.dll
 0002:000000e8       __imp_vsnprintf            00000001800090e8     MSVCRTD:MSVCR120D.dll
 0002:000000f0       __imp___CppXcptFilter      00000001800090f0     MSVCRTD:MSVCR120D.dll
 0002:000000f8       __imp__amsg_exit           00000001800090f8     MSVCRTD:MSVCR120D.dll
 0002:00000100       __imp__malloc_dbg          0000000180009100     MSVCRTD:MSVCR120D.dll
 0002:00000108       __imp__free_dbg            0000000180009108     MSVCRTD:MSVCR120D.dll
 0002:00000110       __imp__CrtSetCheckCount    0000000180009110     MSVCRTD:MSVCR120D.dll
 0002:00000118       __imp__initterm            0000000180009118     MSVCRTD:MSVCR120D.dll
 0002:00000120       __imp__initterm_e          0000000180009120     MSVCRTD:MSVCR120D.dll
 0002:00000128       __imp__lock                0000000180009128     MSVCRTD:MSVCR120D.dll
 0002:00000130       __imp__unlock              0000000180009130     MSVCRTD:MSVCR120D.dll
 0002:00000138       __imp__CrtDbgReportW       0000000180009138     MSVCRTD:MSVCR120D.dll
 0002:00000140       __imp__calloc_dbg          0000000180009140     MSVCRTD:MSVCR120D.dll
 0002:00000148       __imp___dllonexit          0000000180009148     MSVCRTD:MSVCR120D.dll
 0002:00000150       __imp__onexit              0000000180009150     MSVCRTD:MSVCR120D.dll
 0002:00000158       __imp___clean_type_info_names_internal 0000000180009158     MSVCRTD:MSVCR120D.dll
 0002:00000160       __imp___C_specific_handler 0000000180009160     MSVCRTD:MSVCR120D.dll
 0002:00000168       __imp_fprintf              0000000180009168     MSVCRTD:MSVCR120D.dll
 0002:00000170       __imp___iob_func           0000000180009170     MSVCRTD:MSVCR120D.dll
 0002:00000178       __imp_exit                 0000000180009178     MSVCRTD:MSVCR120D.dll
 0002:00000180       __imp_memset               0000000180009180     MSVCRTD:MSVCR120D.dll
 0002:00000188       __imp_memcpy               0000000180009188     MSVCRTD:MSVCR120D.dll
 0002:00000190       __imp__errno               0000000180009190     MSVCRTD:MSVCR120D.dll
 0002:00000198       __imp___crtTerminateProcess 0000000180009198     MSVCRTD:MSVCR120D.dll
 0002:000001a0       \177MSVCR120D_NULL_THUNK_DATA 00000001800091a0     MSVCRTD:MSVCR120D.dll
 0002:000001a8       __xc_a                     00000001800091a8     MSVCRTD:cinitexe.obj
 0002:000001b8       __xc_z                     00000001800091b8     MSVCRTD:cinitexe.obj
 0002:000001c0       __xi_a                     00000001800091c0     MSVCRTD:cinitexe.obj
 0002:000001d8       __xi_z                     00000001800091d8     MSVCRTD:cinitexe.obj
 0002:00001d10       ??_C@_0M@NCPMIDHC@0?5?$DN?$DN?5oldest?$AA@ 000000018000ad10     MemoryAllocator.obj
 0002:00001d20       ??_C@_0DA@DBFFKLMN@?4?4?2?4?4?2dep?2tbb?2src?2tbbmalloc?2Memo@ 000000018000ad20     MemoryAllocator.obj
 0002:00001d50       __real@3f800000            000000018000ad50     MemoryAllocator.obj
 0002:00001d54       __real@467e0000            000000018000ad54     MemoryAllocator.obj
 0002:00001ee8       __itt_state_err            000000018000aee8     itt_notify_proxy.obj
 0002:00001eec       __itt_event_err            000000018000aeec     itt_notify_proxy.obj
 0002:00001ef0       __itt_err                  000000018000aef0     itt_notify_proxy.obj
 0002:00002040       _pDefaultRawDllMain        000000018000b040     MSVCRTD:crtdll.obj
 0002:00002040       _pRawDllMain               000000018000b040     MSVCRTD:crtdll.obj
 0002:00002048       ??_C@_0CL@CCAGLLEM@f?3?2dd?2vctools?2crt?2crtw32?2dllstuf@ 000000018000b048     MSVCRTD:crtdll.obj
 0002:00002080       ??_C@_1MC@KPMPFEII@?$AA?$CI?$AA_?$AA_?$AAo?$AAn?$AAe?$AAx?$AAi?$AAt?$AAb?$AAe?$AAg?$AAi?$AAn?$AA?5?$AA?$CB?$AA?$DN?$AA?5?$AAN?$AAU?$AAL?$AAL?$AA?5?$AA?$CG?$AA?$CG?$AA?5?$AA_?$AA_?$AAo?$AAn?$AAe?$AAx@ 000000018000b080     MSVCRTD:atonexit.obj
 0002:00002144       ??_C@_15GANGMFKL@?$AA?$CF?$AAs?$AA?$AA@ 000000018000b144     MSVCRTD:atonexit.obj
 0002:00002150       ??_C@_1FK@IGIDCAPD@?$AAf?$AA?3?$AA?2?$AAd?$AAd?$AA?2?$AAv?$AAc?$AAt?$AAo?$AAo?$AAl?$AAs?$AA?2?$AAc?$AAr?$AAt?$AA?2?$AAc?$AAr?$AAt?$AAw?$AA3?$AA2?$AA?2?$AAd?$AAl?$AAl?$AAs?$AAt?$AAu?$AAf@ 000000018000b150     MSVCRTD:atonexit.obj
 0002:000021b0       ??_C@_0CN@LMJJPMEG@f?3?2dd?2vctools?2crt?2crtw32?2dllstuf@ 000000018000b1b0     MSVCRTD:atonexit.obj
 0002:000021e0       ?ProcessDetach@NativeDll@<CrtImplementationDetails>@@0IB 000000018000b1e0     MSVCRTD:initsect.obj
 0002:000021e4       ?ProcessAttach@NativeDll@<CrtImplementationDetails>@@0IB 000000018000b1e4     MSVCRTD:initsect.obj
 0002:000021e8       ?ThreadAttach@NativeDll@<CrtImplementationDetails>@@0IB 000000018000b1e8     MSVCRTD:initsect.obj
 0002:000021ec       ?ThreadDetach@NativeDll@<CrtImplementationDetails>@@0IB 000000018000b1ec     MSVCRTD:initsect.obj
 0002:000021f0       ?ProcessVerifier@NativeDll@<CrtImplementationDetails>@@0IB 000000018000b1f0     MSVCRTD:initsect.obj
 0002:000021f4       ?value@?$integral_constant@_N$0A@@std@@2_NB 000000018000b1f4     MSVCRTD:tncleanup.obj
 0002:000021f5       ?value@?$integral_constant@_N$00@std@@2_NB 000000018000b1f5     MSVCRTD:tncleanup.obj
 0002:00002200       _load_config_used          000000018000b200     MSVCRTD:loadcfg.obj
 0002:000022e0       __rtc_iaa                  000000018000b2e0     MSVCRTD:initsect.obj
 0002:000022e8       __rtc_izz                  000000018000b2e8     MSVCRTD:initsect.obj
 0002:000022f0       __rtc_taa                  000000018000b2f0     MSVCRTD:initsect.obj
 0002:000022f8       __rtc_tzz                  000000018000b2f8     MSVCRTD:initsect.obj
 0002:00002b8c       __IMPORT_DESCRIPTOR_KERNEL32 000000018000bb8c     kernel32:KERNEL32.dll
 0002:00002ba0       __IMPORT_DESCRIPTOR_MSVCR120D 000000018000bba0     MSVCRTD:MSVCR120D.dll
 0002:00002bb4       __NULL_IMPORT_DESCRIPTOR   000000018000bbb4     kernel32:KERNEL32.dll
 0003:00000020       __itt_notify_sync_acquired_ptr_ 000000018000d020     itt_notify_proxy.obj
 0003:00000028       __itt_notify_sync_releasing_ptr_ 000000018000d028     itt_notify_proxy.obj
 0003:00000030       __itt_notify_cpath_target_ptr_ 000000018000d030     itt_notify_proxy.obj
 0003:00000038       __itt_sync_set_nameA_ptr_  000000018000d038     itt_notify_proxy.obj
 0003:00000040       __itt_sync_set_nameW_ptr_  000000018000d040     itt_notify_proxy.obj
 0003:00000048       __itt_thr_name_setA_ptr_   000000018000d048     itt_notify_proxy.obj
 0003:00000050       __itt_thr_name_setW_ptr_   000000018000d050     itt_notify_proxy.obj
 0003:00000058       __itt_event_createA_ptr_   000000018000d058     itt_notify_proxy.obj
 0003:00000060       __itt_event_createW_ptr_   000000018000d060     itt_notify_proxy.obj
 0003:00000068       __itt_thr_ignore_ptr_      000000018000d068     itt_notify_proxy.obj
 0003:00000070       __itt_event_start_ptr_     000000018000d070     itt_notify_proxy.obj
 0003:00000078       __itt_event_end_ptr_       000000018000d078     itt_notify_proxy.obj
 0003:00000080       __itt_state_get_ptr_       000000018000d080     itt_notify_proxy.obj
 0003:00000088       __itt_state_set_ptr_       000000018000d088     itt_notify_proxy.obj
 0003:00000090       __itt_obj_mode_set_ptr_    000000018000d090     itt_notify_proxy.obj
 0003:00000098       __itt_thr_mode_set_ptr_    000000018000d098     itt_notify_proxy.obj
 0003:000000a0       __itt_api_version_ptr_     000000018000d0a0     itt_notify_proxy.obj
 0003:000000a8       __itt_jit_get_new_method_id_ptr_ 000000018000d0a8     itt_notify_proxy.obj
 0003:000006e8       __itt_pause_ptr_           000000018000d6e8     itt_notify_proxy.obj
 0003:000006f0       __itt_resume_ptr_          000000018000d6f0     itt_notify_proxy.obj
 0003:000006f8       __itt_markA_ptr_           000000018000d6f8     itt_notify_proxy.obj
 0003:00000700       __itt_markW_ptr_           000000018000d700     itt_notify_proxy.obj
 0003:00000708       __itt_mark_globalA_ptr_    000000018000d708     itt_notify_proxy.obj
 0003:00000880       __itt_mark_globalW_ptr_    000000018000d880     itt_notify_proxy.obj
 0003:000009f0       __itt_thread_set_nameA_ptr_ 000000018000d9f0     itt_notify_proxy.obj
 0003:00000b40       __itt_thread_set_nameW_ptr_ 000000018000db40     itt_notify_proxy.obj
 0003:00000c10       __itt_sync_createA_ptr_    000000018000dc10     itt_notify_proxy.obj
 0003:00000c18       __itt_sync_createW_ptr_    000000018000dc18     itt_notify_proxy.obj
 0003:00000c20       __itt_sync_renameA_ptr_    000000018000dc20     itt_notify_proxy.obj
 0003:00000c28       __itt_sync_renameW_ptr_    000000018000dc28     itt_notify_proxy.obj
 0003:00000c30       __itt_sync_destroy_ptr_    000000018000dc30     itt_notify_proxy.obj
 0003:00000c38       __itt_mark_off_ptr_        000000018000dc38     itt_notify_proxy.obj
 0003:00000c40       __itt_mark_global_off_ptr_ 000000018000dc40     itt_notify_proxy.obj
 0003:00000c48       __itt_thread_ignore_ptr_   000000018000dc48     itt_notify_proxy.obj
 0003:00000c50       __itt_sync_prepare_ptr_    000000018000dc50     itt_notify_proxy.obj
 0003:00000c58       __itt_sync_cancel_ptr_     000000018000dc58     itt_notify_proxy.obj
 0003:00000c60       __itt_sync_acquired_ptr_   000000018000dc60     itt_notify_proxy.obj
 0003:00000c68       __itt_sync_releasing_ptr_  000000018000dc68     itt_notify_proxy.obj
 0003:00000c70       __itt_sync_released_ptr_   000000018000dc70     itt_notify_proxy.obj
 0003:00000c78       __itt_memory_read_ptr_     000000018000dc78     itt_notify_proxy.obj
 0003:00000c80       __itt_memory_write_ptr_    000000018000dc80     itt_notify_proxy.obj
 0003:00000c88       __itt_memory_update_ptr_   000000018000dc88     itt_notify_proxy.obj
 0003:00000c90       __itt_jit_notify_event_ptr_ 000000018000dc90     itt_notify_proxy.obj
 0003:00000c98       __itt_mark_createA_ptr_    000000018000dc98     itt_notify_proxy.obj
 0003:00000ca0       __itt_mark_createW_ptr_    000000018000dca0     itt_notify_proxy.obj
 0003:00000ca8       __itt_fsync_prepare_ptr_   000000018000dca8     itt_notify_proxy.obj
 0003:00000cb0       __itt_fsync_cancel_ptr_    000000018000dcb0     itt_notify_proxy.obj
 0003:00000cb8       __itt_fsync_acquired_ptr_  000000018000dcb8     itt_notify_proxy.obj
 0003:00000cc0       __itt_fsync_releasing_ptr_ 000000018000dcc0     itt_notify_proxy.obj
 0003:00000cc8       __itt_fsync_released_ptr_  000000018000dcc8     itt_notify_proxy.obj
 0003:00000cd0       __itt_notify_sync_prepare_ptr_ 000000018000dcd0     itt_notify_proxy.obj
 0003:00000cd8       __itt_notify_sync_cancel_ptr_ 000000018000dcd8     itt_notify_proxy.obj
 0003:00000ce0       _fltused                   000000018000dce0     MSVCRTD:dllsupp.obj
 0003:00000cf0       __security_cookie          000000018000dcf0     MSVCRTD:gs_cookie.obj
 0003:00000cf8       __security_cookie_complement 000000018000dcf8     MSVCRTD:gs_cookie.obj
 0003:00000d00       __native_dllmain_reason    000000018000dd00     MSVCRTD:natstart.obj
 0003:0000e518       ?__type_info_root_node@@3U__type_info_node@@A 000000018001b518     MSVCRTD:tncleanup.obj
 0003:0000e528       __native_startup_lock      000000018001b528     <common>
 0003:0000e530       __native_startup_state     000000018001b530     <common>
 0003:0000e538       __onexitend                000000018001b538     <common>
 0003:0000e540       __onexitbegin              000000018001b540     <common>
 0003:0000e548       __dyn_tls_init_callback    000000018001b548     <common>

 entry point at        0001:00006970

 Static symbols

 0000:fffe1000       .debug$S                   0000000180000000     MSVCRTD:MSVCR120D.dll
 0000:fffe1000       .debug$S                   0000000180000000     MSVCRTD:MSVCR120D.dll
 0000:fffe1000       .debug$S                   0000000180000000     MSVCRTD:MSVCR120D.dll
 0000:fffe1000       .debug$S                   0000000180000000     MSVCRTD:MSVCR120D.dll
 0000:fffe1000       .debug$S                   0000000180000000     MSVCRTD:MSVCR120D.dll
 0000:fffe1000       .debug$S                   0000000180000000     MSVCRTD:MSVCR120D.dll
 0000:fffe1000       .debug$S                   0000000180000000     MSVCRTD:MSVCR120D.dll
 0000:fffe1000       .debug$S                   0000000180000000     MSVCRTD:MSVCR120D.dll
 0000:fffe1000       .debug$S                   0000000180000000     MSVCRTD:MSVCR120D.dll
 0000:fffe1000       .debug$S                   0000000180000000     MSVCRTD:MSVCR120D.dll
 0000:fffe1000       .debug$S                   0000000180000000     MSVCRTD:MSVCR120D.dll
 0000:fffe1000       .debug$S                   0000000180000000     MSVCRTD:MSVCR120D.dll
 0000:fffe1000       .debug$S                   0000000180000000     MSVCRTD:MSVCR120D.dll
 0000:fffe1000       .debug$S                   0000000180000000     MSVCRTD:MSVCR120D.dll
 0000:fffe1000       .debug$S                   0000000180000000     MSVCRTD:MSVCR120D.dll
 0000:fffe1000       .debug$S                   0000000180000000     MSVCRTD:MSVCR120D.dll
 0000:fffe1000       .debug$S                   0000000180000000     MSVCRTD:MSVCR120D.dll
 0000:fffe1000       .debug$S                   0000000180000000     MSVCRTD:MSVCR120D.dll
 0000:fffe1000       .debug$S                   0000000180000000     MSVCRTD:MSVCR120D.dll
 0000:fffe1000       .debug$S                   0000000180000000     MSVCRTD:MSVCR120D.dll
 0000:fffe1000       .debug$S                   0000000180000000     MSVCRTD:MSVCR120D.dll
 0000:fffe1000       .debug$S                   0000000180000000     MSVCRTD:MSVCR120D.dll
 0000:fffe1000       .debug$S                   0000000180000000     MSVCRTD:MSVCR120D.dll
 0000:fffe1000       .debug$S                   0000000180000000     MSVCRTD:MSVCR120D.dll
 0000:fffe1000       .debug$S                   0000000180000000     MSVCRTD:MSVCR120D.dll
 0000:fffe1000       .debug$S                   0000000180000000     MSVCRTD:MSVCR120D.dll
 0000:fffe1000       .debug$S                   0000000180000000     MSVCRTD:MSVCR120D.dll
 0000:fffe1000       .debug$S                   0000000180000000     MSVCRTD:MSVCR120D.dll
 0000:fffe1000       .debug$S                   0000000180000000     MSVCRTD:MSVCR120D.dll
 0000:fffe1000       .debug$S                   0000000180000000     MSVCRTD:MSVCR120D.dll
 0000:fffe1000       .debug$S                   0000000180000000     MSVCRTD:MSVCR120D.dll
 0000:fffe1000       .debug$S                   0000000180000000     kernel32:KERNEL32.dll
 0000:fffe1000       .debug$S                   0000000180000000     kernel32:KERNEL32.dll
 0000:fffe1000       .debug$S                   0000000180000000     kernel32:KERNEL32.dll
 0000:fffe1000       .debug$S                   0000000180000000     kernel32:KERNEL32.dll
 0000:fffe1000       .debug$S                   0000000180000000     kernel32:KERNEL32.dll
 0000:fffe1000       .debug$S                   0000000180000000     kernel32:KERNEL32.dll
 0000:fffe1000       .debug$S                   0000000180000000     kernel32:KERNEL32.dll
 0000:fffe1000       .debug$S                   0000000180000000     kernel32:KERNEL32.dll
 0000:fffe1000       .debug$S                   0000000180000000     kernel32:KERNEL32.dll
 0000:fffe1000       .debug$S                   0000000180000000     kernel32:KERNEL32.dll
 0000:fffe1000       .debug$S                   0000000180000000     kernel32:KERNEL32.dll
 0000:fffe1000       .debug$S                   0000000180000000     kernel32:KERNEL32.dll
 0000:fffe1000       .debug$S                   0000000180000000     kernel32:KERNEL32.dll
 0000:fffe1000       .debug$S                   0000000180000000     kernel32:KERNEL32.dll
 0000:fffe1000       .debug$S                   0000000180000000     kernel32:KERNEL32.dll
 0000:fffe1000       .debug$S                   0000000180000000     kernel32:KERNEL32.dll
 0000:fffe1000       .debug$S                   0000000180000000     kernel32:KERNEL32.dll
 0000:fffe1000       .debug$S                   0000000180000000     kernel32:KERNEL32.dll
 0000:fffe1000       .debug$S                   0000000180000000     kernel32:KERNEL32.dll
 0000:fffe1000       .debug$S                   0000000180000000     kernel32:KERNEL32.dll
 0001:00000000       ??__EfreeBlockList@internal@rml@@YAXXZ 0000000180001000 f   MemoryAllocator.obj
 0001:00000020       $$000000                   0000000180001020     atomic_support.obj
 0001:00000e50       ?isPowerOfTwo@@YA_N_K@Z    0000000180001e50 f   MemoryAllocator.obj
 0001:00000ea0       ?isPowerOfTwoMultiple@@YA_N_K0@Z 0000000180001ea0 f   MemoryAllocator.obj
 0001:00000f30       ?getThreadId@internal@rml@@YA_JXZ 0000000180001f30 f   MemoryAllocator.obj
 0001:00000fa0       ?getThreadMallocTLS@internal@rml@@YAPEAXXZ 0000000180001fa0 f   MemoryAllocator.obj
 0001:00000fd0       ?setThreadMallocTLS@internal@rml@@YAXPEAX@Z 0000000180001fd0 f   MemoryAllocator.obj
 0001:00001270       ?getRawMemory@internal@rml@@YAPEAX_K_N@Z 0000000180002270 f   MemoryAllocator.obj
 0001:000012a0       ?freeRawMemory@internal@rml@@YAXPEAX_K_N@Z 00000001800022a0 f   MemoryAllocator.obj
 0001:000012d0       ?highestBitPos@internal@rml@@YAII@Z 00000001800022d0 f   MemoryAllocator.obj
 0001:000012f0       ?getIndex@internal@rml@@YAII@Z 00000001800022f0 f   MemoryAllocator.obj
 0001:00001310       ??$getIndexOrObjectSize@$00@internal@rml@@YAII@Z 0000000180002310 f   MemoryAllocator.obj
 0001:000014d0       ?getObjectSize@internal@rml@@YAII@Z 00000001800024d0 f   MemoryAllocator.obj
 0001:000014f0       ??$getIndexOrObjectSize@$0A@@internal@rml@@YAII@Z 00000001800024f0 f   MemoryAllocator.obj
 0001:000016b0       ?alignBigBlock@internal@rml@@YAPEAXPEAX@Z 00000001800026b0 f   MemoryAllocator.obj
 0001:000016e0       ??$alignUp@PEAX@@YAPEAXPEAX_K@Z 00000001800026e0 f   MemoryAllocator.obj
 0001:00001710       ?mallocBigBlock@internal@rml@@YAHXZ 0000000180002710 f   MemoryAllocator.obj
 0001:00001800       ??$alignDown@PEAX@@YAPEAXPEAX_K@Z 0000000180002800 f   MemoryAllocator.obj
 0001:00001830       ?initEmptyBlock@internal@rml@@YAXPEAUBlock@12@_K@Z 0000000180002830 f   MemoryAllocator.obj
 0001:00001900       ?getEmptyBlock@internal@rml@@YAPEAUBlock@12@_K@Z 0000000180002900 f   MemoryAllocator.obj
 0001:00001940       ?bootStrapMalloc@internal@rml@@YAPEAX_K@Z 0000000180002940 f   MemoryAllocator.obj
 0001:00001ab0       ?bootStrapFree@internal@rml@@YAXPEAX@Z 0000000180002ab0 f   MemoryAllocator.obj
 0001:00001b20       ?verifyTLSBin@internal@rml@@YAXPEAUBin@12@_K@Z 0000000180002b20 f   MemoryAllocator.obj
 0001:00001b40       ?pushTLSBin@internal@rml@@YAXPEAUBin@12@PEAUBlock@12@@Z 0000000180002b40 f   MemoryAllocator.obj
 0001:00001cd0       ?outofTLSBin@internal@rml@@YAXPEAUBin@12@PEAUBlock@12@@Z 0000000180002cd0 f   MemoryAllocator.obj
 0001:00001ea0       ?getAllocationBin@internal@rml@@YAPEAUBin@12@_K@Z 0000000180002ea0 f   MemoryAllocator.obj
 0001:00001fe0       ?emptyEnoughToUse@internal@rml@@YAIPEAUBlock@12@@Z 0000000180002fe0 f   MemoryAllocator.obj
 0001:00002090       ?restoreBumpPtr@internal@rml@@YAXPEAUBlock@12@@Z 0000000180003090 f   MemoryAllocator.obj
 0001:00002130       ?freePublicObject@internal@rml@@YAXPEAUBlock@12@PEAUFreeObject@12@@Z 0000000180003130 f   MemoryAllocator.obj
 0001:000022b0       ?privatizePublicFreeList@internal@rml@@YAXPEAUBlock@12@@Z 00000001800032b0 f   MemoryAllocator.obj
 0001:000024a0       ?getPublicFreeListBlock@internal@rml@@YAPEAUBlock@12@PEAUBin@12@@Z 00000001800034a0 f   MemoryAllocator.obj
 0001:000025f0       ?getPartialBlock@internal@rml@@YAPEAUBlock@12@PEAUBin@12@I@Z 00000001800035f0 f   MemoryAllocator.obj
 0001:000027c0       ?returnPartialBlock@internal@rml@@YAXPEAUBin@12@PEAUBlock@12@@Z 00000001800037c0 f   MemoryAllocator.obj
 0001:00002960       ?cleanBlockHeader@internal@rml@@YAXPEAUBlock@12@@Z 0000000180003960 f   MemoryAllocator.obj
 0001:000029e0       ?getRawBlock@internal@rml@@YAPEAUBlock@12@XZ 00000001800039e0 f   MemoryAllocator.obj
 0001:00002b20       ??$isAligned@PEAUBlock@internal@rml@@@@YA_NPEAUBlock@internal@rml@@_K@Z 0000000180003b20 f   MemoryAllocator.obj
 0001:00002b70       ??$isAligned@PEAUFreeObject@internal@rml@@@@YA_NPEAUFreeObject@internal@rml@@_K@Z 0000000180003b70 f   MemoryAllocator.obj
 0001:00002bc0       ?returnEmptyBlock@internal@rml@@YAXPEAUBlock@12@_N@Z 0000000180003bc0 f   MemoryAllocator.obj
 0001:00002cf0       ?getActiveBlock@internal@rml@@YAPEAUBlock@12@PEAUBin@12@@Z 0000000180003cf0 f   MemoryAllocator.obj
 0001:00002d40       ?setActiveBlock@internal@rml@@YAXPEAUBin@12@PEAUBlock@12@@Z 0000000180003d40 f   MemoryAllocator.obj
 0001:00002dd0       ?setPreviousBlockActive@internal@rml@@YAPEAUBlock@12@PEAUBin@12@@Z 0000000180003dd0 f   MemoryAllocator.obj
 0001:00002e70       ?initMemoryManager@internal@rml@@YAXXZ 0000000180003e70 f   MemoryAllocator.obj
 0001:00002f00       ?checkInitialization@internal@rml@@YAXXZ 0000000180003f00 f   MemoryAllocator.obj
 0001:00002ff0       ?isLargeObject@internal@rml@@YAIPEAX@Z 0000000180003ff0 f   MemoryAllocator.obj
 0001:00003020       ??$isAligned@PEAX@@YA_NPEAX_K@Z 0000000180004020 f   MemoryAllocator.obj
 0001:00003070       ?cleanupCacheIfNeed@internal@rml@@YA_KXZ 0000000180004070 f   MemoryAllocator.obj
 0001:00003110       ?allocateCachedLargeObject@internal@rml@@YAPEAUCachedObject@12@_K@Z 0000000180004110 f   MemoryAllocator.obj
 0001:000031c0       ?mallocLargeObject@internal@rml@@YAPEAX_K0_N@Z 00000001800041c0 f   MemoryAllocator.obj
 0001:00003350       ??$alignUp@_K@@YA_K_K0@Z   0000000180004350 f   MemoryAllocator.obj
 0001:00003380       ?freeLargeObjectToCache@internal@rml@@YA_NPEAULargeObjectHeader@12@@Z 0000000180004380 f   MemoryAllocator.obj
 0001:00003440       ?freeLargeObject@internal@rml@@YAXPEAX@Z 0000000180004440 f   MemoryAllocator.obj
 0001:000034a0       ?allocateFromFreeList@internal@rml@@YAPEAUFreeObject@12@PEAUBlock@12@@Z 00000001800044a0 f   MemoryAllocator.obj
 0001:00003570       ?allocateFromBumpPtr@internal@rml@@YAPEAUFreeObject@12@PEAUBlock@12@@Z 0000000180004570 f   MemoryAllocator.obj
 0001:00003640       ?allocateFromBlock@internal@rml@@YAPEAUFreeObject@12@PEAUBlock@12@@Z 0000000180004640 f   MemoryAllocator.obj
 0001:00003730       ?moveBlockToBinFront@internal@rml@@YAXPEAUBlock@12@@Z 0000000180004730 f   MemoryAllocator.obj
 0001:00003780       ?processLessUsedBlock@internal@rml@@YAXPEAUBlock@12@@Z 0000000180004780 f   MemoryAllocator.obj
 0001:00003800       ?allocateAligned@internal@rml@@YAPEAX_K0@Z 0000000180004800 f   MemoryAllocator.obj
 0001:00003990       ?reallocAligned@internal@rml@@YAPEAXPEAX_K1@Z 0000000180004990 f   MemoryAllocator.obj
 0001:00003be0       ?isProperlyPlaced@internal@rml@@YA_NPEBXPEBUBlock@12@@Z 0000000180004be0 f   MemoryAllocator.obj
 0001:00003c40       ?findAllocatedObject@internal@rml@@YAPEAUFreeObject@12@PEBXPEBUBlock@12@@Z 0000000180004c40 f   MemoryAllocator.obj
 0001:00003cf0       ?safer_dereference@@YA_KPEA_K@Z 0000000180004cf0 f   MemoryAllocator.obj
 0001:00003d30       ?isRecognized@@YA_NPEAX@Z  0000000180004d30 f   MemoryAllocator.obj
 0001:00003de0       ??$alignUp@I@@YAII_K@Z     0000000180004de0 f   MemoryAllocator.obj
 0001:00004850       __itt_init_lib             0000000180005850 f   itt_notify_proxy.obj
 0001:00004a40       __itt_pause_init           0000000180005a40 f   itt_notify_proxy.obj
 0001:00004a70       __itt_resume_init          0000000180005a70 f   itt_notify_proxy.obj
 0001:00004aa0       __itt_markA_init           0000000180005aa0 f   itt_notify_proxy.obj
 0001:00004ae0       __itt_markW_init           0000000180005ae0 f   itt_notify_proxy.obj
 0001:00004b20       __itt_mark_globalA_init    0000000180005b20 f   itt_notify_proxy.obj
 0001:00004b60       __itt_mark_globalW_init    0000000180005b60 f   itt_notify_proxy.obj
 0001:00004ba0       __itt_thread_set_nameA_init 0000000180005ba0 f   itt_notify_proxy.obj
 0001:00004bd0       __itt_thread_set_nameW_init 0000000180005bd0 f   itt_notify_proxy.obj
 0001:00004c00       __itt_sync_createA_init    0000000180005c00 f   itt_notify_proxy.obj
 0001:00004c50       __itt_sync_createW_init    0000000180005c50 f   itt_notify_proxy.obj
 0001:00004ca0       __itt_sync_renameA_init    0000000180005ca0 f   itt_notify_proxy.obj
 0001:00004ce0       __itt_sync_renameW_init    0000000180005ce0 f   itt_notify_proxy.obj
 0001:00004d20       __itt_sync_destroy_init    0000000180005d20 f   itt_notify_proxy.obj
 0001:00004d50       __itt_mark_off_init        0000000180005d50 f   itt_notify_proxy.obj
 0001:00004d90       __itt_mark_global_off_init 0000000180005d90 f   itt_notify_proxy.obj
 0001:00004dd0       __itt_thread_ignore_init   0000000180005dd0 f   itt_notify_proxy.obj
 0001:00004e00       __itt_sync_prepare_init    0000000180005e00 f   itt_notify_proxy.obj
 0001:00004e30       __itt_sync_cancel_init     0000000180005e30 f   itt_notify_proxy.obj
 0001:00004e60       __itt_sync_acquired_init   0000000180005e60 f   itt_notify_proxy.obj
 0001:00004e90       __itt_sync_releasing_init  0000000180005e90 f   itt_notify_proxy.obj
 0001:00004ec0       __itt_sync_released_init   0000000180005ec0 f   itt_notify_proxy.obj
 0001:00004ef0       __itt_memory_read_init     0000000180005ef0 f   itt_notify_proxy.obj
 0001:00004f30       __itt_memory_write_init    0000000180005f30 f   itt_notify_proxy.obj
 0001:00004f70       __itt_memory_update_init   0000000180005f70 f   itt_notify_proxy.obj
 0001:00004fb0       __itt_jit_notify_event_init 0000000180005fb0 f   itt_notify_proxy.obj
 0001:00004ff0       __itt_mark_createA_init    0000000180005ff0 f   itt_notify_proxy.obj
 0001:00005030       __itt_mark_createW_init    0000000180006030 f   itt_notify_proxy.obj
 0001:00005070       __itt_fsync_prepare_init   0000000180006070 f   itt_notify_proxy.obj
 0001:000050a0       __itt_fsync_cancel_init    00000001800060a0 f   itt_notify_proxy.obj
 0001:000050d0       __itt_fsync_acquired_init  00000001800060d0 f   itt_notify_proxy.obj
 0001:00005100       __itt_fsync_releasing_init 0000000180006100 f   itt_notify_proxy.obj
 0001:00005130       __itt_fsync_released_init  0000000180006130 f   itt_notify_proxy.obj
 0001:00005160       __itt_notify_sync_prepare_init 0000000180006160 f   itt_notify_proxy.obj
 0001:00005190       __itt_notify_sync_cancel_init 0000000180006190 f   itt_notify_proxy.obj
 0001:000051c0       __itt_notify_sync_acquired_init 00000001800061c0 f   itt_notify_proxy.obj
 0001:000051f0       __itt_notify_sync_releasing_init 00000001800061f0 f   itt_notify_proxy.obj
 0001:00005220       __itt_notify_cpath_target_init 0000000180006220 f   itt_notify_proxy.obj
 0001:00005250       __itt_sync_set_nameA_init  0000000180006250 f   itt_notify_proxy.obj
 0001:000052a0       __itt_sync_set_nameW_init  00000001800062a0 f   itt_notify_proxy.obj
 0001:000052f0       __itt_thr_name_setA_init   00000001800062f0 f   itt_notify_proxy.obj
 0001:00005330       __itt_thr_name_setW_init   0000000180006330 f   itt_notify_proxy.obj
 0001:00005370       __itt_event_createA_init   0000000180006370 f   itt_notify_proxy.obj
 0001:000053b0       __itt_event_createW_init   00000001800063b0 f   itt_notify_proxy.obj
 0001:000053f0       __itt_thr_ignore_init      00000001800063f0 f   itt_notify_proxy.obj
 0001:00005420       __itt_event_start_init     0000000180006420 f   itt_notify_proxy.obj
 0001:00005460       __itt_event_end_init       0000000180006460 f   itt_notify_proxy.obj
 0001:000054a0       __itt_state_get_init       00000001800064a0 f   itt_notify_proxy.obj
 0001:000054d0       __itt_state_set_init       00000001800064d0 f   itt_notify_proxy.obj
 0001:00005510       __itt_obj_mode_set_init    0000000180006510 f   itt_notify_proxy.obj
 0001:00005550       __itt_thr_mode_set_init    0000000180006550 f   itt_notify_proxy.obj
 0001:00005590       __itt_api_version_init     0000000180006590 f   itt_notify_proxy.obj
 0001:000055c0       __itt_jit_get_new_method_id_init 00000001800065c0 f   itt_notify_proxy.obj
 0001:000055f0       __itt_fstrcmp              00000001800065f0 f   itt_notify_proxy.obj
 0001:000056e0       __itt_fsplit               00000001800066e0 f   itt_notify_proxy.obj
 0001:00005910       __itt_fstrcpyn             0000000180006910 f   itt_notify_proxy.obj
 0001:00005990       __itt_report_error         0000000180006990 f   itt_notify_proxy.obj
 0001:000059d0       __itt_get_env_var          00000001800069d0 f   itt_notify_proxy.obj
 0001:00005a90       __itt_get_lib_name         0000000180006a90 f   itt_notify_proxy.obj
 0001:00005ad0       __itt_get_groups           0000000180006ad0 f   itt_notify_proxy.obj
 0001:00006170       $$000000                   0000000180007170     MSVCRTD:chkstk.obj
 0001:000061d0       $$000000                   00000001800071d0     MSVCRTD:amdsecgs.obj
 0001:00006520       pre_c_init                 0000000180007520 f   MSVCRTD:crtdll.obj
 0001:000069b0       __DllMainCRTStartup        00000001800079b0 f   MSVCRTD:crtdll.obj
 0001:00007150       ?filt$0@?0??safer_dereference@@YA_KPEA_K@Z@4HA 0000000180008150 f   MemoryAllocator.obj
 0001:00007190       __DllMainCRTStartup$filt$0 0000000180008190 f   MSVCRTD:crtdll.obj
 0001:000071c0       __DllMainCRTStartup$fin$1  00000001800081c0 f   MSVCRTD:crtdll.obj
 0001:000071e0       _IsNonwritableInCurrentImage$filt$0 00000001800081e0 f   MSVCRTD:pesect.obj
 0001:00007220       _onexit$fin$0              0000000180008220 f   MSVCRTD:atonexit.obj
 0002:000001b0       freeBlockList$initializer$ 00000001800091b0     MemoryAllocator.obj
 0002:000001c8       pcinit                     00000001800091c8     MSVCRTD:crtdll.obj
 0002:000001d0       pinit                      00000001800091d0     MSVCRTD:atonexit.obj
 0002:00000220       $SG68614                   0000000180009220     MemoryAllocator.obj
 0002:00000250       $SG68615                   0000000180009250     MemoryAllocator.obj
 0002:00000280       $SG68619                   0000000180009280     MemoryAllocator.obj
 0002:000002c0       $SG68620                   00000001800092c0     MemoryAllocator.obj
 0002:000002f0       $SG68638                   00000001800092f0     MemoryAllocator.obj
 0002:0000030c       $SG68659                   000000018000930c     MemoryAllocator.obj
 0002:00000310       $SG68639                   0000000180009310     MemoryAllocator.obj
 0002:00000340       $SG68641                   0000000180009340     MemoryAllocator.obj
 0002:0000035c       $SG68666                   000000018000935c     MemoryAllocator.obj
 0002:00000360       $SG68642                   0000000180009360     MemoryAllocator.obj
 0002:00000390       $SG68645                   0000000180009390     MemoryAllocator.obj
 0002:000003a4       $SG68863                   00000001800093a4     MemoryAllocator.obj
 0002:000003ac       $SG69255                   00000001800093ac     MemoryAllocator.obj
 0002:000003b0       $SG68646                   00000001800093b0     MemoryAllocator.obj
 0002:000003e0       $SG68648                   00000001800093e0     MemoryAllocator.obj
 0002:000003f8       $SG68649                   00000001800093f8     MemoryAllocator.obj
 0002:00000428       $SG68660                   0000000180009428     MemoryAllocator.obj
 0002:00000458       $SG68667                   0000000180009458     MemoryAllocator.obj
 0002:00000488       $SG68669                   0000000180009488     MemoryAllocator.obj
 0002:000004a8       $SG68670                   00000001800094a8     MemoryAllocator.obj
 0002:000004d8       $SG68675                   00000001800094d8     MemoryAllocator.obj
 0002:000004f0       $SG68676                   00000001800094f0     MemoryAllocator.obj
 0002:00000520       $SG68680                   0000000180009520     MemoryAllocator.obj
 0002:00000534       $SG69283                   0000000180009534     MemoryAllocator.obj
 0002:00000538       $SG68681                   0000000180009538     MemoryAllocator.obj
 0002:00000568       $SG68691                   0000000180009568     MemoryAllocator.obj
 0002:00000590       $SG68692                   0000000180009590     MemoryAllocator.obj
 0002:000005c0       $SG68695                   00000001800095c0     MemoryAllocator.obj
 0002:0000060c       $SG68312                   000000018000960c     MemoryAllocator.obj
 0002:00000610       $SG68702                   0000000180009610     MemoryAllocator.obj
 0002:00000628       $SG68703                   0000000180009628     MemoryAllocator.obj
 0002:00000658       $SG68706                   0000000180009658     MemoryAllocator.obj
 0002:00000670       $SG68707                   0000000180009670     MemoryAllocator.obj
 0002:000006a0       $SG68709                   00000001800096a0     MemoryAllocator.obj
 0002:000006b8       $SG68710                   00000001800096b8     MemoryAllocator.obj
 0002:000006e8       $SG68766                   00000001800096e8     MemoryAllocator.obj
 0002:000006f4       $SG68340                   00000001800096f4     MemoryAllocator.obj
 0002:000006f8       $SG68767                   00000001800096f8     MemoryAllocator.obj
 0002:00000728       $SG68796                   0000000180009728     MemoryAllocator.obj
 0002:00000748       $SG68797                   0000000180009748     MemoryAllocator.obj
 0002:00000778       $SG68835                   0000000180009778     MemoryAllocator.obj
 0002:00000794       $SG68357                   0000000180009794     MemoryAllocator.obj
 0002:00000798       $SG68836                   0000000180009798     MemoryAllocator.obj
 0002:000007c8       $SG68844                   00000001800097c8     MemoryAllocator.obj
 0002:000007e8       $SG68845                   00000001800097e8     MemoryAllocator.obj
 0002:00000818       $SG68864                   0000000180009818     MemoryAllocator.obj
 0002:00000848       $SG68891                   0000000180009848     MemoryAllocator.obj
 0002:00000870       $SG68867                   0000000180009870     MemoryAllocator.obj
 0002:000008c0       $SG68868                   00000001800098c0     MemoryAllocator.obj
 0002:000008f0       $SG68883                   00000001800098f0     MemoryAllocator.obj
 0002:00000940       $SG68884                   0000000180009940     MemoryAllocator.obj
 0002:00000970       $SG68892                   0000000180009970     MemoryAllocator.obj
 0002:000009a0       $SG68895                   00000001800099a0     MemoryAllocator.obj
 0002:000009b8       $SG68896                   00000001800099b8     MemoryAllocator.obj
 0002:000009e8       $SG68899                   00000001800099e8     MemoryAllocator.obj
 0002:00000a00       $SG68900                   0000000180009a00     MemoryAllocator.obj
 0002:00000a30       $SG68916                   0000000180009a30     MemoryAllocator.obj
 0002:00000a48       $SG68917                   0000000180009a48     MemoryAllocator.obj
 0002:00000a78       $SG68929                   0000000180009a78     MemoryAllocator.obj
 0002:00000a98       $SG68930                   0000000180009a98     MemoryAllocator.obj
 0002:00000ac8       $SG68944                   0000000180009ac8     MemoryAllocator.obj
 0002:00000af0       $SG68945                   0000000180009af0     MemoryAllocator.obj
 0002:00000b20       $SG68955                   0000000180009b20     MemoryAllocator.obj
 0002:00000b4c       $SG68391                   0000000180009b4c     MemoryAllocator.obj
 0002:00000b50       $SG68956                   0000000180009b50     MemoryAllocator.obj
 0002:00000b80       $SG68976                   0000000180009b80     MemoryAllocator.obj
 0002:00000ba0       $SG68977                   0000000180009ba0     MemoryAllocator.obj
 0002:00000bd0       $SG69043                   0000000180009bd0     MemoryAllocator.obj
 0002:00000c00       $SG69044                   0000000180009c00     MemoryAllocator.obj
 0002:00000c30       $SG69048                   0000000180009c30     MemoryAllocator.obj
 0002:00000c48       $SG69049                   0000000180009c48     MemoryAllocator.obj
 0002:00000c78       $SG69070                   0000000180009c78     MemoryAllocator.obj
 0002:00000ca4       emptyEnoughRatio           0000000180009ca4     MemoryAllocator.obj
 0002:00000ca8       $SG69071                   0000000180009ca8     MemoryAllocator.obj
 0002:00000cd8       $SG69073                   0000000180009cd8     MemoryAllocator.obj
 0002:00000cf0       $SG69074                   0000000180009cf0     MemoryAllocator.obj
 0002:00000d20       $SG69082                   0000000180009d20     MemoryAllocator.obj
 0002:00000d4c       $SG68493                   0000000180009d4c     MemoryAllocator.obj
 0002:00000d50       $SG69083                   0000000180009d50     MemoryAllocator.obj
 0002:00000d80       $SG69085                   0000000180009d80     MemoryAllocator.obj
 0002:00000da8       $SG69086                   0000000180009da8     MemoryAllocator.obj
 0002:00000dd8       $SG69212                   0000000180009dd8     MemoryAllocator.obj
 0002:00000e00       $SG69090                   0000000180009e00     MemoryAllocator.obj
 0002:00000e44       $SG68514                   0000000180009e44     MemoryAllocator.obj
 0002:00000e48       $SG69091                   0000000180009e48     MemoryAllocator.obj
 0002:00000e78       $SG69213                   0000000180009e78     MemoryAllocator.obj
 0002:00000ea8       $SG69235                   0000000180009ea8     MemoryAllocator.obj
 0002:00000ec0       $SG69236                   0000000180009ec0     MemoryAllocator.obj
 0002:00000ef0       $SG69241                   0000000180009ef0     MemoryAllocator.obj
 0002:00000f34       $SG68544                   0000000180009f34     MemoryAllocator.obj
 0002:00000f38       $SG69242                   0000000180009f38     MemoryAllocator.obj
 0002:00000f68       $SG69256                   0000000180009f68     MemoryAllocator.obj
 0002:00000f98       $SG69263                   0000000180009f98     MemoryAllocator.obj
 0002:00000fb0       $SG69264                   0000000180009fb0     MemoryAllocator.obj
 0002:00000fe0       $SG69269                   0000000180009fe0     MemoryAllocator.obj
 0002:00001028       $SG69270                   000000018000a028     MemoryAllocator.obj
 0002:00001058       $SG69284                   000000018000a058     MemoryAllocator.obj
 0002:00001088       $SG68293                   000000018000a088     MemoryAllocator.obj
 0002:00001098       $SG68294                   000000018000a098     MemoryAllocator.obj
 0002:000010c8       $SG68313                   000000018000a0c8     MemoryAllocator.obj
 0002:000010f8       $SG68328                   000000018000a0f8     MemoryAllocator.obj
 0002:00001118       $SG68329                   000000018000a118     MemoryAllocator.obj
 0002:00001148       $SG68331                   000000018000a148     MemoryAllocator.obj
 0002:00001160       $SG68332                   000000018000a160     MemoryAllocator.obj
 0002:00001190       $SG68334                   000000018000a190     MemoryAllocator.obj
 0002:000011a8       $SG68335                   000000018000a1a8     MemoryAllocator.obj
 0002:000011d8       $SG68337                   000000018000a1d8     MemoryAllocator.obj
 0002:000011f0       $SG68338                   000000018000a1f0     MemoryAllocator.obj
 0002:00001220       $SG68341                   000000018000a220     MemoryAllocator.obj
 0002:00001250       $SG68351                   000000018000a250     MemoryAllocator.obj
 0002:00001270       $SG68352                   000000018000a270     MemoryAllocator.obj
 0002:000012a0       $SG68354                   000000018000a2a0     MemoryAllocator.obj
 0002:000012b8       $SG68355                   000000018000a2b8     MemoryAllocator.obj
 0002:000012e8       $SG68358                   000000018000a2e8     MemoryAllocator.obj
 0002:00001318       $SG68362                   000000018000a318     MemoryAllocator.obj
 0002:00001338       $SG68363                   000000018000a338     MemoryAllocator.obj
 0002:00001368       $SG68366                   000000018000a368     MemoryAllocator.obj
 0002:00001388       $SG68367                   000000018000a388     MemoryAllocator.obj
 0002:000013b8       $SG68376                   000000018000a3b8     MemoryAllocator.obj
 0002:000013e0       $SG68377                   000000018000a3e0     MemoryAllocator.obj
 0002:00001410       $SG68385                   000000018000a410     MemoryAllocator.obj
 0002:00001428       $SG68386                   000000018000a428     MemoryAllocator.obj
 0002:00001458       $SG68388                   000000018000a458     MemoryAllocator.obj
 0002:00001470       $SG68389                   000000018000a470     MemoryAllocator.obj
 0002:000014a0       $SG68392                   000000018000a4a0     MemoryAllocator.obj
 0002:000014d0       $SG68405                   000000018000a4d0     MemoryAllocator.obj
 0002:000014f0       $SG68406                   000000018000a4f0     MemoryAllocator.obj
 0002:00001520       $SG68408                   000000018000a520     MemoryAllocator.obj
 0002:00001540       $SG68409                   000000018000a540     MemoryAllocator.obj
 0002:00001570       $SG68442                   000000018000a570     MemoryAllocator.obj
 0002:00001590       $SG68443                   000000018000a590     MemoryAllocator.obj
 0002:000015c0       $SG68445                   000000018000a5c0     MemoryAllocator.obj
 0002:000015d0       $SG68446                   000000018000a5d0     MemoryAllocator.obj
 0002:00001600       $SG68451                   000000018000a600     MemoryAllocator.obj
 0002:00001610       $SG68452                   000000018000a610     MemoryAllocator.obj
 0002:00001640       $SG68461                   000000018000a640     MemoryAllocator.obj
 0002:00001668       $SG68462                   000000018000a668     MemoryAllocator.obj
 0002:00001698       $SG68473                   000000018000a698     MemoryAllocator.obj
 0002:000016c0       $SG68474                   000000018000a6c0     MemoryAllocator.obj
 0002:000016f0       $SG68478                   000000018000a6f0     MemoryAllocator.obj
 0002:00001748       $SG68479                   000000018000a748     MemoryAllocator.obj
 0002:00001780       $SG68485                   000000018000a780     MemoryAllocator.obj
 0002:000017d0       $SG68486                   000000018000a7d0     MemoryAllocator.obj
 0002:00001800       $SG68494                   000000018000a800     MemoryAllocator.obj
 0002:00001830       $SG68498                   000000018000a830     MemoryAllocator.obj
 0002:00001850       $SG10130                   000000018000a850     MemoryAllocator.obj
 0002:00001878       $SG68499                   000000018000a878     MemoryAllocator.obj
 0002:000018a8       $SG10131                   000000018000a8a8     MemoryAllocator.obj
 0002:000018c0       $SG10132                   000000018000a8c0     MemoryAllocator.obj
 0002:00001908       $SG68501                   000000018000a908     MemoryAllocator.obj
 0002:00001930       $SG68502                   000000018000a930     MemoryAllocator.obj
 0002:00001960       $SG68506                   000000018000a960     MemoryAllocator.obj
 0002:00001988       $SG68507                   000000018000a988     MemoryAllocator.obj
 0002:000019b8       $SG68515                   000000018000a9b8     MemoryAllocator.obj
 0002:000019e8       $SG68520                   000000018000a9e8     MemoryAllocator.obj
 0002:00001a18       $SG68521                   000000018000aa18     MemoryAllocator.obj
 0002:00001a48       $SG68523                   000000018000aa48     MemoryAllocator.obj
 0002:00001a68       $SG68524                   000000018000aa68     MemoryAllocator.obj
 0002:00001a98       $SG68526                   000000018000aa98     MemoryAllocator.obj
 0002:00001ab0       $SG68527                   000000018000aab0     MemoryAllocator.obj
 0002:00001ae0       $SG68529                   000000018000aae0     MemoryAllocator.obj
 0002:00001b08       $SG68530                   000000018000ab08     MemoryAllocator.obj
 0002:00001b38       $SG68535                   000000018000ab38     MemoryAllocator.obj
 0002:00001b60       $SG68536                   000000018000ab60     MemoryAllocator.obj
 0002:00001b90       $SG68545                   000000018000ab90     MemoryAllocator.obj
 0002:00001bc0       $SG68547                   000000018000abc0     MemoryAllocator.obj
 0002:00001be0       $SG68548                   000000018000abe0     MemoryAllocator.obj
 0002:00001c10       $SG68568                   000000018000ac10     MemoryAllocator.obj
 0002:00001c38       $SG68569                   000000018000ac38     MemoryAllocator.obj
 0002:00001c68       $SG68571                   000000018000ac68     MemoryAllocator.obj
 0002:00001c88       $SG68572                   000000018000ac88     MemoryAllocator.obj
 0002:00001cb8       $SG68606                   000000018000acb8     MemoryAllocator.obj
 0002:00001ce0       $SG68607                   000000018000ace0     MemoryAllocator.obj
 0002:00001d60       $SG10130                   000000018000ad60     tbbmalloc.obj
 0002:00001d88       $SG10131                   000000018000ad88     tbbmalloc.obj
 0002:00001da0       $SG10132                   000000018000ada0     tbbmalloc.obj
 0002:00001df0       $SG60269                   000000018000adf0     dynamic_link.obj
 0002:00001e30       $SG60270                   000000018000ae30     dynamic_link.obj
 0002:00001e40       $SG60271                   000000018000ae40     dynamic_link.obj
 0002:00001e68       $SG60280                   000000018000ae68     dynamic_link.obj
 0002:00001e70       $SG60279                   000000018000ae70     dynamic_link.obj
 0002:00001ec0       $SG60281                   000000018000aec0     dynamic_link.obj
 0002:00001f00       $SG5919                    000000018000af00     tbb_misc.obj
 0002:00001f2b       $SG5923                    000000018000af2b     tbb_misc.obj
 0002:00001f2c       $SG67567                   000000018000af2c     tbb_misc.obj
 0002:00001f30       $SG5921                    000000018000af30     tbb_misc.obj
 0002:00001f4c       $SG5924                    000000018000af4c     tbb_misc.obj
 0002:00001f54       $SG67579                   000000018000af54     tbb_misc.obj
 0002:00001f58       $SG5925                    000000018000af58     tbb_misc.obj
 0002:00001f68       $SG5931                    000000018000af68     tbb_misc.obj
 0002:00001f80       VersionString              000000018000af80     tbb_misc.obj
 0002:00002020       $SG67580                   000000018000b020     tbb_misc.obj
 0002:00002030       GS_ExceptionPointers       000000018000b030     MSVCRTD:gs_report.obj
 0002:00002300       $unwind$__TBB_mallocThreadShutdownNotification 000000018000b300     MemoryAllocator.obj
 0002:00002308       $unwind$scalable_malloc    000000018000b308     MemoryAllocator.obj
 0002:00002310       $unwind$scalable_calloc    000000018000b310     MemoryAllocator.obj
 0002:00002318       $unwind$scalable_free      000000018000b318     MemoryAllocator.obj
 0002:00002320       $unwind$scalable_realloc   000000018000b320     MemoryAllocator.obj
 0002:00002328       $unwind$scalable_aligned_malloc 000000018000b328     MemoryAllocator.obj
 0002:00002330       $unwind$scalable_aligned_realloc 000000018000b330     MemoryAllocator.obj
 0002:00002338       $unwind$scalable_posix_memalign 000000018000b338     MemoryAllocator.obj
 0002:00002340       $unwind$scalable_msize     000000018000b340     MemoryAllocator.obj
 0002:00002348       $unwind$safer_scalable_free 000000018000b348     MemoryAllocator.obj
 0002:00002350       $unwind$safer_scalable_realloc 000000018000b350     MemoryAllocator.obj
 0002:00002358       $unwind$safer_scalable_aligned_realloc 000000018000b358     MemoryAllocator.obj
 0002:00002360       $unwind$safer_scalable_msize 000000018000b360     MemoryAllocator.obj
 0002:00002368       $unwind$?isPowerOfTwo@@YA_N_K@Z 000000018000b368     MemoryAllocator.obj
 0002:00002370       $unwind$?isPowerOfTwoMultiple@@YA_N_K0@Z 000000018000b370     MemoryAllocator.obj
 0002:00002378       $unwind$?getThreadId@internal@rml@@YA_JXZ 000000018000b378     MemoryAllocator.obj
 0002:00002380       $unwind$?getThreadMallocTLS@internal@rml@@YAPEAXXZ 000000018000b380     MemoryAllocator.obj
 0002:00002388       $unwind$?setThreadMallocTLS@internal@rml@@YAXPEAX@Z 000000018000b388     MemoryAllocator.obj
 0002:00002390       $unwind$?releaseLastIfOld@CachedObjectsList@internal@rml@@QEAAX_K0@Z 000000018000b390     MemoryAllocator.obj
 0002:00002398       $unwind$?MapMemory@internal@rml@@YAPEAX_K@Z 000000018000b398     MemoryAllocator.obj
 0002:000023a0       $unwind$?UnmapMemory@internal@rml@@YAHPEAX_K@Z 000000018000b3a0     MemoryAllocator.obj
 0002:000023a8       $unwind$?getRawMemory@internal@rml@@YAPEAX_K_N@Z 000000018000b3a8     MemoryAllocator.obj
 0002:000023b0       $unwind$?freeRawMemory@internal@rml@@YAXPEAX_K_N@Z 000000018000b3b0     MemoryAllocator.obj
 0002:000023b8       $unwind$?highestBitPos@internal@rml@@YAII@Z 000000018000b3b8     MemoryAllocator.obj
 0002:000023c0       $unwind$?getIndex@internal@rml@@YAII@Z 000000018000b3c0     MemoryAllocator.obj
 0002:000023c8       $unwind$??$getIndexOrObjectSize@$00@internal@rml@@YAII@Z 000000018000b3c8     MemoryAllocator.obj
 0002:000023d0       $unwind$?getObjectSize@internal@rml@@YAII@Z 000000018000b3d0     MemoryAllocator.obj
 0002:000023d8       $unwind$??$getIndexOrObjectSize@$0A@@internal@rml@@YAII@Z 000000018000b3d8     MemoryAllocator.obj
 0002:000023e0       $unwind$?alignBigBlock@internal@rml@@YAPEAXPEAX@Z 000000018000b3e0     MemoryAllocator.obj
 0002:000023e8       $unwind$?mallocBigBlock@internal@rml@@YAHXZ 000000018000b3e8     MemoryAllocator.obj
 0002:000023f0       $unwind$?initEmptyBlock@internal@rml@@YAXPEAUBlock@12@_K@Z 000000018000b3f0     MemoryAllocator.obj
 0002:000023f8       $unwind$?getEmptyBlock@internal@rml@@YAPEAUBlock@12@_K@Z 000000018000b3f8     MemoryAllocator.obj
 0002:00002400       $unwind$?bootStrapMalloc@internal@rml@@YAPEAX_K@Z 000000018000b400     MemoryAllocator.obj
 0002:00002408       $unwind$?bootStrapFree@internal@rml@@YAXPEAX@Z 000000018000b408     MemoryAllocator.obj
 0002:00002410       $unwind$?pushTLSBin@internal@rml@@YAXPEAUBin@12@PEAUBlock@12@@Z 000000018000b410     MemoryAllocator.obj
 0002:00002418       $unwind$?outofTLSBin@internal@rml@@YAXPEAUBin@12@PEAUBlock@12@@Z 000000018000b418     MemoryAllocator.obj
 0002:00002420       $unwind$?getAllocationBin@internal@rml@@YAPEAUBin@12@_K@Z 000000018000b420     MemoryAllocator.obj
 0002:00002428       $unwind$?emptyEnoughToUse@internal@rml@@YAIPEAUBlock@12@@Z 000000018000b428     MemoryAllocator.obj
 0002:00002430       $unwind$?restoreBumpPtr@internal@rml@@YAXPEAUBlock@12@@Z 000000018000b430     MemoryAllocator.obj
 0002:00002438       $unwind$?freePublicObject@internal@rml@@YAXPEAUBlock@12@PEAUFreeObject@12@@Z 000000018000b438     MemoryAllocator.obj
 0002:00002440       $unwind$?privatizePublicFreeList@internal@rml@@YAXPEAUBlock@12@@Z 000000018000b440     MemoryAllocator.obj
 0002:00002448       $unwind$?getPublicFreeListBlock@internal@rml@@YAPEAUBlock@12@PEAUBin@12@@Z 000000018000b448     MemoryAllocator.obj
 0002:00002450       $unwind$?getPartialBlock@internal@rml@@YAPEAUBlock@12@PEAUBin@12@I@Z 000000018000b450     MemoryAllocator.obj
 0002:00002458       $unwind$?returnPartialBlock@internal@rml@@YAXPEAUBin@12@PEAUBlock@12@@Z 000000018000b458     MemoryAllocator.obj
 0002:00002460       $unwind$?cleanBlockHeader@internal@rml@@YAXPEAUBlock@12@@Z 000000018000b460     MemoryAllocator.obj
 0002:00002468       $unwind$?getRawBlock@internal@rml@@YAPEAUBlock@12@XZ 000000018000b468     MemoryAllocator.obj
 0002:00002470       $unwind$??$isAligned@PEAUBlock@internal@rml@@@@YA_NPEAUBlock@internal@rml@@_K@Z 000000018000b470     MemoryAllocator.obj
 0002:00002478       $unwind$??$isAligned@PEAUFreeObject@internal@rml@@@@YA_NPEAUFreeObject@internal@rml@@_K@Z 000000018000b478     MemoryAllocator.obj
 0002:00002480       $unwind$?returnEmptyBlock@internal@rml@@YAXPEAUBlock@12@_N@Z 000000018000b480     MemoryAllocator.obj
 0002:00002488       $unwind$?getActiveBlock@internal@rml@@YAPEAUBlock@12@PEAUBin@12@@Z 000000018000b488     MemoryAllocator.obj
 0002:00002490       $unwind$?setActiveBlock@internal@rml@@YAXPEAUBin@12@PEAUBlock@12@@Z 000000018000b490     MemoryAllocator.obj
 0002:00002498       $unwind$?setPreviousBlockActive@internal@rml@@YAPEAUBlock@12@PEAUBin@12@@Z 000000018000b498     MemoryAllocator.obj
 0002:000024a0       $unwind$?initMemoryManager@internal@rml@@YAXXZ 000000018000b4a0     MemoryAllocator.obj
 0002:000024a8       $unwind$?checkInitialization@internal@rml@@YAXXZ 000000018000b4a8     MemoryAllocator.obj
 0002:000024b0       $unwind$?isLargeObject@internal@rml@@YAIPEAX@Z 000000018000b4b0     MemoryAllocator.obj
 0002:000024b8       $unwind$??$isAligned@PEAX@@YA_NPEAX_K@Z 000000018000b4b8     MemoryAllocator.obj
 0002:000024c0       $unwind$?cleanupCacheIfNeed@internal@rml@@YA_KXZ 000000018000b4c0     MemoryAllocator.obj
 0002:000024c8       $unwind$?allocateCachedLargeObject@internal@rml@@YAPEAUCachedObject@12@_K@Z 000000018000b4c8     MemoryAllocator.obj
 0002:000024d0       $unwind$?mallocLargeObject@internal@rml@@YAPEAX_K0_N@Z 000000018000b4d0     MemoryAllocator.obj
 0002:000024d8       $unwind$?freeLargeObjectToCache@internal@rml@@YA_NPEAULargeObjectHeader@12@@Z 000000018000b4d8     MemoryAllocator.obj
 0002:000024e0       $unwind$?freeLargeObject@internal@rml@@YAXPEAX@Z 000000018000b4e0     MemoryAllocator.obj
 0002:000024e8       $unwind$?allocateFromFreeList@internal@rml@@YAPEAUFreeObject@12@PEAUBlock@12@@Z 000000018000b4e8     MemoryAllocator.obj
 0002:000024f0       $unwind$?allocateFromBumpPtr@internal@rml@@YAPEAUFreeObject@12@PEAUBlock@12@@Z 000000018000b4f0     MemoryAllocator.obj
 0002:000024f8       $unwind$?allocateFromBlock@internal@rml@@YAPEAUFreeObject@12@PEAUBlock@12@@Z 000000018000b4f8     MemoryAllocator.obj
 0002:00002500       $unwind$?moveBlockToBinFront@internal@rml@@YAXPEAUBlock@12@@Z 000000018000b500     MemoryAllocator.obj
 0002:00002508       $unwind$?processLessUsedBlock@internal@rml@@YAXPEAUBlock@12@@Z 000000018000b508     MemoryAllocator.obj
 0002:00002510       $unwind$?allocateAligned@internal@rml@@YAPEAX_K0@Z 000000018000b510     MemoryAllocator.obj
 0002:00002518       $unwind$?reallocAligned@internal@rml@@YAPEAXPEAX_K1@Z 000000018000b518     MemoryAllocator.obj
 0002:00002520       $unwind$?isProperlyPlaced@internal@rml@@YA_NPEBXPEBUBlock@12@@Z 000000018000b520     MemoryAllocator.obj
 0002:00002528       $unwind$?findAllocatedObject@internal@rml@@YAPEAUFreeObject@12@PEBXPEBUBlock@12@@Z 000000018000b528     MemoryAllocator.obj
 0002:00002530       $unwind$?safer_dereference@@YA_KPEA_K@Z 000000018000b530     MemoryAllocator.obj
 0002:00002550       $unwind$?filt$0@?0??safer_dereference@@YA_KPEA_K@Z@4HA 000000018000b550     MemoryAllocator.obj
 0002:00002558       $unwind$?isRecognized@@YA_NPEAX@Z 000000018000b558     MemoryAllocator.obj
 0002:00002560       $unwind$scalable_aligned_free 000000018000b560     MemoryAllocator.obj
 0002:00002568       $unwind$?pause@atomic_backoff@internal@tbb@@QEAAXXZ 000000018000b568     MemoryAllocator.obj
 0002:00002570       $unwind$?__TBB_TryLockByte@@YA_NAEAE@Z 000000018000b570     MemoryAllocator.obj
 0002:00002578       $unwind$?__TBB_LockByte@@YA_KAEAE@Z 000000018000b578     MemoryAllocator.obj
 0002:00002580       $unwind$??0scoped_lock@MallocMutex@@QEAA@AEAV1@@Z 000000018000b580     MemoryAllocator.obj
 0002:00002588       $unwind$??1scoped_lock@MallocMutex@@QEAA@XZ 000000018000b588     MemoryAllocator.obj
 0002:00002590       $unwind$?AtomicCompareExchange@@YA_JAEC_J_J1@Z 000000018000b590     MemoryAllocator.obj
 0002:00002598       $unwind$?do_yield@@YAXXZ   000000018000b598     MemoryAllocator.obj
 0002:000025a0       $unwind$??0LifoQueue@internal@rml@@QEAA@XZ 000000018000b5a0     MemoryAllocator.obj
 0002:000025a8       $unwind$?push@LifoQueue@internal@rml@@QEAAXPEAPEAX@Z 000000018000b5a8     MemoryAllocator.obj
 0002:000025b0       $unwind$?pop@LifoQueue@internal@rml@@QEAAPEAXXZ 000000018000b5b0     MemoryAllocator.obj
 0002:000025b8       $unwind$??__EfreeBlockList@internal@rml@@YAXXZ 000000018000b5b8     MemoryAllocator.obj
 0002:000025c0       $unwind$?push@CachedObjectsList@internal@rml@@QEAAXPEAX_N_K@Z 000000018000b5c0     MemoryAllocator.obj
 0002:000025c8       $unwind$?pop@CachedObjectsList@internal@rml@@QEAAPEAUCachedObject@23@_K@Z 000000018000b5c8     MemoryAllocator.obj
 0002:000025d0       $unwind$?isSolidPtr@internal@rml@@YA_NPEAX@Z 000000018000b5d0     MemoryAllocator.obj
 0002:000025d8       $unwind$?isNotForUse@internal@rml@@YA_NPEAX@Z 000000018000b5d8     MemoryAllocator.obj
 0002:000025e0       $unwind$?itt_set_sync_name_v3@internal@tbb@@YAXPEAXPEB_W@Z 000000018000b5e0     tbbmalloc.obj
 0002:000025e8       $unwind$?init_tbbmalloc@internal@rml@@YAXXZ 000000018000b5e8     tbbmalloc.obj
 0002:000025f0       $unwind$?InitializeITT@internal@tbb@@YA_NXZ 000000018000b5f0     tbbmalloc.obj
 0002:000025f8       $unwind$?itt_store_pointer_with_release_v3@internal@tbb@@YAXPEAX0@Z 000000018000b5f8     tbbmalloc.obj
 0002:00002600       $unwind$?itt_load_pointer_with_acquire_v3@internal@tbb@@YAPEAXPEBX@Z 000000018000b600     tbbmalloc.obj
 0002:00002608       $unwind$?itt_load_pointer_v3@internal@tbb@@YAPEAXPEBX@Z 000000018000b608     tbbmalloc.obj
 0002:00002610       $unwind$?MallocInitializeITT@internal@rml@@YAXXZ 000000018000b610     tbbmalloc.obj
 0002:00002618       $unwind$DllMain            000000018000b618     tbbmalloc.obj
 0002:00002620       $unwind$??$__TBB_load_with_acquire@PEAX@@YAPEAXAEDSEAX@Z 000000018000b620     tbbmalloc.obj
 0002:00002628       $unwind$?dynamic_link@internal@tbb@@YA_NPEBDQEBUdynamic_link_descriptor@12@_K2PEAPEAUHINSTANCE__@@@Z 000000018000b628     dynamic_link.obj
 0002:00002630       $unwind$?dynamic_unlink@internal@tbb@@YAXPEAUHINSTANCE__@@@Z 000000018000b630     dynamic_link.obj
 0002:00002638       $unwind$?dynamic_link@internal@tbb@@YA_NPEAXQEBUdynamic_link_descriptor@12@_K2@Z 000000018000b638     dynamic_link.obj
 0002:0000264c       $unwind$__TBB_load_ittnotify 000000018000b64c     itt_notify_proxy.obj
 0002:00002654       $unwind$__itt_set_error_handler 000000018000b654     itt_notify_proxy.obj
 0002:0000265c       $unwind$__itt_init_lib     000000018000b65c     itt_notify_proxy.obj
 0002:00002664       $unwind$__itt_pause_init   000000018000b664     itt_notify_proxy.obj
 0002:0000266c       $unwind$__itt_resume_init  000000018000b66c     itt_notify_proxy.obj
 0002:00002674       $unwind$__itt_markA_init   000000018000b674     itt_notify_proxy.obj
 0002:0000267c       $unwind$__itt_markW_init   000000018000b67c     itt_notify_proxy.obj
 0002:00002684       $unwind$__itt_mark_globalA_init 000000018000b684     itt_notify_proxy.obj
 0002:0000268c       $unwind$__itt_mark_globalW_init 000000018000b68c     itt_notify_proxy.obj
 0002:00002694       $unwind$__itt_thread_set_nameA_init 000000018000b694     itt_notify_proxy.obj
 0002:0000269c       $unwind$__itt_thread_set_nameW_init 000000018000b69c     itt_notify_proxy.obj
 0002:000026a4       $unwind$__itt_sync_createA_init 000000018000b6a4     itt_notify_proxy.obj
 0002:000026ac       $unwind$__itt_sync_createW_init 000000018000b6ac     itt_notify_proxy.obj
 0002:000026b4       $unwind$__itt_sync_renameA_init 000000018000b6b4     itt_notify_proxy.obj
 0002:000026bc       $unwind$__itt_sync_renameW_init 000000018000b6bc     itt_notify_proxy.obj
 0002:000026c4       $unwind$__itt_sync_destroy_init 000000018000b6c4     itt_notify_proxy.obj
 0002:000026cc       $unwind$__itt_mark_off_init 000000018000b6cc     itt_notify_proxy.obj
 0002:000026d4       $unwind$__itt_mark_global_off_init 000000018000b6d4     itt_notify_proxy.obj
 0002:000026dc       $unwind$__itt_thread_ignore_init 000000018000b6dc     itt_notify_proxy.obj
 0002:000026e4       $unwind$__itt_sync_prepare_init 000000018000b6e4     itt_notify_proxy.obj
 0002:000026ec       $unwind$__itt_sync_cancel_init 000000018000b6ec     itt_notify_proxy.obj
 0002:000026f4       $unwind$__itt_sync_acquired_init 000000018000b6f4     itt_notify_proxy.obj
 0002:000026fc       $unwind$__itt_sync_releasing_init 000000018000b6fc     itt_notify_proxy.obj
 0002:00002704       $unwind$__itt_sync_released_init 000000018000b704     itt_notify_proxy.obj
 0002:0000270c       $unwind$__itt_memory_read_init 000000018000b70c     itt_notify_proxy.obj
 0002:00002714       $unwind$__itt_memory_write_init 000000018000b714     itt_notify_proxy.obj
 0002:0000271c       $unwind$__itt_memory_update_init 000000018000b71c     itt_notify_proxy.obj
 0002:00002724       $unwind$__itt_jit_notify_event_init 000000018000b724     itt_notify_proxy.obj
 0002:0000272c       $unwind$__itt_mark_createA_init 000000018000b72c     itt_notify_proxy.obj
 0002:00002734       $unwind$__itt_mark_createW_init 000000018000b734     itt_notify_proxy.obj
 0002:0000273c       $unwind$__itt_fsync_prepare_init 000000018000b73c     itt_notify_proxy.obj
 0002:00002744       $unwind$__itt_fsync_cancel_init 000000018000b744     itt_notify_proxy.obj
 0002:0000274c       $unwind$__itt_fsync_acquired_init 000000018000b74c     itt_notify_proxy.obj
 0002:00002754       $unwind$__itt_fsync_releasing_init 000000018000b754     itt_notify_proxy.obj
 0002:0000275c       $unwind$__itt_fsync_released_init 000000018000b75c     itt_notify_proxy.obj
 0002:00002764       $unwind$__itt_notify_sync_prepare_init 000000018000b764     itt_notify_proxy.obj
[...]
 0004:0000003c       $pdata$scalable_realloc    000000018001c03c     MemoryAllocator.obj
 0004:00000048       $pdata$scalable_aligned_malloc 000000018001c048     MemoryAllocator.obj
 0004:00000054       $pdata$scalable_aligned_realloc 000000018001c054     MemoryAllocator.obj
 0004:00000060       $pdata$scalable_posix_memalign 000000018001c060     MemoryAllocator.obj
 0004:0000006c       $pdata$scalable_msize      000000018001c06c     MemoryAllocator.obj
 0004:00000078       $pdata$safer_scalable_free 000000018001c078     MemoryAllocator.obj
 0004:00000084       $pdata$safer_scalable_realloc 000000018001c084     MemoryAllocator.obj
 0004:00000090       $pdata$safer_scalable_aligned_realloc 000000018001c090     MemoryAllocator.obj
 0004:0000009c       $pdata$safer_scalable_msize 000000018001c09c     MemoryAllocator.obj
 0004:000000a8       $pdata$?isPowerOfTwo@@YA_N_K@Z 000000018001c0a8     MemoryAllocator.obj
 0004:000000b4       $pdata$?isPowerOfTwoMultiple@@YA_N_K0@Z 000000018001c0b4     MemoryAllocator.obj
 0004:000000c0       $pdata$?getThreadId@internal@rml@@YA_JXZ 000000018001c0c0     MemoryAllocator.obj
 0004:000000cc       $pdata$?getThreadMallocTLS@internal@rml@@YAPEAXXZ 000000018001c0cc     MemoryAllocator.obj
 0004:000000d8       $pdata$?setThreadMallocTLS@internal@rml@@YAXPEAX@Z 000000018001c0d8     MemoryAllocator.obj
 0004:000000e4       $pdata$?releaseLastIfOld@CachedObjectsList@internal@rml@@QEAAX_K0@Z 000000018001c0e4     MemoryAllocator.obj
 0004:000000f0       $pdata$?MapMemory@internal@rml@@YAPEAX_K@Z 000000018001c0f0     MemoryAllocator.obj
 0004:000000fc       $pdata$?UnmapMemory@internal@rml@@YAHPEAX_K@Z 000000018001c0fc     MemoryAllocator.obj
 0004:00000108       $pdata$?getRawMemory@internal@rml@@YAPEAX_K_N@Z 000000018001c108     MemoryAllocator.obj
 0004:00000114       $pdata$?freeRawMemory@internal@rml@@YAXPEAX_K_N@Z 000000018001c114     MemoryAllocator.obj
 0004:00000120       $pdata$?highestBitPos@internal@rml@@YAII@Z 000000018001c120     MemoryAllocator.obj
 0004:0000012c       $pdata$?getIndex@internal@rml@@YAII@Z 000000018001c12c     MemoryAllocator.obj
 0004:00000138       $pdata$??$getIndexOrObjectSize@$00@internal@rml@@YAII@Z 000000018001c138     MemoryAllocator.obj
 0004:00000144       $pdata$?getObjectSize@internal@rml@@YAII@Z 000000018001c144     MemoryAllocator.obj
 0004:00000150       $pdata$??$getIndexOrObjectSize@$0A@@internal@rml@@YAII@Z 000000018001c150     MemoryAllocator.obj
 0004:0000015c       $pdata$?alignBigBlock@internal@rml@@YAPEAXPEAX@Z 000000018001c15c     MemoryAllocator.obj
 0004:00000168       $pdata$?mallocBigBlock@internal@rml@@YAHXZ 000000018001c168     MemoryAllocator.obj
 0004:00000174       $pdata$?initEmptyBlock@internal@rml@@YAXPEAUBlock@12@_K@Z 000000018001c174     MemoryAllocator.obj
 0004:00000180       $pdata$?getEmptyBlock@internal@rml@@YAPEAUBlock@12@_K@Z 000000018001c180     MemoryAllocator.obj
 0004:0000018c       $pdata$?bootStrapMalloc@internal@rml@@YAPEAX_K@Z 000000018001c18c     MemoryAllocator.obj
 0004:00000198       $pdata$?bootStrapFree@internal@rml@@YAXPEAX@Z 000000018001c198     MemoryAllocator.obj
 0004:000001a4       $pdata$?pushTLSBin@internal@rml@@YAXPEAUBin@12@PEAUBlock@12@@Z 000000018001c1a4     MemoryAllocator.obj
 0004:000001b0       $pdata$?outofTLSBin@internal@rml@@YAXPEAUBin@12@PEAUBlock@12@@Z 000000018001c1b0     MemoryAllocator.obj
 0004:000001bc       $pdata$?getAllocationBin@internal@rml@@YAPEAUBin@12@_K@Z 000000018001c1bc     MemoryAllocator.obj
 0004:000001c8       $pdata$?emptyEnoughToUse@internal@rml@@YAIPEAUBlock@12@@Z 000000018001c1c8     MemoryAllocator.obj
 0004:000001d4       $pdata$?restoreBumpPtr@internal@rml@@YAXPEAUBlock@12@@Z 000000018001c1d4     MemoryAllocator.obj
 0004:000001e0       $pdata$?freePublicObject@internal@rml@@YAXPEAUBlock@12@PEAUFreeObject@12@@Z 000000018001c1e0     MemoryAllocator.obj
 0004:000001ec       $pdata$?privatizePublicFreeList@internal@rml@@YAXPEAUBlock@12@@Z 000000018001c1ec     MemoryAllocator.obj
 0004:000001f8       $pdata$?getPublicFreeListBlock@internal@rml@@YAPEAUBlock@12@PEAUBin@12@@Z 000000018001c1f8     MemoryAllocator.obj
 0004:00000204       $pdata$?getPartialBlock@internal@rml@@YAPEAUBlock@12@PEAUBin@12@I@Z 000000018001c204     MemoryAllocator.obj
 0004:00000210       $pdata$?returnPartialBlock@internal@rml@@YAXPEAUBin@12@PEAUBlock@12@@Z 000000018001c210     MemoryAllocator.obj
 0004:0000021c       $pdata$?cleanBlockHeader@internal@rml@@YAXPEAUBlock@12@@Z 000000018001c21c     MemoryAllocator.obj
 0004:00000228       $pdata$?getRawBlock@internal@rml@@YAPEAUBlock@12@XZ 000000018001c228     MemoryAllocator.obj
 0004:00000234       $pdata$??$isAligned@PEAUBlock@internal@rml@@@@YA_NPEAUBlock@internal@rml@@_K@Z 000000018001c234     MemoryAllocator.obj
 0004:00000240       $pdata$??$isAligned@PEAUFreeObject@internal@rml@@@@YA_NPEAUFreeObject@internal@rml@@_K@Z 000000018001c240     MemoryAllocator.obj
 0004:0000024c       $pdata$?returnEmptyBlock@internal@rml@@YAXPEAUBlock@12@_N@Z 000000018001c24c     MemoryAllocator.obj
 0004:00000258       $pdata$?getActiveBlock@internal@rml@@YAPEAUBlock@12@PEAUBin@12@@Z 000000018001c258     MemoryAllocator.obj
 0004:00000264       $pdata$?setActiveBlock@internal@rml@@YAXPEAUBin@12@PEAUBlock@12@@Z 000000018001c264     MemoryAllocator.obj
 0004:00000270       $pdata$?setPreviousBlockActive@internal@rml@@YAPEAUBlock@12@PEAUBin@12@@Z 000000018001c270     MemoryAllocator.obj
 0004:0000027c       $pdata$?initMemoryManager@internal@rml@@YAXXZ 000000018001c27c     MemoryAllocator.obj
 0004:00000288       $pdata$?checkInitialization@internal@rml@@YAXXZ 000000018001c288     MemoryAllocator.obj
 0004:00000294       $pdata$?isLargeObject@internal@rml@@YAIPEAX@Z 000000018001c294     MemoryAllocator.obj
 0004:000002a0       $pdata$??$isAligned@PEAX@@YA_NPEAX_K@Z 000000018001c2a0     MemoryAllocator.obj
 0004:000002ac       $pdata$?cleanupCacheIfNeed@internal@rml@@YA_KXZ 000000018001c2ac     MemoryAllocator.obj
 0004:000002b8       $pdata$?allocateCachedLargeObject@internal@rml@@YAPEAUCachedObject@12@_K@Z 000000018001c2b8     MemoryAllocator.obj
 0004:000002c4       $pdata$?mallocLargeObject@internal@rml@@YAPEAX_K0_N@Z 000000018001c2c4     MemoryAllocator.obj
 0004:000002d0       $pdata$?freeLargeObjectToCache@internal@rml@@YA_NPEAULargeObjectHeader@12@@Z 000000018001c2d0     MemoryAllocator.obj
 0004:000002dc       $pdata$?freeLargeObject@internal@rml@@YAXPEAX@Z 000000018001c2dc     MemoryAllocator.obj
 0004:000002e8       $pdata$?allocateFromFreeList@internal@rml@@YAPEAUFreeObject@12@PEAUBlock@12@@Z 000000018001c2e8     MemoryAllocator.obj
 0004:000002f4       $pdata$?allocateFromBumpPtr@internal@rml@@YAPEAUFreeObject@12@PEAUBlock@12@@Z 000000018001c2f4     MemoryAllocator.obj
 0004:00000300       $pdata$?allocateFromBlock@internal@rml@@YAPEAUFreeObject@12@PEAUBlock@12@@Z 000000018001c300     MemoryAllocator.obj
 0004:0000030c       $pdata$?moveBlockToBinFront@internal@rml@@YAXPEAUBlock@12@@Z 000000018001c30c     MemoryAllocator.obj
 0004:00000318       $pdata$?processLessUsedBlock@internal@rml@@YAXPEAUBlock@12@@Z 000000018001c318     MemoryAllocator.obj
 0004:00000324       $pdata$?allocateAligned@internal@rml@@YAPEAX_K0@Z 000000018001c324     MemoryAllocator.obj
 0004:00000330       $pdata$?reallocAligned@internal@rml@@YAPEAXPEAX_K1@Z 000000018001c330     MemoryAllocator.obj
 0004:0000033c       $pdata$?isProperlyPlaced@internal@rml@@YA_NPEBXPEBUBlock@12@@Z 000000018001c33c     MemoryAllocator.obj
 0004:00000348       $pdata$?findAllocatedObject@internal@rml@@YAPEAUFreeObject@12@PEBXPEBUBlock@12@@Z 000000018001c348     MemoryAllocator.obj
 0004:00000354       $pdata$?safer_dereference@@YA_KPEA_K@Z 000000018001c354     MemoryAllocator.obj
 0004:00000360       $pdata$?isRecognized@@YA_NPEAX@Z 000000018001c360     MemoryAllocator.obj
 0004:0000036c       $pdata$scalable_aligned_free 000000018001c36c     MemoryAllocator.obj
 0004:00000378       $pdata$??0LifoQueue@internal@rml@@QEAA@XZ 000000018001c378     MemoryAllocator.obj
 0004:00000384       $pdata$??0scoped_lock@MallocMutex@@QEAA@AEAV1@@Z 000000018001c384     MemoryAllocator.obj
 0004:00000390       $pdata$??1scoped_lock@MallocMutex@@QEAA@XZ 000000018001c390     MemoryAllocator.obj
 0004:0000039c       $pdata$?AtomicCompareExchange@@YA_JAEC_J_J1@Z 000000018001c39c     MemoryAllocator.obj
 0004:000003a8       $pdata$?__TBB_LockByte@@YA_KAEAE@Z 000000018001c3a8     MemoryAllocator.obj
 0004:000003b4       $pdata$?__TBB_TryLockByte@@YA_NAEAE@Z 000000018001c3b4     MemoryAllocator.obj
 0004:000003c0       $pdata$?do_yield@@YAXXZ    000000018001c3c0     MemoryAllocator.obj
 0004:000003cc       $pdata$?isNotForUse@internal@rml@@YA_NPEAX@Z 000000018001c3cc     MemoryAllocator.obj
 0004:000003d8       $pdata$?isSolidPtr@internal@rml@@YA_NPEAX@Z 000000018001c3d8     MemoryAllocator.obj
 0004:000003e4       $pdata$?pause@atomic_backoff@internal@tbb@@QEAAXXZ 000000018001c3e4     MemoryAllocator.obj
 0004:000003f0       $pdata$?pop@CachedObjectsList@internal@rml@@QEAAPEAUCachedObject@23@_K@Z 000000018001c3f0     MemoryAllocator.obj
 0004:000003fc       $pdata$?pop@LifoQueue@internal@rml@@QEAAPEAXXZ 000000018001c3fc     MemoryAllocator.obj
 0004:00000408       $pdata$?push@CachedObjectsList@internal@rml@@QEAAXPEAX_N_K@Z 000000018001c408     MemoryAllocator.obj
 0004:00000414       $pdata$?push@LifoQueue@internal@rml@@QEAAXPEAPEAX@Z 000000018001c414     MemoryAllocator.obj
 0004:00000420       $pdata$?itt_set_sync_name_v3@internal@tbb@@YAXPEAXPEB_W@Z 000000018001c420     tbbmalloc.obj
 0004:0000042c       $pdata$?init_tbbmalloc@internal@rml@@YAXXZ 000000018001c42c     tbbmalloc.obj
 0004:00000438       $pdata$?InitializeITT@internal@tbb@@YA_NXZ 000000018001c438     tbbmalloc.obj
 0004:00000444       $pdata$?itt_store_pointer_with_release_v3@internal@tbb@@YAXPEAX0@Z 000000018001c444     tbbmalloc.obj
 0004:00000450       $pdata$?itt_load_pointer_with_acquire_v3@internal@tbb@@YAPEAXPEBX@Z 000000018001c450     tbbmalloc.obj
 0004:0000045c       $pdata$?itt_load_pointer_v3@internal@tbb@@YAPEAXPEBX@Z 000000018001c45c     tbbmalloc.obj
 0004:00000468       $pdata$?MallocInitializeITT@internal@rml@@YAXXZ 000000018001c468     tbbmalloc.obj
 0004:00000474       $pdata$DllMain             000000018001c474     tbbmalloc.obj
 0004:00000480       $pdata$??$__TBB_load_with_acquire@PEAX@@YAPEAXAEDSEAX@Z 000000018001c480     tbbmalloc.obj
 0004:0000048c       $pdata$?dynamic_link@internal@tbb@@YA_NPEBDQEBUdynamic_link_descriptor@12@_K2PEAPEAUHINSTANCE__@@@Z 000000018001c48c     dynamic_link.obj
 0004:00000498       $pdata$?dynamic_unlink@internal@tbb@@YAXPEAUHINSTANCE__@@@Z 000000018001c498     dynamic_link.obj
 0004:000004a4       $pdata$?dynamic_link@internal@tbb@@YA_NPEAXQEBUdynamic_link_descriptor@12@_K2@Z 000000018001c4a4     dynamic_link.obj
 0004:000004b0       $pdata$__TBB_load_ittnotify 000000018001c4b0     itt_notify_proxy.obj
 0004:000004bc       $pdata$__itt_set_error_handler 000000018001c4bc     itt_notify_proxy.obj
 0004:000004c8       $pdata$__itt_init_lib      000000018001c4c8     itt_notify_proxy.obj
 0004:000004d4       $pdata$__itt_pause_init    000000018001c4d4     itt_notify_proxy.obj
 0004:000004e0       $pdata$__itt_resume_init   000000018001c4e0     itt_notify_proxy.obj
 0004:000004ec       $pdata$__itt_markA_init    000000018001c4ec     itt_notify_proxy.obj
 0004:000004f8       $pdata$__itt_markW_init    000000018001c4f8     itt_notify_proxy.obj
 0004:00000504       $pdata$__itt_mark_globalA_init 000000018001c504     itt_notify_proxy.obj
 0004:00000510       $pdata$__itt_mark_globalW_init 000000018001c510     itt_notify_proxy.obj
 0004:0000051c       $pdata$__itt_thread_set_nameA_init 000000018001c51c     itt_notify_proxy.obj
 0004:00000528       $pdata$__itt_thread_set_nameW_init 000000018001c528     itt_notify_proxy.obj
 0004:00000534       $pdata$__itt_sync_createA_init 000000018001c534     itt_notify_proxy.obj
 0004:00000540       $pdata$__itt_sync_createW_init 000000018001c540     itt_notify_proxy.obj
 0004:0000054c       $pdata$__itt_sync_renameA_init 000000018001c54c     itt_notify_proxy.obj
 0004:00000558       $pdata$__itt_sync_renameW_init 000000018001c558     itt_notify_proxy.obj
 0004:00000564       $pdata$__itt_sync_destroy_init 000000018001c564     itt_notify_proxy.obj
 0004:00000570       $pdata$__itt_mark_off_init 000000018001c570     itt_notify_proxy.obj
 0004:0000057c       $pdata$__itt_mark_global_off_init 000000018001c57c     itt_notify_proxy.obj
 0004:00000588       $pdata$__itt_thread_ignore_init 000000018001c588     itt_notify_proxy.obj
 0004:00000594       $pdata$__itt_sync_prepare_init 000000018001c594     itt_notify_proxy.obj
 0004:000005a0       $pdata$__itt_sync_cancel_init 000000018001c5a0     itt_notify_proxy.obj
 0004:000005ac       $pdata$__itt_sync_acquired_init 000000018001c5ac     itt_notify_proxy.obj
 0004:000005b8       $pdata$__itt_sync_releasing_init 000000018001c5b8     itt_notify_proxy.obj
 0004:000005c4       $pdata$__itt_sync_released_init 000000018001c5c4     itt_notify_proxy.obj
 0004:000005d0       $pdata$__itt_memory_read_init 000000018001c5d0     itt_notify_proxy.obj
 0004:000005dc       $pdata$__itt_memory_write_init 000000018001c5dc     itt_notify_proxy.obj
 0004:000005e8       $pdata$__itt_memory_update_init 000000018001c5e8     itt_notify_proxy.obj
 0004:000005f4       $pdata$__itt_jit_notify_event_init 000000018001c5f4     itt_notify_proxy.obj
 0004:00000600       $pdata$__itt_mark_createA_init 000000018001c600     itt_notify_proxy.obj
 0004:0000060c       $pdata$__itt_mark_createW_init 000000018001c60c     itt_notify_proxy.obj
 0004:00000618       $pdata$__itt_fsync_prepare_init 000000018001c618     itt_notify_proxy.obj
 0004:00000624       $pdata$__itt_fsync_cancel_init 000000018001c624     itt_notify_proxy.obj
 0004:00000630       $pdata$__itt_fsync_acquired_init 000000018001c630     itt_notify_proxy.obj
 0004:0000063c       $pdata$__itt_fsync_releasing_init 000000018001c63c     itt_notify_proxy.obj
 0004:00000648       $pdata$__itt_fsync_released_init 000000018001c648     itt_notify_proxy.obj
 0004:00000654       $pdata$__itt_notify_sync_prepare_init 000000018001c654     itt_notify_proxy.obj
 0004:00000660       $pdata$__itt_notify_sync_cancel_init 000000018001c660     itt_notify_proxy.obj
 0004:0000066c       $pdata$__itt_notify_sync_acquired_init 000000018001c66c     itt_notify_proxy.obj
 0004:00000678       $pdata$__itt_notify_sync_releasing_init 000000018001c678     itt_notify_proxy.obj
 0004:00000684       $pdata$__itt_notify_cpath_target_init 000000018001c684     itt_notify_proxy.obj
 0004:00000690       $pdata$__itt_sync_set_nameA_init 000000018001c690     itt_notify_proxy.obj
 0004:0000069c       $pdata$__itt_sync_set_nameW_init 000000018001c69c     itt_notify_proxy.obj
 0004:000006a8       $pdata$__itt_thr_name_setA_init 000000018001c6a8     itt_notify_proxy.obj
 0004:000006b4       $pdata$__itt_thr_name_setW_init 000000018001c6b4     itt_notify_proxy.obj
 0004:000006c0       $pdata$__itt_event_createA_init 000000018001c6c0     itt_notify_proxy.obj
 0004:000006cc       $pdata$__itt_event_createW_init 000000018001c6cc     itt_notify_proxy.obj
 0004:000006d8       $pdata$__itt_thr_ignore_init 000000018001c6d8     itt_notify_proxy.obj
 0004:000006e4       $pdata$__itt_event_start_init 000000018001c6e4     itt_notify_proxy.obj
 0004:000006f0       $pdata$__itt_event_end_init 000000018001c6f0     itt_notify_proxy.obj
 0004:000006fc       $pdata$__itt_state_get_init 000000018001c6fc     itt_notify_proxy.obj
 0004:00000708       $pdata$__itt_state_set_init 000000018001c708     itt_notify_proxy.obj
 0004:00000714       $pdata$__itt_obj_mode_set_init 000000018001c714     itt_notify_proxy.obj
 0004:00000720       $pdata$__itt_thr_mode_set_init 000000018001c720     itt_notify_proxy.obj
 0004:0000072c       $pdata$__itt_api_version_init 000000018001c72c     itt_notify_proxy.obj
 0004:00000738       $pdata$__itt_jit_get_new_method_id_init 000000018001c738     itt_notify_proxy.obj
 0004:00000744       $pdata$__itt_fstrcmp       000000018001c744     itt_notify_proxy.obj
 0004:00000750       $pdata$__itt_fsplit        000000018001c750     itt_notify_proxy.obj
 0004:0000075c       $pdata$__itt_fstrcpyn      000000018001c75c     itt_notify_proxy.obj
 0004:00000768       $pdata$__itt_report_error  000000018001c768     itt_notify_proxy.obj
 0004:00000774       $pdata$__itt_get_env_var   000000018001c774     itt_notify_proxy.obj
 0004:00000780       $pdata$__itt_get_lib_name  000000018001c780     itt_notify_proxy.obj
 0004:0000078c       $pdata$__itt_get_groups    000000018001c78c     itt_notify_proxy.obj
 0004:00000798       $pdata$?set_assertion_handler@tbb@@YAP6AXPEBDH00@ZP6AX0H00@Z@Z 000000018001c798     tbb_misc.obj
 0004:000007a4       $pdata$?assertion_failure@tbb@@YAXPEBDH00@Z 000000018001c7a4     tbb_misc.obj
 0004:000007b0       $pdata$?runtime_warning@internal@tbb@@YAXPEBDZZ 000000018001c7b0     tbb_misc.obj
 0004:000007bc       $pdata$?GetBoolEnvironmentVariable@internal@tbb@@YA_NPEBD@Z 000000018001c7bc     tbb_misc.obj
 0004:000007c8       $pdata$?PrintVersion@internal@tbb@@YAXXZ 000000018001c7c8     tbb_misc.obj
 0004:000007d4       $pdata$?PrintExtraVersionInfo@internal@tbb@@YAXPEBD0@Z 000000018001c7d4     tbb_misc.obj
 0004:000007e0       $pdata$?PrintRMLVersionInfo@internal@tbb@@YAXPEAXPEBD@Z 000000018001c7e0     tbb_misc.obj
 0004:000007ec       $pdata$__GSHandlerCheck    000000018001c7ec     MSVCRTD:gshandler.obj
 0004:000007f8       $pdata$__GSHandlerCheckCommon 000000018001c7f8     MSVCRTD:gshandler.obj
 0004:0000081c       $pdata$__raise_securityfailure 000000018001c81c     MSVCRTD:gs_report.obj
 0004:00000828       $pdata$__report_gsfailure  000000018001c828     MSVCRTD:gs_report.obj
 0004:00000834       $pdata$__report_rangecheckfailure 000000018001c834     MSVCRTD:gs_report.obj
 0004:00000840       $pdata$__report_securityfailure 000000018001c840     MSVCRTD:gs_report.obj
 0004:0000084c       $pdata$__report_securityfailureEx 000000018001c84c     MSVCRTD:gs_report.obj
 0004:00000858       $pdata$pre_c_init          000000018001c858     MSVCRTD:crtdll.obj
 0004:00000864       $pdata$_CRT_INIT           000000018001c864     MSVCRTD:crtdll.obj
 0004:00000870       $pdata$_DllMainCRTStartup  000000018001c870     MSVCRTD:crtdll.obj
 0004:0000087c       $pdata$__DllMainCRTStartup 000000018001c87c     MSVCRTD:crtdll.obj
 0004:00000888       $pdata$_FindPESection      000000018001c888     MSVCRTD:pesect.obj
 0004:00000894       $pdata$_IsNonwritableInCurrentImage 000000018001c894     MSVCRTD:pesect.obj
 0004:000008a0       $pdata$_ValidateImageBase  000000018001c8a0     MSVCRTD:pesect.obj
 0004:000008ac       $pdata$__atonexitinit      000000018001c8ac     MSVCRTD:atonexit.obj
 0004:000008b8       $pdata$_onexit             000000018001c8b8     MSVCRTD:atonexit.obj
 0004:000008c4       $pdata$atexit              000000018001c8c4     MSVCRTD:atonexit.obj
 0004:000008d0       $pdata$__security_init_cookie 000000018001c8d0     MSVCRTD:gs_support.obj
 0004:000008dc       $pdata$_RTC_Initialize     000000018001c8dc     MSVCRTD:initsect.obj
 0004:000008e8       $pdata$_RTC_Terminate      000000018001c8e8     MSVCRTD:initsect.obj
 0004:000008f4       $pdata$__clean_type_info_names 000000018001c8f4     MSVCRTD:tncleanup.obj
 0004:00000900       $pdata$?filt$0@?0??safer_dereference@@YA_KPEA_K@Z@4HA 000000018001c900     MemoryAllocator.obj
 0004:0000090c       $pdata$__DllMainCRTStartup$filt$0 000000018001c90c     MSVCRTD:crtdll.obj
 0004:00000918       $pdata$__DllMainCRTStartup$fin$1 000000018001c918     MSVCRTD:crtdll.obj
 0004:00000924       $pdata$_IsNonwritableInCurrentImage$filt$0 000000018001c924     MSVCRTD:pesect.obj
 0004:00000930       $pdata$_onexit$fin$0       000000018001c930     MSVCRTD:atonexit.obj
 0005:00000060       $R000000                   000000018001d060     * linker generated manifest res *
